<html>
<body>
<pre>
<h1>�Vision Build Log</h1>
<h2>Tool Versions:</h2>
IDE-Version: ��Vision V5.30.0.0
Copyright (C) 2020 ARM Ltd and ARM Germany GmbH. All rights reserved.
License Information: WD SN, DA, LIC=V85FJ-UZ6XR-246SS-LG87A-K5DIC-A1TJL
 
Tool Versions:
Toolchain:       MDK-ARM Professional  Version: 5.30.0.0
Toolchain Path:  E:\MDK\ARM\ARMCC\Bin
C Compiler:      Armcc.exe V5.06 update 6 (build 750)
Assembler:       Armasm.exe V5.06 update 6 (build 750)
Linker/Locator:  ArmLink.exe V5.06 update 6 (build 750)
Library Manager: ArmAr.exe V5.06 update 6 (build 750)
Hex Converter:   FromElf.exe V5.06 update 6 (build 750)
CPU DLL:         SARMCM3.DLL V5.30.0.0
Dialog DLL:      DCM.DLL V1.17.3.0
Target DLL:      STLink\ST-LINKIII-KEIL_SWO.dll V3.0.7.0
Dialog DLL:      TCM.DLL V1.42.0.0
 
<h2>Project:</h2>
D:\TABLE\git_test\shop\shop\MB+NB+RTC 3.70\MDK-ARM\MB+NB+RTC.uvprojx
Project File Date:  01/05/2024

<h2>Output:</h2>
*** Using Compiler 'V5.06 update 6 (build 750)', folder: 'E:\MDK\ARM\ARMCC\Bin'
Build target 'MB+NB+RTC'
compiling cJSON.c...
compiling sys.c...
compiling modbus.c...
compiling w25qxx.c...
compiling mbcrc.c...
..\Core\Src\mbcrc.c(117): warning:  #1-D: last line of file ends without a newline
  } 
..\Core\Src\mbcrc.c: 1 warning, 0 errors
compiling cJSON_Process.c...
compiling adxl345.c...
..\Core\Src\adxl345.c(168): warning:  #1035-D: single-precision operand implicitly converted to double-precision
  	return res*180/3.14;
..\Core\Src\adxl345.c(184): warning:  #188-D: enumerated type mixed with another type
  	return 0;
..\Core\Src\adxl345.c(192): warning:  #188-D: enumerated type mixed with another type
  	return 0;	
..\Core\Src\adxl345.c: 3 warnings, 0 errors
compiling Edit.c...
..\Core\Src\Edit.c(513): warning:  #1035-D: single-precision operand implicitly converted to double-precision
  	seekconfig.Volt=(((GET_Voltage_value(ADC_Value)*5.3)+0.73)*1.063918538+0.018723337);//电量信息传递给报文数据结构
..\Core\Src\Edit.c(534): warning:  #940-D: missing return statement at end of non-void function "seekConfig" 
  }
..\Core\Src\Edit.c: 2 warnings, 0 errors
compiling EC20.c...
..\Core\Src\EC20.c(248): warning:  #177-D: variable "ipbuff"  was declared but never referenced
  	char ipbuff[36];//ip和端口缓�?
..\Core\Src\EC20.c(249): warning:  #177-D: variable "portbuff"  was declared but never referenced
  	char portbuff[4];//ip和端口缓�?
..\Core\Src\EC20.c(349): warning:  #177-D: variable "p2"  was declared but never referenced
  	char* p2;
..\Core\Src\EC20.c: 3 warnings, 0 errors
compiling delay.c...
compiling NBiot.c...
..\Core\Src\NBiot.c(302): warning:  #177-D: variable "ipbuff"  was declared but never referenced
  	char ipbuff[36];//ip和端口缓�?
..\Core\Src\NBiot.c(303): warning:  #177-D: variable "portbuff"  was declared but never referenced
  	char portbuff[4];//ip和端口缓�?
..\Core\Src\NBiot.c(392): warning:  #177-D: variable "p2"  was declared but never referenced
  	char* p2;
..\Core\Src\NBiot.c: 3 warnings, 0 errors
compiling main.c...
compiling gpio.c...
compiling adc.c...
compiling freertos.c...
../Core/Src/freertos.c(227): warning:  #1035-D: single-precision operand implicitly converted to double-precision
  	modbus.epower=(((GET_Voltage_value(ADC_Value)*5.3)+0.73)*1.063918538+0.018723337);//电量信息传递给报文数据结构
../Core/Src/freertos.c(422): warning:  #1035-D: single-precision operand implicitly converted to double-precision
  			modbus.epower=(((GET_Voltage_value(ADC_Value)*5.3)+0.73)*1.063918538+0.018723337);//电量信息传递给报文数据结构
../Core/Src/freertos.c: 2 warnings, 0 errors
compiling iwdg.c...
compiling usart.c...
compiling dma.c...
compiling rtc.c...
../Core/Src/rtc.c(69): warning:  #177-D: variable "sTime"  was declared but never referenced
    RTC_TimeTypeDef sTime = {0};
../Core/Src/rtc.c(70): warning:  #177-D: variable "sDate"  was declared but never referenced
    RTC_DateTypeDef sDate = {0};
../Core/Src/rtc.c: 2 warnings, 0 errors
compiling i2c.c...
compiling tim.c...
compiling stm32f4xx_it.c...
compiling stm32f4xx_hal_msp.c...
compiling spi.c...
compiling stm32f4xx_hal_adc.c...
compiling stm32f4xx_hal_adc_ex.c...
compiling stm32f4xx_hal_rcc.c...
compiling stm32f4xx_hal_rcc_ex.c...
compiling stm32f4xx_hal_flash_ramfunc.c...
compiling stm32f4xx_hal_pwr_ex.c...
compiling stm32f4xx_hal_dma.c...
compiling stm32f4xx_hal_cortex.c...
compiling stm32f4xx_hal_flash.c...
compiling stm32f4xx_hal_dma_ex.c...
compiling stm32f4xx_hal_flash_ex.c...
compiling stm32f4xx_hal_gpio.c...
compiling stm32f4xx_hal_pwr.c...
compiling stm32f4xx_hal_exti.c...
compiling stm32f4xx_hal.c...
compiling stm32f4xx_hal_iwdg.c...
compiling croutine.c...
compiling event_groups.c...
compiling list.c...
compiling queue.c...
compiling stream_buffer.c...
compiling tasks.c...
compiling timers.c...
compiling heap_4.c...
compiling cmsis_os.c...
compiling stm32f4xx_hal_i2c_ex.c...
compiling port.c...
compiling stm32f4xx_hal_rtc.c...
compiling stm32f4xx_hal_i2c.c...
compiling stm32f4xx_hal_spi.c...
compiling stm32f4xx_hal_rtc_ex.c...
compiling system_stm32f4xx.c...
compiling stm32f4xx_hal_tim_ex.c...
compiling stm32f4xx_hal_uart.c...
compiling stm32f4xx_hal_tim.c...
linking...
Program Size: Code=54768 RO-data=2184 RW-data=356 ZI-data=80900  
FromELF: creating hex file...
After Build - User command #1: E:\MDK\ARM\ARMCC\bin\fromelf.exe  --output=Bin\user.bin MB+NB+RTC\MB+NB+RTC.axf
"MB+NB+RTC\MB+NB+RTC.axf" - 0 Error(s), 16 Warning(s).

<h2>Software Packages used:</h2>

Package Vendor: ARM
                http://www.keil.com/pack/ARM.CMSIS.5.7.0.pack
                ARM.CMSIS.5.7.0
                CMSIS (Cortex Microcontroller Software Interface Standard)
   * Component: CORE Version: 5.4.0

Package Vendor: Keil
                http://www.keil.com/pack/Keil.STM32F4xx_DFP.2.14.0.pack
                Keil.STM32F4xx_DFP.2.14.0
                STMicroelectronics STM32F4 Series Device Support, Drivers and Examples

<h2>Collection of Component include folders:</h2>
  .\RTE\_MB_NB_RTC
  E:\MDK\ARM\CMSIS\5.7.0\CMSIS\Core\Include
  E:\MDK\Keil\STM32F4xx_DFP\2.14.0\Drivers\CMSIS\Device\ST\STM32F4xx\Include

<h2>Collection of Component Files used:</h2>

   * Component: ARM::CMSIS:CORE:5.4.0
Build Time Elapsed:  00:01:22
</pre>
</body>
</html>
