Component: ARM Compiler 5.06 update 6 (build 750) Tool: armlink [4d35ed]

==============================================================================

Section Cross References

    startup_stm32f407xx.o(RESET) refers to startup_stm32f407xx.o(STACK) for __initial_sp
    startup_stm32f407xx.o(RESET) refers to startup_stm32f407xx.o(.text) for Reset_Handler
    startup_stm32f407xx.o(RESET) refers to stm32f4xx_it.o(i.NMI_Handler) for NMI_Handler
    startup_stm32f407xx.o(RESET) refers to stm32f4xx_it.o(i.HardFault_Handler) for HardFault_Handler
    startup_stm32f407xx.o(RESET) refers to stm32f4xx_it.o(i.MemManage_Handler) for MemManage_Handler
    startup_stm32f407xx.o(RESET) refers to stm32f4xx_it.o(i.BusFault_Handler) for BusFault_Handler
    startup_stm32f407xx.o(RESET) refers to stm32f4xx_it.o(i.UsageFault_Handler) for UsageFault_Handler
    startup_stm32f407xx.o(RESET) refers to port.o(.emb_text) for SVC_Handler
    startup_stm32f407xx.o(RESET) refers to stm32f4xx_it.o(i.DebugMon_Handler) for DebugMon_Handler
    startup_stm32f407xx.o(RESET) refers to stm32f4xx_it.o(i.SysTick_Handler) for SysTick_Handler
    startup_stm32f407xx.o(RESET) refers to stm32f4xx_it.o(i.RTC_WKUP_IRQHandler) for RTC_WKUP_IRQHandler
    startup_stm32f407xx.o(RESET) refers to stm32f4xx_it.o(i.EXTI4_IRQHandler) for EXTI4_IRQHandler
    startup_stm32f407xx.o(RESET) refers to stm32f4xx_it.o(i.DMA1_Stream5_IRQHandler) for DMA1_Stream5_IRQHandler
    startup_stm32f407xx.o(RESET) refers to stm32f4xx_it.o(i.DMA1_Stream6_IRQHandler) for DMA1_Stream6_IRQHandler
    startup_stm32f407xx.o(RESET) refers to stm32f4xx_it.o(i.TIM4_IRQHandler) for TIM4_IRQHandler
    startup_stm32f407xx.o(RESET) refers to stm32f4xx_it.o(i.USART1_IRQHandler) for USART1_IRQHandler
    startup_stm32f407xx.o(RESET) refers to stm32f4xx_it.o(i.USART2_IRQHandler) for USART2_IRQHandler
    startup_stm32f407xx.o(RESET) refers to stm32f4xx_it.o(i.USART3_IRQHandler) for USART3_IRQHandler
    startup_stm32f407xx.o(RESET) refers to stm32f4xx_it.o(i.RTC_Alarm_IRQHandler) for RTC_Alarm_IRQHandler
    startup_stm32f407xx.o(RESET) refers to stm32f4xx_it.o(i.TIM5_IRQHandler) for TIM5_IRQHandler
    startup_stm32f407xx.o(RESET) refers to stm32f4xx_it.o(i.UART5_IRQHandler) for UART5_IRQHandler
    startup_stm32f407xx.o(RESET) refers to stm32f4xx_it.o(i.DMA2_Stream0_IRQHandler) for DMA2_Stream0_IRQHandler
    startup_stm32f407xx.o(RESET) refers to stm32f4xx_it.o(i.DMA2_Stream1_IRQHandler) for DMA2_Stream1_IRQHandler
    startup_stm32f407xx.o(RESET) refers to stm32f4xx_it.o(i.DMA2_Stream2_IRQHandler) for DMA2_Stream2_IRQHandler
    startup_stm32f407xx.o(RESET) refers to stm32f4xx_it.o(i.DMA2_Stream6_IRQHandler) for DMA2_Stream6_IRQHandler
    startup_stm32f407xx.o(RESET) refers to stm32f4xx_it.o(i.DMA2_Stream7_IRQHandler) for DMA2_Stream7_IRQHandler
    startup_stm32f407xx.o(RESET) refers to stm32f4xx_it.o(i.USART6_IRQHandler) for USART6_IRQHandler
    startup_stm32f407xx.o(.text) refers to system_stm32f4xx.o(i.SystemInit) for SystemInit
    startup_stm32f407xx.o(.text) refers to entry.o(.ARM.Collect$$$$00000000) for __main
    nbiot.o(i.BC260Y_check_cmd) refers to strstr.o(.text) for strstr
    nbiot.o(i.BC260Y_check_cmd) refers to usart.o(.data) for BC260_rec_flag
    nbiot.o(i.BC260Y_check_cmd) refers to usart.o(.bss) for rx2_buffer
    nbiot.o(i.BC260Y_send_cmd) refers to nbiot.o(i.send_to_BC260Y) for send_to_BC260Y
    nbiot.o(i.BC260Y_send_cmd) refers to cmsis_os.o(i.osDelay) for osDelay
    nbiot.o(i.BC260Y_send_cmd) refers to nbiot.o(i.BC260Y_check_cmd) for BC260Y_check_cmd
    nbiot.o(i.BC260Y_send_cmd) refers to printfa.o(i.__0printf) for __2printf
    nbiot.o(i.BC260Y_send_cmd) refers to usart.o(i.clear_BUF) for clear_BUF
    nbiot.o(i.BC260Y_send_cmd) refers to usart.o(.data) for BC260_rec_flag
    nbiot.o(i.BC260Y_send_cmd) refers to usart.o(.bss) for rx2_buffer
    nbiot.o(i.BC260_send_cmd_LOOP) refers to cmsis_os.o(i.osDelay) for osDelay
    nbiot.o(i.BC260_send_cmd_LOOP) refers to printfa.o(i.__0printf) for __2printf
    nbiot.o(i.BC260_send_cmd_LOOP) refers to nbiot.o(i.BC260Y_send_cmd) for BC260Y_send_cmd
    nbiot.o(i.Delete_Spac) refers to memseta.o(.text) for __aeabi_memclr4
    nbiot.o(i.Delete_Spac) refers to strcpy.o(.text) for strcpy
    nbiot.o(i.MQTTMsgPublish2dp) refers to strlen.o(.text) for strlen
    nbiot.o(i.MQTTMsgPublish2dp) refers to heap_4.o(i.pvPortMalloc) for pvPortMalloc
    nbiot.o(i.MQTTMsgPublish2dp) refers to memcpya.o(.text) for __aeabi_memcpy
    nbiot.o(i.MQTTMsgPublish2dp) refers to nbiot.o(i.BC260Y_send_cmd) for BC260Y_send_cmd
    nbiot.o(i.MQTTMsgPublish2dp) refers to usart.o(i.clear_BUF) for clear_BUF
    nbiot.o(i.MQTTMsgPublish2dp) refers to printfa.o(i.__0printf) for __2printf
    nbiot.o(i.MQTTMsgPublish2dp) refers to heap_4.o(i.vPortFree) for vPortFree
    nbiot.o(i.MQTTMsgPublish2dp) refers to usart.o(.bss) for rx2_buffer
    nbiot.o(i.MqttOnenet_Savedata) refers to memcpya.o(.text) for __aeabi_memcpy4
[...]
    strcat                                   0x0804032b   Thumb Code    24  strcat.o(.text)
    strstr                                   0x08040343   Thumb Code    36  strstr.o(.text)
    strncpy                                  0x08040367   Thumb Code    24  strncpy.o(.text)
    strlen                                   0x0804037f   Thumb Code    14  strlen.o(.text)
    strcpy                                   0x0804038d   Thumb Code    18  strcpy.o(.text)
    strtok                                   0x080403a1   Thumb Code    62  strtok.o(.text)
    __0sscanf                                0x080403e5   Thumb Code    48  __0sscanf.o(.text)
    _scanf_int                               0x0804041d   Thumb Code   332  _scanf_int.o(.text)
    _scanf_string                            0x08040569   Thumb Code   224  _scanf_str.o(.text)
    _scanf_real                              0x08040771   Thumb Code     0  scanf_fp.o(.text)
    _scanf_really_real                       0x08040771   Thumb Code   556  scanf_fp.o(.text)
    atoi                                     0x080409a9   Thumb Code    26  atoi.o(.text)
    __aeabi_dadd                             0x080409c3   Thumb Code   322  dadd.o(.text)
    __aeabi_dsub                             0x08040b05   Thumb Code     6  dadd.o(.text)
    __aeabi_drsub                            0x08040b0b   Thumb Code     6  dadd.o(.text)
    __aeabi_dmul                             0x08040b11   Thumb Code   228  dmul.o(.text)
    __aeabi_ddiv                             0x08040bf5   Thumb Code   222  ddiv.o(.text)
    __aeabi_f2d                              0x08040cd3   Thumb Code    38  f2d.o(.text)
    __aeabi_cdrcmple                         0x08040cf9   Thumb Code    48  cdrcmple.o(.text)
    __aeabi_d2f                              0x08040d29   Thumb Code    56  d2f.o(.text)
    __aeabi_uidiv                            0x08040d61   Thumb Code     0  uidiv.o(.text)
    __aeabi_uidivmod                         0x08040d61   Thumb Code    44  uidiv.o(.text)
    __aeabi_llsl                             0x08040d8d   Thumb Code    30  llshl.o(.text)
    _ll_shift_l                              0x08040d8d   Thumb Code     0  llshl.o(.text)
    __aeabi_llsr                             0x08040dab   Thumb Code    32  llushr.o(.text)
    _ll_ushift_r                             0x08040dab   Thumb Code     0  llushr.o(.text)
    __aeabi_lasr                             0x08040dcb   Thumb Code    36  llsshr.o(.text)
    _ll_sshift_r                             0x08040dcb   Thumb Code     0  llsshr.o(.text)
    _chval                                   0x08040def   Thumb Code    28  _chval.o(.text)
    __vfscanf_char                           0x08040e19   Thumb Code    20  scanf_char.o(.text)
    _sgetc                                   0x08040e35   Thumb Code    30  _sgetc.o(.text)
    _sbackspace                              0x08040e53   Thumb Code    34  _sgetc.o(.text)
    __strtod_int                             0x08040eab   Thumb Code    90  strtod.o(.text)
    strtol                                   0x08040f11   Thumb Code   112  strtol.o(.text)
    __I$use$fp                               0x08040f81   Thumb Code     0  iusefp.o(.text)
    _float_round                             0x08040f81   Thumb Code    18  fepilogue.o(.text)
    _float_epilogue                          0x08040f93   Thumb Code    92  fepilogue.o(.text)
    _double_round                            0x08040fef   Thumb Code    30  depilogue.o(.text)
    _double_epilogue                         0x0804100d   Thumb Code   156  depilogue.o(.text)
    __aeabi_ul2d                             0x080410a9   Thumb Code    24  dfltul.o(.text)
    __aeabi_d2ulz                            0x080410c1   Thumb Code    48  dfixul.o(.text)
    __scatterload                            0x080410f1   Thumb Code    28  init.o(.text)
    __scatterload_rt2                        0x080410f1   Thumb Code     0  init.o(.text)
    __rt_ctype_table                         0x08041115   Thumb Code     4  ctype_o.o(.text)
    isspace                                  0x0804111d   Thumb Code    18  isspace_o.o(.text)
    __vfscanf                                0x08041131   Thumb Code   808  _scanf.o(.text)
    _strtoul                                 0x0804145d   Thumb Code   158  _strtoul.o(.text)
    __decompress                             0x080414fb   Thumb Code     0  __dczerorl2.o(.text)
    __decompress1                            0x080414fb   Thumb Code    86  __dczerorl2.o(.text)
    BC260Y_check_cmd                         0x08041759   Thumb Code    28  nbiot.o(i.BC260Y_check_cmd)
    BC260Y_send_cmd                          0x0804177d   Thumb Code   132  nbiot.o(i.BC260Y_send_cmd)
    BC260_send_cmd_LOOP                      0x08041871   Thumb Code    64  nbiot.o(i.BC260_send_cmd_LOOP)
    BigLittleEndianSwap                      0x080418b9   Thumb Code    28  modbus.o(i.BigLittleEndianSwap)
    BusFault_Handler                         0x080418d5   Thumb Code     4  stm32f4xx_it.o(i.BusFault_Handler)
    CRC16_Checkout                           0x080418d9   Thumb Code    52  mbcrc.o(i.CRC16_Checkout)
    DEVICE_Init                              0x0804190d   Thumb Code   230  gpio.o(i.DEVICE_Init)
    DMA1_Stream5_IRQHandler                  0x08041a75   Thumb Code    10  stm32f4xx_it.o(i.DMA1_Stream5_IRQHandler)
    DMA1_Stream6_IRQHandler                  0x08041a85   Thumb Code    10  stm32f4xx_it.o(i.DMA1_Stream6_IRQHandler)
    DMA2_Stream0_IRQHandler                  0x08041a95   Thumb Code    10  stm32f4xx_it.o(i.DMA2_Stream0_IRQHandler)
    DMA2_Stream1_IRQHandler                  0x08041aa5   Thumb Code    10  stm32f4xx_it.o(i.DMA2_Stream1_IRQHandler)
    DMA2_Stream2_IRQHandler                  0x08041ab5   Thumb Code    10  stm32f4xx_it.o(i.DMA2_Stream2_IRQHandler)
    DMA2_Stream6_IRQHandler                  0x08041ac5   Thumb Code    10  stm32f4xx_it.o(i.DMA2_Stream6_IRQHandler)
    DMA2_Stream7_IRQHandler                  0x08041ad5   Thumb Code    10  stm32f4xx_it.o(i.DMA2_Stream7_IRQHandler)
    Date_Report_tcp                          0x08041bf1   Thumb Code  3154  freertos.o(i.Date_Report_tcp)
    DebugMon_Handler                         0x0804289d   Thumb Code     2  stm32f4xx_it.o(i.DebugMon_Handler)
    EC20_check_cmd                           0x080428a1   Thumb Code    28  ec20.o(i.EC20_check_cmd)
    EC20_send_cmd                            0x080428c5   Thumb Code   128  ec20.o(i.EC20_send_cmd)
    EC20_send_cmd_LOOP                       0x080429ad   Thumb Code    64  ec20.o(i.EC20_send_cmd_LOOP)
    EXTI4_IRQHandler                         0x080429f5   Thumb Code    28  stm32f4xx_it.o(i.EXTI4_IRQHandler)
    EndianSwap                               0x08042a19   Thumb Code    40  modbus.o(i.EndianSwap)
    Error_Handler                            0x08042a41   Thumb Code     6  main.o(i.Error_Handler)
    GET_Voltage_value                        0x08042a49   Thumb Code    54  adc.o(i.GET_Voltage_value)
    GPIO_AnalogState_Config                  0x08042a85   Thumb Code   174  rtc.o(i.GPIO_AnalogState_Config)
    HAL_ADC_ConfigChannel                    0x08042b45   Thumb Code   380  stm32f4xx_hal_adc.o(i.HAL_ADC_ConfigChannel)
    HAL_ADC_ConvCpltCallback                 0x08042cd1   Thumb Code     2  stm32f4xx_hal_adc.o(i.HAL_ADC_ConvCpltCallback)
    HAL_ADC_ConvHalfCpltCallback             0x08042cd3   Thumb Code     2  stm32f4xx_hal_adc.o(i.HAL_ADC_ConvHalfCpltCallback)
    HAL_ADC_ErrorCallback                    0x08042cd5   Thumb Code     2  stm32f4xx_hal_adc.o(i.HAL_ADC_ErrorCallback)
    HAL_ADC_Init                             0x08042cd9   Thumb Code   100  stm32f4xx_hal_adc.o(i.HAL_ADC_Init)
    HAL_ADC_MspInit                          0x08042d41   Thumb Code   176  adc.o(i.HAL_ADC_MspInit)
    HAL_ADC_Start_DMA                        0x08042e05   Thumb Code   398  stm32f4xx_hal_adc.o(i.HAL_ADC_Start_DMA)
    HAL_DMA_Abort                            0x08042fb9   Thumb Code   172  stm32f4xx_hal_dma.o(i.HAL_DMA_Abort)
    HAL_DMA_Abort_IT                         0x08043065   Thumb Code    40  stm32f4xx_hal_dma.o(i.HAL_DMA_Abort_IT)
    HAL_DMA_IRQHandler                       0x0804308d   Thumb Code   570  stm32f4xx_hal_dma.o(i.HAL_DMA_IRQHandler)
    HAL_DMA_Init                             0x080432cd   Thumb Code   232  stm32f4xx_hal_dma.o(i.HAL_DMA_Init)
    HAL_DMA_Start_IT                         0x080433b9   Thumb Code   146  stm32f4xx_hal_dma.o(i.HAL_DMA_Start_IT)
    HAL_GPIO_EXTI_Callback                   0x0804344b   Thumb Code     2  stm32f4xx_hal_gpio.o(i.HAL_GPIO_EXTI_Callback)
    HAL_GPIO_EXTI_IRQHandler                 0x0804344d   Thumb Code    24  stm32f4xx_hal_gpio.o(i.HAL_GPIO_EXTI_IRQHandler)
    HAL_GPIO_Init                            0x08043469   Thumb Code   454  stm32f4xx_hal_gpio.o(i.HAL_GPIO_Init)
    HAL_GPIO_TogglePin                       0x0804365d   Thumb Code    20  stm32f4xx_hal_gpio.o(i.HAL_GPIO_TogglePin)
    HAL_GPIO_WritePin                        0x08043671   Thumb Code    12  stm32f4xx_hal_gpio.o(i.HAL_GPIO_WritePin)
    HAL_GetTick                              0x0804367d   Thumb Code     6  stm32f4xx_hal.o(i.HAL_GetTick)
    HAL_I2C_Init                             0x08043689   Thumb Code   446  stm32f4xx_hal_i2c.o(i.HAL_I2C_Init)
    HAL_I2C_MspInit                          0x08043859   Thumb Code   288  i2c.o(i.HAL_I2C_MspInit)
    HAL_IWDG_Init                            0x08043991   Thumb Code    94  stm32f4xx_hal_iwdg.o(i.HAL_IWDG_Init)
    HAL_IWDG_Refresh                         0x080439ef   Thumb Code    14  stm32f4xx_hal_iwdg.o(i.HAL_IWDG_Refresh)
    HAL_IncTick                              0x080439fd   Thumb Code    16  stm32f4xx_hal.o(i.HAL_IncTick)
    HAL_Init                                 0x08043a15   Thumb Code    54  stm32f4xx_hal.o(i.HAL_Init)
    HAL_InitTick                             0x08043a51   Thumb Code    64  stm32f4xx_hal.o(i.HAL_InitTick)
    HAL_MspInit                              0x08043a9d   Thumb Code    78  stm32f4xx_hal_msp.o(i.HAL_MspInit)
    HAL_NVIC_EnableIRQ                       0x08043af1   Thumb Code    32  stm32f4xx_hal_cortex.o(i.HAL_NVIC_EnableIRQ)
    HAL_NVIC_SetPriority                     0x08043b11   Thumb Code   124  stm32f4xx_hal_cortex.o(i.HAL_NVIC_SetPriority)
    HAL_NVIC_SetPriorityGrouping             0x08043b8d   Thumb Code    32  stm32f4xx_hal_cortex.o(i.HAL_NVIC_SetPriorityGrouping)
    HAL_NVIC_SystemReset                     0x08043bb5   Thumb Code    60  stm32f4xx_hal_cortex.o(i.HAL_NVIC_SystemReset)
    HAL_PWR_DisableBkUpAccess                0x08043bf9   Thumb Code    18  stm32f4xx_hal_pwr.o(i.HAL_PWR_DisableBkUpAccess)
    HAL_PWR_DisableWakeUpPin                 0x08043c15   Thumb Code    12  stm32f4xx_hal_pwr.o(i.HAL_PWR_DisableWakeUpPin)
    HAL_PWR_EnableBkUpAccess                 0x08043c25   Thumb Code    18  stm32f4xx_hal_pwr.o(i.HAL_PWR_EnableBkUpAccess)
    HAL_PWR_EnableWakeUpPin                  0x08043c41   Thumb Code    12  stm32f4xx_hal_pwr.o(i.HAL_PWR_EnableWakeUpPin)
    HAL_PWR_EnterSTANDBYMode                 0x08043c51   Thumb Code    32  stm32f4xx_hal_pwr.o(i.HAL_PWR_EnterSTANDBYMode)
    HAL_RCCEx_PeriphCLKConfig                0x08043c79   Thumb Code   396  stm32f4xx_hal_rcc_ex.o(i.HAL_RCCEx_PeriphCLKConfig)
    HAL_RCC_ClockConfig                      0x08043e19   Thumb Code   368  stm32f4xx_hal_rcc.o(i.HAL_RCC_ClockConfig)
    HAL_RCC_GetHCLKFreq                      0x08043f9d   Thumb Code     6  stm32f4xx_hal_rcc.o(i.HAL_RCC_GetHCLKFreq)
    HAL_RCC_GetPCLK1Freq                     0x08043fa9   Thumb Code    22  stm32f4xx_hal_rcc.o(i.HAL_RCC_GetPCLK1Freq)
    HAL_RCC_GetPCLK2Freq                     0x08043fc9   Thumb Code    22  stm32f4xx_hal_rcc.o(i.HAL_RCC_GetPCLK2Freq)
    HAL_RCC_GetSysClockFreq                  0x08043fe9   Thumb Code   162  stm32f4xx_hal_rcc.o(i.HAL_RCC_GetSysClockFreq)
    HAL_RCC_OscConfig                        0x08044099   Thumb Code  1172  stm32f4xx_hal_rcc.o(i.HAL_RCC_OscConfig)
    HAL_RTCEx_AlarmBEventCallback            0x08044535   Thumb Code     2  stm32f4xx_hal_rtc_ex.o(i.HAL_RTCEx_AlarmBEventCallback)
    HAL_RTCEx_BKUPRead                       0x08044537   Thumb Code    18  stm32f4xx_hal_rtc_ex.o(i.HAL_RTCEx_BKUPRead)
    HAL_RTCEx_BKUPWrite                      0x08044549   Thumb Code    18  stm32f4xx_hal_rtc_ex.o(i.HAL_RTCEx_BKUPWrite)
    HAL_RTCEx_SetWakeUpTimer_IT              0x0804455d   Thumb Code   316  stm32f4xx_hal_rtc_ex.o(i.HAL_RTCEx_SetWakeUpTimer_IT)
    HAL_RTCEx_WakeUpTimerEventCallback       0x080446a1   Thumb Code     2  stm32f4xx_hal_rtc_ex.o(i.HAL_RTCEx_WakeUpTimerEventCallback)
    HAL_RTCEx_WakeUpTimerIRQHandler          0x080446a5   Thumb Code    50  stm32f4xx_hal_rtc_ex.o(i.HAL_RTCEx_WakeUpTimerIRQHandler)
    HAL_RTC_AlarmAEventCallback              0x080446dd   Thumb Code     2  stm32f4xx_hal_rtc.o(i.HAL_RTC_AlarmAEventCallback)
    HAL_RTC_AlarmIRQHandler                  0x080446e1   Thumb Code   102  stm32f4xx_hal_rtc.o(i.HAL_RTC_AlarmIRQHandler)
    HAL_RTC_GetDate                          0x0804474d   Thumb Code    72  stm32f4xx_hal_rtc.o(i.HAL_RTC_GetDate)
    HAL_RTC_GetTime                          0x08044799   Thumb Code    88  stm32f4xx_hal_rtc.o(i.HAL_RTC_GetTime)
    HAL_RTC_Init                             0x080447f5   Thumb Code   160  stm32f4xx_hal_rtc.o(i.HAL_RTC_Init)
    HAL_RTC_MspInit                          0x08044899   Thumb Code    82  rtc.o(i.HAL_RTC_MspInit)
    HAL_RTC_SetAlarm_IT                      0x080448f5   Thumb Code   530  stm32f4xx_hal_rtc.o(i.HAL_RTC_SetAlarm_IT)
    HAL_RTC_SetDate                          0x08044b11   Thumb Code   188  stm32f4xx_hal_rtc.o(i.HAL_RTC_SetDate)
    HAL_RTC_SetTime                          0x08044bd1   Thumb Code   230  stm32f4xx_hal_rtc.o(i.HAL_RTC_SetTime)
    HAL_RTC_WaitForSynchro                   0x08044cbd   Thumb Code    58  stm32f4xx_hal_rtc.o(i.HAL_RTC_WaitForSynchro)
    HAL_SPI_Init                             0x08044cf7   Thumb Code   200  stm32f4xx_hal_spi.o(i.HAL_SPI_Init)
    HAL_SPI_MspInit                          0x08044dc1   Thumb Code   122  spi.o(i.HAL_SPI_MspInit)
    HAL_SPI_TransmitReceive                  0x08044e49   Thumb Code   554  stm32f4xx_hal_spi.o(i.HAL_SPI_TransmitReceive)
    HAL_SYSTICK_Config                       0x08045073   Thumb Code    52  stm32f4xx_hal_cortex.o(i.HAL_SYSTICK_Config)
    HAL_TIMEx_BreakCallback                  0x080450a7   Thumb Code     2  stm32f4xx_hal_tim_ex.o(i.HAL_TIMEx_BreakCallback)
    HAL_TIMEx_CommutCallback                 0x080450a9   Thumb Code     2  stm32f4xx_hal_tim_ex.o(i.HAL_TIMEx_CommutCallback)
    HAL_TIMEx_MasterConfigSynchronization    0x080450ad   Thumb Code   150  stm32f4xx_hal_tim_ex.o(i.HAL_TIMEx_MasterConfigSynchronization)
    HAL_TIM_Base_Init                        0x08045161   Thumb Code   102  stm32f4xx_hal_tim.o(i.HAL_TIM_Base_Init)
    HAL_TIM_Base_MspInit                     0x080451c9   Thumb Code   120  tim.o(i.HAL_TIM_Base_MspInit)
    HAL_TIM_Base_Start_IT                    0x0804524d   Thumb Code   138  stm32f4xx_hal_tim.o(i.HAL_TIM_Base_Start_IT)
    HAL_TIM_Base_Stop_IT                     0x080452f5   Thumb Code    62  stm32f4xx_hal_tim.o(i.HAL_TIM_Base_Stop_IT)
    HAL_TIM_ConfigClockSource                0x08045333   Thumb Code   268  stm32f4xx_hal_tim.o(i.HAL_TIM_ConfigClockSource)
    HAL_TIM_IC_CaptureCallback               0x0804543f   Thumb Code     2  stm32f4xx_hal_tim.o(i.HAL_TIM_IC_CaptureCallback)
    HAL_TIM_IRQHandler                       0x08045441   Thumb Code   406  stm32f4xx_hal_tim.o(i.HAL_TIM_IRQHandler)
    HAL_TIM_OC_DelayElapsedCallback          0x080455d7   Thumb Code     2  stm32f4xx_hal_tim.o(i.HAL_TIM_OC_DelayElapsedCallback)
    HAL_TIM_PWM_PulseFinishedCallback        0x080455d9   Thumb Code     2  stm32f4xx_hal_tim.o(i.HAL_TIM_PWM_PulseFinishedCallback)
    HAL_TIM_PeriodElapsedCallback            0x080455dd   Thumb Code    58  main.o(i.HAL_TIM_PeriodElapsedCallback)
    HAL_TIM_TriggerCallback                  0x0804562d   Thumb Code     2  stm32f4xx_hal_tim.o(i.HAL_TIM_TriggerCallback)
    HAL_UARTEx_RxEventCallback               0x0804562f   Thumb Code     2  stm32f4xx_hal_uart.o(i.HAL_UARTEx_RxEventCallback)
    HAL_UART_DMAStop                         0x08045631   Thumb Code   138  stm32f4xx_hal_uart.o(i.HAL_UART_DMAStop)
    HAL_UART_ErrorCallback                   0x080456bb   Thumb Code     2  stm32f4xx_hal_uart.o(i.HAL_UART_ErrorCallback)
    HAL_UART_GetState                        0x080456bd   Thumb Code    20  stm32f4xx_hal_uart.o(i.HAL_UART_GetState)
    HAL_UART_IRQHandler                      0x080456d1   Thumb Code   732  stm32f4xx_hal_uart.o(i.HAL_UART_IRQHandler)
    HAL_UART_Init                            0x080459b1   Thumb Code   114  stm32f4xx_hal_uart.o(i.HAL_UART_Init)
    HAL_UART_MspInit                         0x08045a25   Thumb Code  1134  usart.o(i.HAL_UART_MspInit)
    HAL_UART_Receive_DMA                     0x08045e99   Thumb Code    66  stm32f4xx_hal_uart.o(i.HAL_UART_Receive_DMA)
    HAL_UART_Receive_IT                      0x08045edb   Thumb Code    66  stm32f4xx_hal_uart.o(i.HAL_UART_Receive_IT)
    HAL_UART_RxCpltCallback                  0x08045f1d   Thumb Code   198  main.o(i.HAL_UART_RxCpltCallback)
    HAL_UART_RxHalfCpltCallback              0x0804600d   Thumb Code     2  stm32f4xx_hal_uart.o(i.HAL_UART_RxHalfCpltCallback)
    HAL_UART_Transmit                        0x0804600f   Thumb Code   210  stm32f4xx_hal_uart.o(i.HAL_UART_Transmit)
    HAL_UART_TxCpltCallback                  0x080460e1   Thumb Code     2  stm32f4xx_hal_uart.o(i.HAL_UART_TxCpltCallback)
    HardFault_Handler                        0x080460e3   Thumb Code     4  stm32f4xx_it.o(i.HardFault_Handler)
    Host_Read03_slave1                       0x080460e9   Thumb Code   192  modbus.o(i.Host_Read03_slave1)
    Host_Read03_slave2                       0x080461ad   Thumb Code   184  modbus.o(i.Host_Read03_slave2)
    MX_ADC1_Init                             0x08046269   Thumb Code   100  adc.o(i.MX_ADC1_Init)
    MX_DMA_Init                              0x080462d9   Thumb Code   178  dma.o(i.MX_DMA_Init)
    MX_FREERTOS_Init                         0x08046391   Thumb Code   102  freertos.o(i.MX_FREERTOS_Init)
    MX_GPIO_Init                             0x0804640d   Thumb Code   724  gpio.o(i.MX_GPIO_Init)
    MX_I2C1_Init                             0x08046701   Thumb Code    50  i2c.o(i.MX_I2C1_Init)
    MX_IWDG_Init                             0x0804673d   Thumb Code    32  iwdg.o(i.MX_IWDG_Init)
    MX_RTC_Init                              0x08046765   Thumb Code   228  rtc.o(i.MX_RTC_Init)
    MX_SPI1_Init                             0x08046859   Thumb Code    60  spi.o(i.MX_SPI1_Init)
    MX_TIM4_Init                             0x0804689d   Thumb Code   100  tim.o(i.MX_TIM4_Init)
    MX_TIM5_Init                             0x08046909   Thumb Code   100  tim.o(i.MX_TIM5_Init)
    MX_UART5_Init                            0x08046975   Thumb Code    78  usart.o(i.MX_UART5_Init)
    MX_USART1_UART_Init                      0x080469f5   Thumb Code    46  usart.o(i.MX_USART1_UART_Init)
    MX_USART2_UART_Init                      0x08046a2d   Thumb Code    46  usart.o(i.MX_USART2_UART_Init)
    MX_USART3_UART_Init                      0x08046a65   Thumb Code    78  usart.o(i.MX_USART3_UART_Init)
    MX_USART6_UART_Init                      0x08046ae5   Thumb Code    46  usart.o(i.MX_USART6_UART_Init)
    MemManage_Handler                        0x08046b1d   Thumb Code     4  stm32f4xx_it.o(i.MemManage_Handler)
    Modbus1_Send_Byte                        0x08046b21   Thumb Code    16  usart.o(i.Modbus1_Send_Byte)
    Modbus2_Send_Byte                        0x08046b35   Thumb Code    16  usart.o(i.Modbus2_Send_Byte)
    NMI_Handler                              0x08046b49   Thumb Code     4  stm32f4xx_it.o(i.NMI_Handler)
    NVIC_SetVectorTable                      0x08046b4d   Thumb Code     8  main.o(i.NVIC_SetVectorTable)
    RTC_Alarm_IRQHandler                     0x08046b5d   Thumb Code    10  stm32f4xx_it.o(i.RTC_Alarm_IRQHandler)
    RTC_Bcd2ToByte                           0x08046b6d   Thumb Code    22  stm32f4xx_hal_rtc.o(i.RTC_Bcd2ToByte)
    RTC_ByteToBcd2                           0x08046b83   Thumb Code    28  stm32f4xx_hal_rtc.o(i.RTC_ByteToBcd2)
    RTC_EnterInitMode                        0x08046b9f   Thumb Code    74  stm32f4xx_hal_rtc.o(i.RTC_EnterInitMode)
    RTC_ExitInitMode                         0x08046be9   Thumb Code    46  stm32f4xx_hal_rtc.o(i.RTC_ExitInitMode)
    RTC_Set_Date                             0x08046c19   Thumb Code    46  rtc.o(i.RTC_Set_Date)
    RTC_Set_Time                             0x08046c4d   Thumb Code    56  rtc.o(i.RTC_Set_Time)
    RTC_WKUP_IRQHandler                      0x08046c89   Thumb Code    10  stm32f4xx_it.o(i.RTC_WKUP_IRQHandler)
    SPI1_ReadWriteByte                       0x08046c99   Thumb Code    36  spi.o(i.SPI1_ReadWriteByte)
    SPI1_SetSpeed                            0x08046cc1   Thumb Code    66  spi.o(i.SPI1_SetSpeed)
    START_STANDBY                            0x08046e4d   Thumb Code   106  rtc.o(i.START_STANDBY)
    Sensor1_Date_Add                         0x08046ef1   Thumb Code  1316  edit.o(i.Sensor1_Date_Add)
    Sensor1_Date_Prase                       0x08047421   Thumb Code   388  edit.o(i.Sensor1_Date_Prase)
    Sensor2_Date_Add                         0x080475ed   Thumb Code   808  edit.o(i.Sensor2_Date_Add)
    Sensor2_Date_Prase                       0x08047971   Thumb Code   388  edit.o(i.Sensor2_Date_Prase)
    StartDefaultTask                         0x08047b3d   Thumb Code   354  freertos.o(i.StartDefaultTask)
    StartTask02                              0x08047d81   Thumb Code    10  freertos.o(i.StartTask02)
    StartTask03                              0x08047d8d   Thumb Code   372  freertos.o(i.StartTask03)
    StartTask04                              0x08048011   Thumb Code    30  freertos.o(i.StartTask04)
    SysTick_Handler                          0x08048035   Thumb Code    20  stm32f4xx_it.o(i.SysTick_Handler)
    SystemClock_Config                       0x08048049   Thumb Code   174  main.o(i.SystemClock_Config)
    SystemInit                               0x08048101   Thumb Code    14  system_stm32f4xx.o(i.SystemInit)
    TCP_Sent_Date_4G                         0x08048115   Thumb Code   346  ec20.o(i.TCP_Sent_Date_4G)
    TCP_Sent_Date_NB                         0x08048331   Thumb Code   488  nbiot.o(i.TCP_Sent_Date_NB)
    TIM4_IRQHandler                          0x08048679   Thumb Code    16  stm32f4xx_it.o(i.TIM4_IRQHandler)
    TIM5_IRQHandler                          0x0804868d   Thumb Code    16  stm32f4xx_it.o(i.TIM5_IRQHandler)
    TIM_Base_SetConfig                       0x080486a1   Thumb Code   170  stm32f4xx_hal_tim.o(i.TIM_Base_SetConfig)
    TIM_ETR_SetConfig                        0x08048779   Thumb Code    22  stm32f4xx_hal_tim.o(i.TIM_ETR_SetConfig)
    Test_4G_STA_TCP                          0x080487f1   Thumb Code   988  ec20.o(i.Test_4G_STA_TCP)
    Test_NB_STA_TCP                          0x08048f31   Thumb Code   818  nbiot.o(i.Test_NB_STA_TCP)
    UART5_IRQHandler                         0x08049541   Thumb Code    72  stm32f4xx_it.o(i.UART5_IRQHandler)
    UART_Start_Receive_DMA                   0x08049aa1   Thumb Code   196  stm32f4xx_hal_uart.o(i.UART_Start_Receive_DMA)
    UART_Start_Receive_IT                    0x08049b71   Thumb Code    74  stm32f4xx_hal_uart.o(i.UART_Start_Receive_IT)
    USART1_IRQHandler                        0x08049cad   Thumb Code    14  stm32f4xx_it.o(i.USART1_IRQHandler)
    USART2_IRQHandler                        0x08049cc1   Thumb Code    14  stm32f4xx_it.o(i.USART2_IRQHandler)
    USART3_IRQHandler                        0x08049cd5   Thumb Code    72  stm32f4xx_it.o(i.USART3_IRQHandler)
    USART6_IRQHandler                        0x08049d29   Thumb Code    14  stm32f4xx_it.o(i.USART6_IRQHandler)
    UsageFault_Handler                       0x08049d3d   Thumb Code     4  stm32f4xx_it.o(i.UsageFault_Handler)
    Usart1_Handle                            0x08049d41   Thumb Code  4028  usart.o(i.Usart1_Handle)
    Usart1_IDLE                              0x0804ada9   Thumb Code    68  usart.o(i.Usart1_IDLE)
    Usart2_Handle                            0x0804adfd   Thumb Code    50  usart.o(i.Usart2_Handle)
    Usart2_IDLE                              0x0804ae55   Thumb Code    72  usart.o(i.Usart2_IDLE)
    Usart6_Handle                            0x0804aeb1   Thumb Code    50  usart.o(i.Usart6_Handle)
    Usart6_IDLE                              0x0804af09   Thumb Code    72  usart.o(i.Usart6_IDLE)
    W25Q128_Read_float                       0x0804af65   Thumb Code    56  w25qxx.o(i.W25Q128_Read_float)
    W25Q128_Write_float                      0x0804afa1   Thumb Code    80  w25qxx.o(i.W25Q128_Write_float)
    W25QXX_Erase_Sector                      0x0804b011   Thumb Code    78  w25qxx.o(i.W25QXX_Erase_Sector)
    W25QXX_Init                              0x0804b069   Thumb Code   134  w25qxx.o(i.W25QXX_Init)
    W25QXX_Read                              0x0804b105   Thumb Code    92  w25qxx.o(i.W25QXX_Read)
    W25QXX_ReadID                            0x0804b169   Thumb Code    64  w25qxx.o(i.W25QXX_ReadID)
    W25QXX_ReadSR                            0x0804b1b1   Thumb Code    72  w25qxx.o(i.W25QXX_ReadSR)
    W25QXX_Wait_Busy                         0x0804b201   Thumb Code    20  w25qxx.o(i.W25QXX_Wait_Busy)
    W25QXX_Write                             0x0804b215   Thumb Code   190  w25qxx.o(i.W25QXX_Write)
    W25QXX_Write_Enable                      0x0804b2e9   Thumb Code    24  w25qxx.o(i.W25QXX_Write_Enable)
    W25QXX_Write_NoCheck                     0x0804b309   Thumb Code    70  w25qxx.o(i.W25QXX_Write_NoCheck)
    W25QXX_Write_Page                        0x0804b351   Thumb Code    98  w25qxx.o(i.W25QXX_Write_Page)
    __0fprintf                               0x0804b3bd   Thumb Code    22  printfa.o(i.__0fprintf)
    __1fprintf                               0x0804b3bd   Thumb Code     0  printfa.o(i.__0fprintf)
    __2fprintf                               0x0804b3bd   Thumb Code     0  printfa.o(i.__0fprintf)
    __c89fprintf                             0x0804b3bd   Thumb Code     0  printfa.o(i.__0fprintf)
    fprintf                                  0x0804b3bd   Thumb Code     0  printfa.o(i.__0fprintf)
    __0printf                                0x0804b3d9   Thumb Code    22  printfa.o(i.__0printf)
    __1printf                                0x0804b3d9   Thumb Code     0  printfa.o(i.__0printf)
    __2printf                                0x0804b3d9   Thumb Code     0  printfa.o(i.__0printf)
    __c89printf                              0x0804b3d9   Thumb Code     0  printfa.o(i.__0printf)
    printf                                   0x0804b3d9   Thumb Code     0  printfa.o(i.__0printf)
    __0sprintf                               0x0804b3f9   Thumb Code    34  printfa.o(i.__0sprintf)
    __1sprintf                               0x0804b3f9   Thumb Code     0  printfa.o(i.__0sprintf)
    __2sprintf                               0x0804b3f9   Thumb Code     0  printfa.o(i.__0sprintf)
    __c89sprintf                             0x0804b3f9   Thumb Code     0  printfa.o(i.__0sprintf)
    sprintf                                  0x0804b3f9   Thumb Code     0  printfa.o(i.__0sprintf)
    __aeabi_errno_addr                       0x0804b459   Thumb Code     4  errno.o(i.__aeabi_errno_addr)
    __rt_errno_addr                          0x0804b459   Thumb Code     0  errno.o(i.__aeabi_errno_addr)
    free                                     0x0804b461   Thumb Code    88  mallocr.o(i.__free$realloc)
    __hardfp_atof                            0x0804b4c1   Thumb Code    44  atof.o(i.__hardfp_atof)
    malloc                                   0x0804b4f9   Thumb Code    64  mallocr.o(i.__malloc$realloc)
    __read_errno                             0x0804b549   Thumb Code     6  errno.o(i.__read_errno)
    __scatterload_copy                       0x0804b555   Thumb Code    14  handlers.o(i.__scatterload_copy)
    __scatterload_null                       0x0804b563   Thumb Code     2  handlers.o(i.__scatterload_null)
    __scatterload_zeroinit                   0x0804b565   Thumb Code    14  handlers.o(i.__scatterload_zeroinit)
    __set_errno                              0x0804b575   Thumb Code     6  errno.o(i.__set_errno)
    _is_digit                                0x0804b705   Thumb Code    14  scanf_fp.o(i._is_digit)
    clear_BUF                                0x0804be4d   Thumb Code    82  usart.o(i.clear_BUF)
    countDataInCharArray                     0x0804bec1   Thumb Code    18  w25qxx.o(i.countDataInCharArray)
    fputc                                    0x0804bed5   Thumb Code    22  usart.o(i.fputc)
    main                                     0x0804bf41   Thumb Code   158  main.o(i.main)
    osDelay                                  0x0804c00b   Thumb Code    24  cmsis_os.o(i.osDelay)
    osKernelStart                            0x0804c023   Thumb Code    10  cmsis_os.o(i.osKernelStart)
    osThreadCreate                           0x0804c02d   Thumb Code    94  cmsis_os.o(i.osThreadCreate)
    parseGPSData                             0x0804c08d   Thumb Code   384  ec20.o(i.parseGPSData)
    prependString                            0x0804c245   Thumb Code    70  modbus.o(i.prependString)
    pvPortMalloc                             0x0804c739   Thumb Code   306  heap_4.o(i.pvPortMalloc)
    pxPortInitialiseStack                    0x0804c885   Thumb Code    38  port.o(i.pxPortInitialiseStack)
    send_to_BC260Y                           0x0804c8b1   Thumb Code    44  nbiot.o(i.send_to_BC260Y)
    send_to_EC20                             0x0804c8f5   Thumb Code    44  ec20.o(i.send_to_EC20)
    sensor1_init                             0x0804c939   Thumb Code   172  edit.o(i.sensor1_init)
    sensor2_init                             0x0804ca11   Thumb Code   174  edit.o(i.sensor2_init)
    usMBCRC16                                0x0804caed   Thumb Code    48  mbcrc.o(i.usMBCRC16)
    uxListRemove                             0x0804cb25   Thumb Code    40  list.o(i.uxListRemove)
    vApplicationGetIdleTaskMemory            0x0804cb4d   Thumb Code    16  freertos.o(i.vApplicationGetIdleTaskMemory)
    vListInitialise                          0x0804cb65   Thumb Code    26  list.o(i.vListInitialise)
    vListInitialiseItem                      0x0804cb7f   Thumb Code     6  list.o(i.vListInitialiseItem)
    vListInsert                              0x0804cb85   Thumb Code    52  list.o(i.vListInsert)
    vListInsertEnd                           0x0804cbb9   Thumb Code    24  list.o(i.vListInsertEnd)
    vPortEnterCritical                       0x0804cbd1   Thumb Code    76  port.o(i.vPortEnterCritical)
    vPortExitCritical                        0x0804cc25   Thumb Code    56  port.o(i.vPortExitCritical)
    vPortFree                                0x0804cc61   Thumb Code   150  heap_4.o(i.vPortFree)
    vPortSetupTimerInterrupt                 0x0804cd05   Thumb Code    36  port.o(i.vPortSetupTimerInterrupt)
    vTaskDelay                               0x0804cd2d   Thumb Code    82  tasks.o(i.vTaskDelay)
    vTaskStartScheduler                      0x0804cd89   Thumb Code   146  tasks.o(i.vTaskStartScheduler)
    vTaskSuspendAll                          0x0804ce39   Thumb Code    12  tasks.o(i.vTaskSuspendAll)
    vTaskSwitchContext                       0x0804ce49   Thumb Code   118  tasks.o(i.vTaskSwitchContext)
    xPortStartScheduler                      0x0804ced5   Thumb Code   330  port.o(i.xPortStartScheduler)
    xPortSysTickHandler                      0x0804d03d   Thumb Code    46  port.o(i.xPortSysTickHandler)
    xTaskCreate                              0x0804d071   Thumb Code   100  tasks.o(i.xTaskCreate)
    xTaskCreateStatic                        0x0804d0d5   Thumb Code   186  tasks.o(i.xTaskCreateStatic)
    xTaskGetSchedulerState                   0x0804d191   Thumb Code    24  tasks.o(i.xTaskGetSchedulerState)
    xTaskIncrementTick                       0x0804d1b1   Thumb Code   282  tasks.o(i.xTaskIncrementTick)
    xTaskResumeAll                           0x0804d2f9   Thumb Code   224  tasks.o(i.xTaskResumeAll)
    AHBPrescTable                            0x0804d674   Data          16  system_stm32f4xx.o(.constdata)
    APBPrescTable                            0x0804d684   Data           8  system_stm32f4xx.o(.constdata)
    __ctype_table                            0x0804d68c   Data         129  ctype_o.o(.constdata)
    Region$$Table$$Base                      0x0804d980   Number         0  anon$$obj.o(Region$$Table)
    Region$$Table$$Limit                     0x0804d9a0   Number         0  anon$$obj.o(Region$$Table)
    nb_reissue_page                          0x2000000c   Data           4  nbiot.o(.data)
    W25QXX_TYPE                              0x2000001c   Data           2  w25qxx.o(.data)
    reissue_page_4g                          0x2000002c   Data           4  ec20.o(.data)
    page                                     0x2000003c   Data           4  freertos.o(.data)
    cycle                                    0x20000040   Data           2  freertos.o(.data)
    rep                                      0x20000042   Data           2  freertos.o(.data)
    sDate                                    0x20000044   Data           4  freertos.o(.data)
    rSamplingTime                            0x20000048   Data           4  freertos.o(.data)
    rReportingTime                           0x2000004c   Data           4  freertos.o(.data)
    cycle_time1                              0x20000050   Data           4  freertos.o(.data)
    rwork_state                              0x20000054   Data           4  freertos.o(.data)
    crc                                      0x20000058   Data           2  freertos.o(.data)
    flow                                     0x2000005c   Data           4  freertos.o(.data)
    level                                    0x20000060   Data           4  freertos.o(.data)
    velocity                                 0x20000064   Data           4  freertos.o(.data)
    COD                                      0x20000068   Data           4  freertos.o(.data)
    turbidity                                0x2000006c   Data           4  freertos.o(.data)
    date_flag                                0x20000070   Data           1  freertos.o(.data)
    BLE_Flag                                 0x20000071   Data           1  freertos.o(.data)
    Code_Versions                            0x20000072   Data          10  freertos.o(.data)
    rsensornum                               0x2000007c   Data           4  freertos.o(.data)
    rsensornum_err                           0x20000080   Data           4  freertos.o(.data)
    sensornum                                0x20000084   Data           4  freertos.o(.data)
    max_page                                 0x20000088   Data           4  freertos.o(.data)
    DataTrans                                0x2000008c   Data           4  freertos.o(.data)
    defaultTaskHandle                        0x20000090   Data           4  freertos.o(.data)
    myTask02Handle                           0x20000094   Data           4  freertos.o(.data)
    myTask03Handle                           0x20000098   Data           4  freertos.o(.data)
    myTask04Handle                           0x2000009c   Data           4  freertos.o(.data)
    NET_FLAGHandle                           0x200000a0   Data           4  freertos.o(.data)
    ALM_FLAGHandle                           0x200000a4   Data           4  freertos.o(.data)
    DATE_SENT_FLAGHandle                     0x200000a8   Data           4  freertos.o(.data)
    BLE_DEBUG_FLAGHandle                     0x200000ac   Data           4  freertos.o(.data)
    BC260_rec_flag                           0x200000bb   Data           1  usart.o(.data)
    EC20_rec_flag                            0x200000bc   Data           1  usart.o(.data)
    rx1_len                                  0x200000bd   Data           1  usart.o(.data)
    rec1_end_flag                            0x200000be   Data           1  usart.o(.data)
    rx2_len                                  0x200000bf   Data           1  usart.o(.data)
    rec2_end_flag                            0x200000c0   Data           1  usart.o(.data)
    USART3_RX_STA                            0x200000c2   Data           2  usart.o(.data)
    USART3_aRxBuffer                         0x200000c4   Data           1  usart.o(.data)
    USART5_RX_STA                            0x200000c6   Data           2  usart.o(.data)
    USART5_aRxBuffer                         0x200000c8   Data           1  usart.o(.data)
    RES                                      0x200000c9   Data           1  usart.o(.data)
    rx6_len                                  0x200000ca   Data           1  usart.o(.data)
    rec6_end_flag                            0x200000cb   Data           1  usart.o(.data)
    __stdout                                 0x200000cc   Data           4  usart.o(.data)
    uwTick                                   0x200000d0   Data           4  stm32f4xx_hal.o(.data)
    uwTickPrio                               0x200000d4   Data           4  stm32f4xx_hal.o(.data)
    uwTickFreq                               0x200000d8   Data           1  stm32f4xx_hal.o(.data)
    SystemCoreClock                          0x200000dc   Data           4  system_stm32f4xx.o(.data)
    pxCurrentTCB                             0x200000e0   Data           4  tasks.o(.data)
    __stderr                                 0x20000148   Data           4  stderr.o(.data)
    __microlib_freelist                      0x20000150   Data           4  mvars.o(.data)
    __microlib_freelist_initialised          0x20000154   Data           4  mvars.o(.data)
    nb_reissue_buff                          0x2000015c   Data         500  nbiot.o(.bss)
    modbus                                   0x20000350   Data         288  modbus.o(.bss)
    W25QXX_BUFFER                            0x20000470   Data        4096  w25qxx.o(.bss)
    reissue_buff_4g                          0x20001470   Data         500  ec20.o(.bss)
    wbuf                                     0x20001668   Data         500  freertos.o(.bss)
    rbuf                                     0x2000185c   Data         500  freertos.o(.bss)
    reissue_buff                             0x20001a50   Data         500  freertos.o(.bss)
    message_buff                             0x20001c44   Data         500  freertos.o(.bss)
    datebuff                                 0x20001e38   Data          40  freertos.o(.bss)
    sTime                                    0x20001e60   Data          20  freertos.o(.bss)
    senser1                                  0x20001e78   Data         640  freertos.o(.bss)
    senser2                                  0x200020f8   Data         640  freertos.o(.bss)
    rsenser1                                 0x20002378   Data         640  freertos.o(.bss)
    rsenser2                                 0x200025f8   Data         640  freertos.o(.bss)
    ADC_Value                                0x20002878   Data         200  freertos.o(.bss)
    hadc1                                    0x20002d94   Data          72  adc.o(.bss)
    hdma_adc1                                0x20002ddc   Data          96  adc.o(.bss)
    hi2c1                                    0x20002e3c   Data          84  i2c.o(.bss)
    hi2c3                                    0x20002e90   Data          84  i2c.o(.bss)
    hiwdg                                    0x20002ee4   Data          12  iwdg.o(.bss)
    hrtc                                     0x20002ef0   Data          32  rtc.o(.bss)
    hspi1                                    0x20002f10   Data          88  spi.o(.bss)
    htim4                                    0x20002f68   Data          72  tim.o(.bss)
    htim5                                    0x20002fb0   Data          72  tim.o(.bss)
    rx1_buffer                               0x20002ff8   Data         256  usart.o(.bss)
    rx2_buffer                               0x200030f8   Data         256  usart.o(.bss)
    USART3_RX_BUF                            0x200031f8   Data         200  usart.o(.bss)
    USART5_RX_BUF                            0x200032c0   Data         200  usart.o(.bss)
    transbuffer                              0x20003388   Data         256  usart.o(.bss)
    rx6_buffer                               0x20003488   Data         256  usart.o(.bss)
    huart5                                   0x20003588   Data          68  usart.o(.bss)
    huart1                                   0x200035cc   Data          68  usart.o(.bss)
    huart2                                   0x20003610   Data          68  usart.o(.bss)
    huart3                                   0x20003654   Data          68  usart.o(.bss)
    huart6                                   0x20003698   Data          68  usart.o(.bss)
    hdma_usart1_rx                           0x200036dc   Data          96  usart.o(.bss)
    hdma_usart1_tx                           0x2000373c   Data          96  usart.o(.bss)
    hdma_usart2_rx                           0x2000379c   Data          96  usart.o(.bss)
    hdma_usart2_tx                           0x200037fc   Data          96  usart.o(.bss)
    hdma_usart6_rx                           0x2000385c   Data          96  usart.o(.bss)
    hdma_usart6_tx                           0x200038bc   Data          96  usart.o(.bss)
    __heap_base                              0x2000fd60   Data           0  startup_stm32f407xx.o(HEAP)
    __heap_limit                             0x20011d60   Data           0  startup_stm32f407xx.o(HEAP)
    __initial_sp                             0x20013d60   Data           0  startup_stm32f407xx.o(STACK)



==============================================================================

Memory Map of the image

  Image Entry point : 0x08040189

  Load Region LR_IROM1 (Base: 0x08040000, Size: 0x0000dafc, Max: 0x00040000, ABSOLUTE, COMPRESSED[0x0000d9e0])

    Execution Region ER_IROM1 (Exec base: 0x08040000, Load base: 0x08040000, Size: 0x0000d9a0, Max: 0x00040000, ABSOLUTE)

    Exec Addr    Load Addr    Size         Type   Attr      Idx    E Section Name        Object

    0x08040000   0x08040000   0x00000188   Data   RO            3    RESET               startup_stm32f407xx.o
    0x08040188   0x08040188   0x00000000   Code   RO         8061  * .ARM.Collect$$$$00000000  mc_w.l(entry.o)
    0x08040188   0x08040188   0x00000004   Code   RO         8440    .ARM.Collect$$$$00000001  mc_w.l(entry2.o)
    0x0804018c   0x0804018c   0x00000004   Code   RO         8443    .ARM.Collect$$$$00000004  mc_w.l(entry5.o)
    0x08040190   0x08040190   0x00000000   Code   RO         8445    .ARM.Collect$$$$00000008  mc_w.l(entry7b.o)
    0x08040190   0x08040190   0x00000000   Code   RO         8447    .ARM.Collect$$$$0000000A  mc_w.l(entry8b.o)
    0x08040190   0x08040190   0x00000008   Code   RO         8448    .ARM.Collect$$$$0000000B  mc_w.l(entry9a.o)
    0x08040198   0x08040198   0x00000000   Code   RO         8450    .ARM.Collect$$$$0000000D  mc_w.l(entry10a.o)
    0x08040198   0x08040198   0x00000000   Code   RO         8452    .ARM.Collect$$$$0000000F  mc_w.l(entry11a.o)
    0x08040198   0x08040198   0x00000004   Code   RO         8441    .ARM.Collect$$$$00002712  mc_w.l(entry2.o)
    0x0804019c   0x0804019c   0x000000be   Code   RO         7946    .emb_text           port.o
    0x0804025a   0x0804025a   0x00000002   PAD
    0x0804025c   0x0804025c   0x00000024   Code   RO            4    .text               startup_stm32f407xx.o
    0x08040280   0x08040280   0x00000062   Code   RO         8065    .text               mc_w.l(uldiv.o)
    0x080402e2   0x080402e2   0x00000024   Code   RO         8069    .text               mc_w.l(memcpya.o)
    0x08040306   0x08040306   0x00000024   Code   RO         8073    .text               mc_w.l(memseta.o)
    0x0804032a   0x0804032a   0x00000018   Code   RO         8075    .text               mc_w.l(strcat.o)
    0x08040342   0x08040342   0x00000024   Code   RO         8077    .text               mc_w.l(strstr.o)
    0x08040366   0x08040366   0x00000018   Code   RO         8079    .text               mc_w.l(strncpy.o)
    0x0804037e   0x0804037e   0x0000000e   Code   RO         8081    .text               mc_w.l(strlen.o)
    0x0804038c   0x0804038c   0x00000012   Code   RO         8085    .text               mc_w.l(strcpy.o)
    0x0804039e   0x0804039e   0x00000002   PAD
    0x080403a0   0x080403a0   0x00000044   Code   RO         8089    .text               mc_w.l(strtok.o)
    0x080403e4   0x080403e4   0x00000038   Code   RO         8386    .text               mc_w.l(__0sscanf.o)
    0x0804041c   0x0804041c   0x0000014c   Code   RO         8388    .text               mc_w.l(_scanf_int.o)
    0x08040568   0x08040568   0x000000e0   Code   RO         8390    .text               mc_w.l(_scanf_str.o)
    0x08040648   0x08040648   0x00000360   Code   RO         8392    .text               mc_w.l(scanf_fp.o)
    0x080409a8   0x080409a8   0x0000001a   Code   RO         8396    .text               mc_w.l(atoi.o)
    0x080409c2   0x080409c2   0x0000014e   Code   RO         8398    .text               mf_w.l(dadd.o)
    0x08040b10   0x08040b10   0x000000e4   Code   RO         8400    .text               mf_w.l(dmul.o)
    0x08040bf4   0x08040bf4   0x000000de   Code   RO         8402    .text               mf_w.l(ddiv.o)
    0x08040cd2   0x08040cd2   0x00000026   Code   RO         8408    .text               mf_w.l(f2d.o)
    0x08040cf8   0x08040cf8   0x00000030   Code   RO         8412    .text               mf_w.l(cdrcmple.o)
    0x08040d28   0x08040d28   0x00000038   Code   RO         8414    .text               mf_w.l(d2f.o)
    0x08040d60   0x08040d60   0x0000002c   Code   RO         8454    .text               mc_w.l(uidiv.o)
    0x08040d8c   0x08040d8c   0x0000001e   Code   RO         8456    .text               mc_w.l(llshl.o)
    0x08040daa   0x08040daa   0x00000020   Code   RO         8458    .text               mc_w.l(llushr.o)
    0x08040dca   0x08040dca   0x00000024   Code   RO         8460    .text               mc_w.l(llsshr.o)
    0x08040dee   0x08040dee   0x0000001c   Code   RO         8471    .text               mc_w.l(_chval.o)
    0x08040e0a   0x08040e0a   0x00000002   PAD
    0x08040e0c   0x08040e0c   0x00000028   Code   RO         8473    .text               mc_w.l(scanf_char.o)
    0x08040e34   0x08040e34   0x00000040   Code   RO         8475    .text               mc_w.l(_sgetc.o)
    0x08040e74   0x08040e74   0x0000009c   Code   RO         8477    .text               mc_w.l(strtod.o)
    0x08040f10   0x08040f10   0x00000070   Code   RO         8479    .text               mc_w.l(strtol.o)
    0x08040f80   0x08040f80   0x00000000   Code   RO         8481    .text               mc_w.l(iusefp.o)
    0x08040f80   0x08040f80   0x0000006e   Code   RO         8482    .text               mf_w.l(fepilogue.o)
    0x08040fee   0x08040fee   0x000000ba   Code   RO         8484    .text               mf_w.l(depilogue.o)
    0x080410a8   0x080410a8   0x00000018   Code   RO         8490    .text               mf_w.l(dfltul.o)
    0x080410c0   0x080410c0   0x00000030   Code   RO         8492    .text               mf_w.l(dfixul.o)
    0x080410f0   0x080410f0   0x00000024   Code   RO         8494    .text               mc_w.l(init.o)
    0x08041114   0x08041114   0x00000008   Code   RO         8498    .text               mc_w.l(ctype_o.o)
    0x0804111c   0x0804111c   0x00000012   Code   RO         8520    .text               mc_w.l(isspace_o.o)
    0x0804112e   0x0804112e   0x00000002   PAD
    0x08041130   0x08041130   0x0000032c   Code   RO         8526    .text               mc_w.l(_scanf.o)
    0x0804145c   0x0804145c   0x0000009e   Code   RO         8528    .text               mc_w.l(_strtoul.o)
    0x080414fa   0x080414fa   0x00000056   Code   RO         8541    .text               mc_w.l(__dczerorl2.o)
    0x08041550   0x08041550   0x0000007e   Code   RO         2614    i.ADC_DMAConvCplt   stm32f4xx_hal_adc.o
    0x080415ce   0x080415ce   0x0000001a   Code   RO         2615    i.ADC_DMAError      stm32f4xx_hal_adc.o
    0x080415e8   0x080415e8   0x0000000e   Code   RO         2616    i.ADC_DMAHalfConvCplt  stm32f4xx_hal_adc.o
    0x080415f6   0x080415f6   0x00000002   PAD
    0x080415f8   0x080415f8   0x00000160   Code   RO         2617    i.ADC_Init          stm32f4xx_hal_adc.o
    0x08041758   0x08041758   0x00000024   Code   RO           13    i.BC260Y_check_cmd  nbiot.o
    0x0804177c   0x0804177c   0x000000f4   Code   RO           14    i.BC260Y_send_cmd   nbiot.o
    0x08041870   0x08041870   0x00000048   Code   RO           15    i.BC260_send_cmd_LOOP  nbiot.o
    0x080418b8   0x080418b8   0x0000001c   Code   RO         1099    i.BigLittleEndianSwap  modbus.o
    0x080418d4   0x080418d4   0x00000004   Code   RO         2422    i.BusFault_Handler  stm32f4xx_it.o
    0x080418d8   0x080418d8   0x00000034   Code   RO         1063    i.CRC16_Checkout    mbcrc.o
    0x0804190c   0x0804190c   0x00000168   Code   RO         1631    i.DEVICE_Init       gpio.o
    0x08041a74   0x08041a74   0x00000010   Code   RO         2423    i.DMA1_Stream5_IRQHandler  stm32f4xx_it.o
    0x08041a84   0x08041a84   0x00000010   Code   RO         2424    i.DMA1_Stream6_IRQHandler  stm32f4xx_it.o
    0x08041a94   0x08041a94   0x00000010   Code   RO         2425    i.DMA2_Stream0_IRQHandler  stm32f4xx_it.o
    0x08041aa4   0x08041aa4   0x00000010   Code   RO         2426    i.DMA2_Stream1_IRQHandler  stm32f4xx_it.o
    0x08041ab4   0x08041ab4   0x00000010   Code   RO         2427    i.DMA2_Stream2_IRQHandler  stm32f4xx_it.o
    0x08041ac4   0x08041ac4   0x00000010   Code   RO         2428    i.DMA2_Stream6_IRQHandler  stm32f4xx_it.o
    0x08041ad4   0x08041ad4   0x00000010   Code   RO         2429    i.DMA2_Stream7_IRQHandler  stm32f4xx_it.o
    0x08041ae4   0x08041ae4   0x00000034   Code   RO         3396    i.DMA_CalcBaseAndBitshift  stm32f4xx_hal_dma.o
    0x08041b18   0x08041b18   0x000000aa   Code   RO         3397    i.DMA_CheckFifoParam  stm32f4xx_hal_dma.o
    0x08041bc2   0x08041bc2   0x0000002c   Code   RO         3398    i.DMA_SetConfig     stm32f4xx_hal_dma.o
    0x08041bee   0x08041bee   0x00000002   PAD
    0x08041bf0   0x08041bf0   0x00000cac   Code   RO         1859    i.Date_Report_tcp   freertos.o
    0x0804289c   0x0804289c   0x00000002   Code   RO         2430    i.DebugMon_Handler  stm32f4xx_it.o
    0x0804289e   0x0804289e   0x00000002   PAD
    0x080428a0   0x080428a0   0x00000024   Code   RO         1401    i.EC20_check_cmd    ec20.o
    0x080428c4   0x080428c4   0x000000e8   Code   RO         1402    i.EC20_send_cmd     ec20.o
    0x080429ac   0x080429ac   0x00000048   Code   RO         1403    i.EC20_send_cmd_LOOP  ec20.o
    0x080429f4   0x080429f4   0x00000024   Code   RO         2431    i.EXTI4_IRQHandler  stm32f4xx_it.o
    0x08042a18   0x08042a18   0x00000028   Code   RO         1100    i.EndianSwap        modbus.o
    0x08042a40   0x08042a40   0x00000006   Code   RO         1560    i.Error_Handler     main.o
    0x08042a46   0x08042a46   0x00000002   PAD
    0x08042a48   0x08042a48   0x0000003c   Code   RO         1933    i.GET_Voltage_value  adc.o
    0x08042a84   0x08042a84   0x000000c0   Code   RO         2083    i.GPIO_AnalogState_Config  rtc.o
    0x08042b44   0x08042b44   0x0000018c   Code   RO         2619    i.HAL_ADC_ConfigChannel  stm32f4xx_hal_adc.o
    0x08042cd0   0x08042cd0   0x00000002   Code   RO         2620    i.HAL_ADC_ConvCpltCallback  stm32f4xx_hal_adc.o
    0x08042cd2   0x08042cd2   0x00000002   Code   RO         2621    i.HAL_ADC_ConvHalfCpltCallback  stm32f4xx_hal_adc.o
    0x08042cd4   0x08042cd4   0x00000002   Code   RO         2623    i.HAL_ADC_ErrorCallback  stm32f4xx_hal_adc.o
    0x08042cd6   0x08042cd6   0x00000002   PAD
    0x08042cd8   0x08042cd8   0x00000068   Code   RO         2628    i.HAL_ADC_Init      stm32f4xx_hal_adc.o
    0x08042d40   0x08042d40   0x000000c4   Code   RO         1935    i.HAL_ADC_MspInit   adc.o
    0x08042e04   0x08042e04   0x000001b4   Code   RO         2635    i.HAL_ADC_Start_DMA  stm32f4xx_hal_adc.o
    0x08042fb8   0x08042fb8   0x000000ac   Code   RO         3399    i.HAL_DMA_Abort     stm32f4xx_hal_dma.o
    0x08043064   0x08043064   0x00000028   Code   RO         3400    i.HAL_DMA_Abort_IT  stm32f4xx_hal_dma.o
    0x0804308c   0x0804308c   0x00000240   Code   RO         3404    i.HAL_DMA_IRQHandler  stm32f4xx_hal_dma.o
    0x080432cc   0x080432cc   0x000000ec   Code   RO         3405    i.HAL_DMA_Init      stm32f4xx_hal_dma.o
    0x080433b8   0x080433b8   0x00000092   Code   RO         3409    i.HAL_DMA_Start_IT  stm32f4xx_hal_dma.o
    0x0804344a   0x0804344a   0x00000002   Code   RO         3290    i.HAL_GPIO_EXTI_Callback  stm32f4xx_hal_gpio.o
    0x0804344c   0x0804344c   0x0000001c   Code   RO         3291    i.HAL_GPIO_EXTI_IRQHandler  stm32f4xx_hal_gpio.o
    0x08043468   0x08043468   0x000001f4   Code   RO         3292    i.HAL_GPIO_Init     stm32f4xx_hal_gpio.o
    0x0804365c   0x0804365c   0x00000014   Code   RO         3295    i.HAL_GPIO_TogglePin  stm32f4xx_hal_gpio.o
    0x08043670   0x08043670   0x0000000c   Code   RO         3296    i.HAL_GPIO_WritePin  stm32f4xx_hal_gpio.o
    0x0804367c   0x0804367c   0x0000000c   Code   RO         3829    i.HAL_GetTick       stm32f4xx_hal.o
    0x08043688   0x08043688   0x000001d0   Code   RO         4085    i.HAL_I2C_Init      stm32f4xx_hal_i2c.o
    0x08043858   0x08043858   0x00000138   Code   RO         2006    i.HAL_I2C_MspInit   i2c.o
    0x08043990   0x08043990   0x0000005e   Code   RO         4564    i.HAL_IWDG_Init     stm32f4xx_hal_iwdg.o
    0x080439ee   0x080439ee   0x0000000e   Code   RO         4565    i.HAL_IWDG_Refresh  stm32f4xx_hal_iwdg.o
    0x080439fc   0x080439fc   0x00000018   Code   RO         3835    i.HAL_IncTick       stm32f4xx_hal.o
    0x08043a14   0x08043a14   0x0000003c   Code   RO         3836    i.HAL_Init          stm32f4xx_hal.o
    0x08043a50   0x08043a50   0x0000004c   Code   RO         3837    i.HAL_InitTick      stm32f4xx_hal.o
    0x08043a9c   0x08043a9c   0x00000054   Code   RO         2590    i.HAL_MspInit       stm32f4xx_hal_msp.o
    0x08043af0   0x08043af0   0x00000020   Code   RO         3681    i.HAL_NVIC_EnableIRQ  stm32f4xx_hal_cortex.o
    0x08043b10   0x08043b10   0x0000007c   Code   RO         3687    i.HAL_NVIC_SetPriority  stm32f4xx_hal_cortex.o
    0x08043b8c   0x08043b8c   0x00000028   Code   RO         3688    i.HAL_NVIC_SetPriorityGrouping  stm32f4xx_hal_cortex.o
    0x08043bb4   0x08043bb4   0x00000044   Code   RO         3689    i.HAL_NVIC_SystemReset  stm32f4xx_hal_cortex.o
    0x08043bf8   0x08043bf8   0x0000001c   Code   RO         3504    i.HAL_PWR_DisableBkUpAccess  stm32f4xx_hal_pwr.o
    0x08043c14   0x08043c14   0x00000010   Code   RO         3508    i.HAL_PWR_DisableWakeUpPin  stm32f4xx_hal_pwr.o
    0x08043c24   0x08043c24   0x0000001c   Code   RO         3509    i.HAL_PWR_EnableBkUpAccess  stm32f4xx_hal_pwr.o
    0x08043c40   0x08043c40   0x00000010   Code   RO         3513    i.HAL_PWR_EnableWakeUpPin  stm32f4xx_hal_pwr.o
    0x08043c50   0x08043c50   0x00000028   Code   RO         3515    i.HAL_PWR_EnterSTANDBYMode  stm32f4xx_hal_pwr.o
    0x08043c78   0x08043c78   0x000001a0   Code   RO         2998    i.HAL_RCCEx_PeriphCLKConfig  stm32f4xx_hal_rcc_ex.o
    0x08043e18   0x08043e18   0x00000184   Code   RO         2893    i.HAL_RCC_ClockConfig  stm32f4xx_hal_rcc.o
    0x08043f9c   0x08043f9c   0x0000000c   Code   RO         2898    i.HAL_RCC_GetHCLKFreq  stm32f4xx_hal_rcc.o
    0x08043fa8   0x08043fa8   0x00000020   Code   RO         2900    i.HAL_RCC_GetPCLK1Freq  stm32f4xx_hal_rcc.o
    0x08043fc8   0x08043fc8   0x00000020   Code   RO         2901    i.HAL_RCC_GetPCLK2Freq  stm32f4xx_hal_rcc.o
    0x08043fe8   0x08043fe8   0x000000b0   Code   RO         2902    i.HAL_RCC_GetSysClockFreq  stm32f4xx_hal_rcc.o
    0x08044098   0x08044098   0x0000049c   Code   RO         2905    i.HAL_RCC_OscConfig  stm32f4xx_hal_rcc.o
    0x08044534   0x08044534   0x00000002   Code   RO         4768    i.HAL_RTCEx_AlarmBEventCallback  stm32f4xx_hal_rtc_ex.o
    0x08044536   0x08044536   0x00000012   Code   RO         4769    i.HAL_RTCEx_BKUPRead  stm32f4xx_hal_rtc_ex.o
    0x08044548   0x08044548   0x00000012   Code   RO         4770    i.HAL_RTCEx_BKUPWrite  stm32f4xx_hal_rtc_ex.o
    0x0804455a   0x0804455a   0x00000002   PAD
    0x0804455c   0x0804455c   0x00000144   Code   RO         4796    i.HAL_RTCEx_SetWakeUpTimer_IT  stm32f4xx_hal_rtc_ex.o
    0x080446a0   0x080446a0   0x00000002   Code   RO         4801    i.HAL_RTCEx_WakeUpTimerEventCallback  stm32f4xx_hal_rtc_ex.o
    0x080446a2   0x080446a2   0x00000002   PAD
    0x080446a4   0x080446a4   0x00000038   Code   RO         4802    i.HAL_RTCEx_WakeUpTimerIRQHandler  stm32f4xx_hal_rtc_ex.o
    0x080446dc   0x080446dc   0x00000002   Code   RO         4594    i.HAL_RTC_AlarmAEventCallback  stm32f4xx_hal_rtc.o
    0x080446de   0x080446de   0x00000002   PAD
    0x080446e0   0x080446e0   0x0000006c   Code   RO         4595    i.HAL_RTC_AlarmIRQHandler  stm32f4xx_hal_rtc.o
    0x0804474c   0x0804474c   0x0000004c   Code   RO         4604    i.HAL_RTC_GetDate   stm32f4xx_hal_rtc.o
    0x08044798   0x08044798   0x0000005c   Code   RO         4606    i.HAL_RTC_GetTime   stm32f4xx_hal_rtc.o
    0x080447f4   0x080447f4   0x000000a4   Code   RO         4607    i.HAL_RTC_Init      stm32f4xx_hal_rtc.o
    0x08044898   0x08044898   0x0000005c   Code   RO         2085    i.HAL_RTC_MspInit   rtc.o
    0x080448f4   0x080448f4   0x0000021c   Code   RO         4612    i.HAL_RTC_SetAlarm_IT  stm32f4xx_hal_rtc.o
    0x08044b10   0x08044b10   0x000000c0   Code   RO         4613    i.HAL_RTC_SetDate   stm32f4xx_hal_rtc.o
    0x08044bd0   0x08044bd0   0x000000ec   Code   RO         4614    i.HAL_RTC_SetTime   stm32f4xx_hal_rtc.o
    0x08044cbc   0x08044cbc   0x0000003a   Code   RO         4615    i.HAL_RTC_WaitForSynchro  stm32f4xx_hal_rtc.o
    0x08044cf6   0x08044cf6   0x000000c8   Code   RO         5007    i.HAL_SPI_Init      stm32f4xx_hal_spi.o
    0x08044dbe   0x08044dbe   0x00000002   PAD
    0x08044dc0   0x08044dc0   0x00000088   Code   RO         2151    i.HAL_SPI_MspInit   spi.o
    0x08044e48   0x08044e48   0x0000022a   Code   RO         5016    i.HAL_SPI_TransmitReceive  stm32f4xx_hal_spi.o
    0x08045072   0x08045072   0x00000034   Code   RO         3692    i.HAL_SYSTICK_Config  stm32f4xx_hal_cortex.o
    0x080450a6   0x080450a6   0x00000002   Code   RO         6035    i.HAL_TIMEx_BreakCallback  stm32f4xx_hal_tim_ex.o
    0x080450a8   0x080450a8   0x00000002   Code   RO         6036    i.HAL_TIMEx_CommutCallback  stm32f4xx_hal_tim_ex.o
    0x080450aa   0x080450aa   0x00000002   PAD
    0x080450ac   0x080450ac   0x000000b4   Code   RO         6054    i.HAL_TIMEx_MasterConfigSynchronization  stm32f4xx_hal_tim_ex.o
    0x08045160   0x08045160   0x00000066   Code   RO         5320    i.HAL_TIM_Base_Init  stm32f4xx_hal_tim.o
    0x080451c6   0x080451c6   0x00000002   PAD
    0x080451c8   0x080451c8   0x00000084   Code   RO         2205    i.HAL_TIM_Base_MspInit  tim.o
    0x0804524c   0x0804524c   0x000000a8   Code   RO         5325    i.HAL_TIM_Base_Start_IT  stm32f4xx_hal_tim.o
    0x080452f4   0x080452f4   0x0000003e   Code   RO         5328    i.HAL_TIM_Base_Stop_IT  stm32f4xx_hal_tim.o
    0x08045332   0x08045332   0x0000010c   Code   RO         5329    i.HAL_TIM_ConfigClockSource  stm32f4xx_hal_tim.o
    0x0804543e   0x0804543e   0x00000002   Code   RO         5354    i.HAL_TIM_IC_CaptureCallback  stm32f4xx_hal_tim.o
    0x08045440   0x08045440   0x00000196   Code   RO         5368    i.HAL_TIM_IRQHandler  stm32f4xx_hal_tim.o
    0x080455d6   0x080455d6   0x00000002   Code   RO         5371    i.HAL_TIM_OC_DelayElapsedCallback  stm32f4xx_hal_tim.o
    0x080455d8   0x080455d8   0x00000002   Code   RO         5398    i.HAL_TIM_PWM_PulseFinishedCallback  stm32f4xx_hal_tim.o
    0x080455da   0x080455da   0x00000002   PAD
    0x080455dc   0x080455dc   0x00000050   Code   RO         1561    i.HAL_TIM_PeriodElapsedCallback  main.o
    0x0804562c   0x0804562c   0x00000002   Code   RO         5411    i.HAL_TIM_TriggerCallback  stm32f4xx_hal_tim.o
    0x0804562e   0x0804562e   0x00000002   Code   RO         6313    i.HAL_UARTEx_RxEventCallback  stm32f4xx_hal_uart.o
    0x08045630   0x08045630   0x0000008a   Code   RO         6325    i.HAL_UART_DMAStop  stm32f4xx_hal_uart.o
    0x080456ba   0x080456ba   0x00000002   Code   RO         6327    i.HAL_UART_ErrorCallback  stm32f4xx_hal_uart.o
    0x080456bc   0x080456bc   0x00000014   Code   RO         6329    i.HAL_UART_GetState  stm32f4xx_hal_uart.o
    0x080456d0   0x080456d0   0x000002e0   Code   RO         6330    i.HAL_UART_IRQHandler  stm32f4xx_hal_uart.o
    0x080459b0   0x080459b0   0x00000072   Code   RO         6331    i.HAL_UART_Init     stm32f4xx_hal_uart.o
    0x08045a22   0x08045a22   0x00000002   PAD
    0x08045a24   0x08045a24   0x00000474   Code   RO         2256    i.HAL_UART_MspInit  usart.o
    0x08045e98   0x08045e98   0x00000042   Code   RO         6335    i.HAL_UART_Receive_DMA  stm32f4xx_hal_uart.o
    0x08045eda   0x08045eda   0x00000042   Code   RO         6336    i.HAL_UART_Receive_IT  stm32f4xx_hal_uart.o
    0x08045f1c   0x08045f1c   0x000000f0   Code   RO         1562    i.HAL_UART_RxCpltCallback  main.o
    0x0804600c   0x0804600c   0x00000002   Code   RO         6338    i.HAL_UART_RxHalfCpltCallback  stm32f4xx_hal_uart.o
    0x0804600e   0x0804600e   0x000000d2   Code   RO         6339    i.HAL_UART_Transmit  stm32f4xx_hal_uart.o
    0x080460e0   0x080460e0   0x00000002   Code   RO         6342    i.HAL_UART_TxCpltCallback  stm32f4xx_hal_uart.o
    0x080460e2   0x080460e2   0x00000004   Code   RO         2432    i.HardFault_Handler  stm32f4xx_it.o
    0x080460e6   0x080460e6   0x00000002   PAD
    0x080460e8   0x080460e8   0x000000c4   Code   RO         1101    i.Host_Read03_slave1  modbus.o
    0x080461ac   0x080461ac   0x000000bc   Code   RO         1102    i.Host_Read03_slave2  modbus.o
    0x08046268   0x08046268   0x00000070   Code   RO         1936    i.MX_ADC1_Init      adc.o
    0x080462d8   0x080462d8   0x000000b8   Code   RO         1981    i.MX_DMA_Init       dma.o
    0x08046390   0x08046390   0x0000007c   Code   RO         1860    i.MX_FREERTOS_Init  freertos.o
    0x0804640c   0x0804640c   0x000002f4   Code   RO         1632    i.MX_GPIO_Init      gpio.o
    0x08046700   0x08046700   0x0000003c   Code   RO         2007    i.MX_I2C1_Init      i2c.o
    0x0804673c   0x0804673c   0x00000028   Code   RO         2053    i.MX_IWDG_Init      iwdg.o
    0x08046764   0x08046764   0x000000f4   Code   RO         2086    i.MX_RTC_Init       rtc.o
    0x08046858   0x08046858   0x00000044   Code   RO         2152    i.MX_SPI1_Init      spi.o
    0x0804689c   0x0804689c   0x0000006c   Code   RO         2206    i.MX_TIM4_Init      tim.o
    0x08046908   0x08046908   0x0000006c   Code   RO         2207    i.MX_TIM5_Init      tim.o
    0x08046974   0x08046974   0x00000080   Code   RO         2257    i.MX_UART5_Init     usart.o
    0x080469f4   0x080469f4   0x00000038   Code   RO         2258    i.MX_USART1_UART_Init  usart.o
    0x08046a2c   0x08046a2c   0x00000038   Code   RO         2259    i.MX_USART2_UART_Init  usart.o
    0x08046a64   0x08046a64   0x00000080   Code   RO         2260    i.MX_USART3_UART_Init  usart.o
    0x08046ae4   0x08046ae4   0x00000038   Code   RO         2261    i.MX_USART6_UART_Init  usart.o
    0x08046b1c   0x08046b1c   0x00000004   Code   RO         2433    i.MemManage_Handler  stm32f4xx_it.o
    0x08046b20   0x08046b20   0x00000014   Code   RO         2262    i.Modbus1_Send_Byte  usart.o
    0x08046b34   0x08046b34   0x00000014   Code   RO         2263    i.Modbus2_Send_Byte  usart.o
    0x08046b48   0x08046b48   0x00000004   Code   RO         2434    i.NMI_Handler       stm32f4xx_it.o
    0x08046b4c   0x08046b4c   0x00000010   Code   RO         1563    i.NVIC_SetVectorTable  main.o
    0x08046b5c   0x08046b5c   0x00000010   Code   RO         2435    i.RTC_Alarm_IRQHandler  stm32f4xx_it.o
    0x08046b6c   0x08046b6c   0x00000016   Code   RO         4616    i.RTC_Bcd2ToByte    stm32f4xx_hal_rtc.o
    0x08046b82   0x08046b82   0x0000001c   Code   RO         4617    i.RTC_ByteToBcd2    stm32f4xx_hal_rtc.o
    0x08046b9e   0x08046b9e   0x0000004a   Code   RO         4618    i.RTC_EnterInitMode  stm32f4xx_hal_rtc.o
    0x08046be8   0x08046be8   0x0000002e   Code   RO         4619    i.RTC_ExitInitMode  stm32f4xx_hal_rtc.o
    0x08046c16   0x08046c16   0x00000002   PAD
    0x08046c18   0x08046c18   0x00000034   Code   RO         2087    i.RTC_Set_Date      rtc.o
    0x08046c4c   0x08046c4c   0x0000003c   Code   RO         2088    i.RTC_Set_Time      rtc.o
    0x08046c88   0x08046c88   0x00000010   Code   RO         2436    i.RTC_WKUP_IRQHandler  stm32f4xx_it.o
    0x08046c98   0x08046c98   0x00000028   Code   RO         2153    i.SPI1_ReadWriteByte  spi.o
    0x08046cc0   0x08046cc0   0x00000048   Code   RO         2154    i.SPI1_SetSpeed     spi.o
    0x08046d08   0x08046d08   0x0000006c   Code   RO         5045    i.SPI_EndRxTxTransaction  stm32f4xx_hal_spi.o
    0x08046d74   0x08046d74   0x000000d8   Code   RO         5050    i.SPI_WaitFlagStateUntilTimeout  stm32f4xx_hal_spi.o
    0x08046e4c   0x08046e4c   0x000000a4   Code   RO         2089    i.START_STANDBY     rtc.o
    0x08046ef0   0x08046ef0   0x00000530   Code   RO         1487    i.Sensor1_Date_Add  edit.o
    0x08047420   0x08047420   0x000001cc   Code   RO         1488    i.Sensor1_Date_Prase  edit.o
    0x080475ec   0x080475ec   0x00000384   Code   RO         1489    i.Sensor2_Date_Add  edit.o
    0x08047970   0x08047970   0x000001cc   Code   RO         1490    i.Sensor2_Date_Prase  edit.o
    0x08047b3c   0x08047b3c   0x00000244   Code   RO         1861    i.StartDefaultTask  freertos.o
    0x08047d80   0x08047d80   0x0000000a   Code   RO         1862    i.StartTask02       freertos.o
    0x08047d8a   0x08047d8a   0x00000002   PAD
    0x08047d8c   0x08047d8c   0x00000284   Code   RO         1863    i.StartTask03       freertos.o
    0x08048010   0x08048010   0x00000024   Code   RO         1864    i.StartTask04       freertos.o
    0x08048034   0x08048034   0x00000014   Code   RO         2437    i.SysTick_Handler   stm32f4xx_it.o
    0x08048048   0x08048048   0x000000b8   Code   RO         1564    i.SystemClock_Config  main.o
    0x08048100   0x08048100   0x00000014   Code   RO         6670    i.SystemInit        system_stm32f4xx.o
    0x08048114   0x08048114   0x0000021c   Code   RO         1406    i.TCP_Sent_Date_4G  ec20.o
    0x08048330   0x08048330   0x00000348   Code   RO           20    i.TCP_Sent_Date_NB  nbiot.o
    0x08048678   0x08048678   0x00000014   Code   RO         2438    i.TIM4_IRQHandler   stm32f4xx_it.o
    0x0804868c   0x0804868c   0x00000014   Code   RO         2439    i.TIM5_IRQHandler   stm32f4xx_it.o
    0x080486a0   0x080486a0   0x000000d8   Code   RO         5413    i.TIM_Base_SetConfig  stm32f4xx_hal_tim.o
    0x08048778   0x08048778   0x00000016   Code   RO         5424    i.TIM_ETR_SetConfig  stm32f4xx_hal_tim.o
    0x0804878e   0x0804878e   0x00000012   Code   RO         5425    i.TIM_ITRx_SetConfig  stm32f4xx_hal_tim.o
    0x080487a0   0x080487a0   0x00000026   Code   RO         5431    i.TIM_TI1_ConfigInputStage  stm32f4xx_hal_tim.o
    0x080487c6   0x080487c6   0x00000028   Code   RO         5433    i.TIM_TI2_ConfigInputStage  stm32f4xx_hal_tim.o
    0x080487ee   0x080487ee   0x00000002   PAD
    0x080487f0   0x080487f0   0x00000740   Code   RO         1408    i.Test_4G_STA_TCP   ec20.o
    0x08048f30   0x08048f30   0x00000610   Code   RO           22    i.Test_NB_STA_TCP   nbiot.o
    0x08049540   0x08049540   0x00000054   Code   RO         2440    i.UART5_IRQHandler  stm32f4xx_it.o
    0x08049594   0x08049594   0x00000014   Code   RO         6344    i.UART_DMAAbortOnError  stm32f4xx_hal_uart.o
    0x080495a8   0x080495a8   0x00000050   Code   RO         6345    i.UART_DMAError     stm32f4xx_hal_uart.o
    0x080495f8   0x080495f8   0x000000b0   Code   RO         6346    i.UART_DMAReceiveCplt  stm32f4xx_hal_uart.o
    0x080496a8   0x080496a8   0x00000020   Code   RO         6348    i.UART_DMARxHalfCplt  stm32f4xx_hal_uart.o
    0x080496c8   0x080496c8   0x0000006c   Code   RO         6354    i.UART_EndRxTransfer  stm32f4xx_hal_uart.o
    0x08049734   0x08049734   0x00000020   Code   RO         6355    i.UART_EndTransmit_IT  stm32f4xx_hal_uart.o
    0x08049754   0x08049754   0x00000026   Code   RO         6356    i.UART_EndTxTransfer  stm32f4xx_hal_uart.o
    0x0804977a   0x0804977a   0x000000f8   Code   RO         6357    i.UART_Receive_IT   stm32f4xx_hal_uart.o
    0x08049872   0x08049872   0x00000002   PAD
    0x08049874   0x08049874   0x0000022c   Code   RO         6358    i.UART_SetConfig    stm32f4xx_hal_uart.o
    0x08049aa0   0x08049aa0   0x000000d0   Code   RO         6359    i.UART_Start_Receive_DMA  stm32f4xx_hal_uart.o
    0x08049b70   0x08049b70   0x0000004a   Code   RO         6360    i.UART_Start_Receive_IT  stm32f4xx_hal_uart.o
    0x08049bba   0x08049bba   0x00000060   Code   RO         6361    i.UART_Transmit_IT  stm32f4xx_hal_uart.o
    0x08049c1a   0x08049c1a   0x00000092   Code   RO         6362    i.UART_WaitOnFlagUntilTimeout  stm32f4xx_hal_uart.o
    0x08049cac   0x08049cac   0x00000014   Code   RO         2441    i.USART1_IRQHandler  stm32f4xx_it.o
    0x08049cc0   0x08049cc0   0x00000014   Code   RO         2442    i.USART2_IRQHandler  stm32f4xx_it.o
    0x08049cd4   0x08049cd4   0x00000054   Code   RO         2443    i.USART3_IRQHandler  stm32f4xx_it.o
    0x08049d28   0x08049d28   0x00000014   Code   RO         2444    i.USART6_IRQHandler  stm32f4xx_it.o
    0x08049d3c   0x08049d3c   0x00000004   Code   RO         2445    i.UsageFault_Handler  stm32f4xx_it.o
    0x08049d40   0x08049d40   0x00001068   Code   RO         2266    i.Usart1_Handle     usart.o
    0x0804ada8   0x0804ada8   0x00000054   Code   RO         2267    i.Usart1_IDLE       usart.o
    0x0804adfc   0x0804adfc   0x00000058   Code   RO         2268    i.Usart2_Handle     usart.o
    0x0804ae54   0x0804ae54   0x0000005c   Code   RO         2269    i.Usart2_IDLE       usart.o
    0x0804aeb0   0x0804aeb0   0x00000058   Code   RO         2270    i.Usart6_Handle     usart.o
    0x0804af08   0x0804af08   0x0000005c   Code   RO         2271    i.Usart6_IDLE       usart.o
    0x0804af64   0x0804af64   0x0000003c   Code   RO         1184    i.W25Q128_Read_float  w25qxx.o
    0x0804afa0   0x0804afa0   0x00000070   Code   RO         1185    i.W25Q128_Write_float  w25qxx.o
    0x0804b010   0x0804b010   0x00000058   Code   RO         1187    i.W25QXX_Erase_Sector  w25qxx.o
    0x0804b068   0x0804b068   0x0000009c   Code   RO         1188    i.W25QXX_Init       w25qxx.o
    0x0804b104   0x0804b104   0x00000064   Code   RO         1190    i.W25QXX_Read       w25qxx.o
    0x0804b168   0x0804b168   0x00000048   Code   RO         1191    i.W25QXX_ReadID     w25qxx.o
    0x0804b1b0   0x0804b1b0   0x00000050   Code   RO         1192    i.W25QXX_ReadSR     w25qxx.o
    0x0804b200   0x0804b200   0x00000014   Code   RO         1194    i.W25QXX_Wait_Busy  w25qxx.o
    0x0804b214   0x0804b214   0x000000d4   Code   RO         1195    i.W25QXX_Write      w25qxx.o
    0x0804b2e8   0x0804b2e8   0x00000020   Code   RO         1197    i.W25QXX_Write_Enable  w25qxx.o
    0x0804b308   0x0804b308   0x00000046   Code   RO         1198    i.W25QXX_Write_NoCheck  w25qxx.o
    0x0804b34e   0x0804b34e   0x00000002   PAD
    0x0804b350   0x0804b350   0x0000006c   Code   RO         1199    i.W25QXX_Write_Page  w25qxx.o
    0x0804b3bc   0x0804b3bc   0x0000001c   Code   RO         8329    i.__0fprintf        mc_w.l(printfa.o)
    0x0804b3d8   0x0804b3d8   0x00000020   Code   RO         8330    i.__0printf         mc_w.l(printfa.o)
    0x0804b3f8   0x0804b3f8   0x00000028   Code   RO         8332    i.__0sprintf        mc_w.l(printfa.o)
    0x0804b420   0x0804b420   0x00000010   Code   RO         3694    i.__NVIC_GetPriorityGrouping  stm32f4xx_hal_cortex.o
    0x0804b430   0x0804b430   0x00000028   Code   RO         3695    i.__NVIC_SetPriority  stm32f4xx_hal_cortex.o
    0x0804b458   0x0804b458   0x00000008   Code   RO         8464    i.__aeabi_errno_addr  mc_w.l(errno.o)
    0x0804b460   0x0804b460   0x0000005c   Code   RO         8362    i.__free$realloc    mc_w.l(mallocr.o)
    0x0804b4bc   0x0804b4bc   0x00000004   PAD
    0x0804b4c0   0x0804b4c0   0x00000038   Code   RO         8037    i.__hardfp_atof     m_wm.l(atof.o)
    0x0804b4f8   0x0804b4f8   0x00000050   Code   RO         8363    i.__malloc$realloc  mc_w.l(mallocr.o)
    0x0804b548   0x0804b548   0x0000000c   Code   RO         8465    i.__read_errno      mc_w.l(errno.o)
    0x0804b554   0x0804b554   0x0000000e   Code   RO         8535    i.__scatterload_copy  mc_w.l(handlers.o)
    0x0804b562   0x0804b562   0x00000002   Code   RO         8536    i.__scatterload_null  mc_w.l(handlers.o)
    0x0804b564   0x0804b564   0x0000000e   Code   RO         8537    i.__scatterload_zeroinit  mc_w.l(handlers.o)
    0x0804b572   0x0804b572   0x00000002   PAD
    0x0804b574   0x0804b574   0x0000000c   Code   RO         8466    i.__set_errno       mc_w.l(errno.o)
    0x0804b580   0x0804b580   0x00000184   Code   RO         8337    i._fp_digits        mc_w.l(printfa.o)
    0x0804b704   0x0804b704   0x0000000e   Code   RO         8394    i._is_digit         mc_w.l(scanf_fp.o)
    0x0804b712   0x0804b712   0x00000002   PAD
    0x0804b714   0x0804b714   0x000006dc   Code   RO         8338    i._printf_core      mc_w.l(printfa.o)
    0x0804bdf0   0x0804bdf0   0x00000024   Code   RO         8339    i._printf_post_padding  mc_w.l(printfa.o)
    0x0804be14   0x0804be14   0x0000002e   Code   RO         8340    i._printf_pre_padding  mc_w.l(printfa.o)
    0x0804be42   0x0804be42   0x0000000a   Code   RO         8342    i._sputc            mc_w.l(printfa.o)
    0x0804be4c   0x0804be4c   0x00000074   Code   RO         2273    i.clear_BUF         usart.o
    0x0804bec0   0x0804bec0   0x00000012   Code   RO         1201    i.countDataInCharArray  w25qxx.o
    0x0804bed2   0x0804bed2   0x00000002   PAD
    0x0804bed4   0x0804bed4   0x0000001c   Code   RO         2274    i.fputc             usart.o
    0x0804bef0   0x0804bef0   0x00000050   Code   RO         8364    i.internal_alloc    mc_w.l(mallocr.o)
    0x0804bf40   0x0804bf40   0x000000bc   Code   RO         1565    i.main              main.o
    0x0804bffc   0x0804bffc   0x0000000e   Code   RO         7512    i.makeFreeRtosPriority  cmsis_os.o
    0x0804c00a   0x0804c00a   0x00000018   Code   RO         7514    i.osDelay           cmsis_os.o
    0x0804c022   0x0804c022   0x0000000a   Code   RO         7517    i.osKernelStart     cmsis_os.o
    0x0804c02c   0x0804c02c   0x0000005e   Code   RO         7551    i.osThreadCreate    cmsis_os.o
    0x0804c08a   0x0804c08a   0x00000002   PAD
    0x0804c08c   0x0804c08c   0x000001b8   Code   RO         1409    i.parseGPSData      ec20.o
    0x0804c244   0x0804c244   0x00000068   Code   RO         1106    i.prependString     modbus.o
    0x0804c2ac   0x0804c2ac   0x00000098   Code   RO         7172    i.prvAddCurrentTaskToDelayedList  tasks.o
    0x0804c344   0x0804c344   0x000000b4   Code   RO         7173    i.prvAddNewTaskToReadyList  tasks.o
    0x0804c3f8   0x0804c3f8   0x00000048   Code   RO         7174    i.prvCheckTasksWaitingTermination  tasks.o
    0x0804c440   0x0804c440   0x00000050   Code   RO         7175    i.prvDeleteTCB      tasks.o
    0x0804c490   0x0804c490   0x0000007c   Code   RO         7879    i.prvHeapInit       heap_4.o
    0x0804c50c   0x0804c50c   0x00000028   Code   RO         7176    i.prvIdleTask       tasks.o
    0x0804c534   0x0804c534   0x000000be   Code   RO         7177    i.prvInitialiseNewTask  tasks.o
    0x0804c5f2   0x0804c5f2   0x00000002   PAD
    0x0804c5f4   0x0804c5f4   0x00000068   Code   RO         7178    i.prvInitialiseTaskLists  tasks.o
    0x0804c65c   0x0804c65c   0x00000068   Code   RO         7880    i.prvInsertBlockIntoFreeList  heap_4.o
    0x0804c6c4   0x0804c6c4   0x00000034   Code   RO         7179    i.prvResetNextTaskUnblockTime  tasks.o
    0x0804c6f8   0x0804c6f8   0x00000040   Code   RO         7947    i.prvTaskExitError  port.o
    0x0804c738   0x0804c738   0x0000014c   Code   RO         7881    i.pvPortMalloc      heap_4.o
    0x0804c884   0x0804c884   0x0000002c   Code   RO         7948    i.pxPortInitialiseStack  port.o
    0x0804c8b0   0x0804c8b0   0x00000044   Code   RO           23    i.send_to_BC260Y    nbiot.o
    0x0804c8f4   0x0804c8f4   0x00000044   Code   RO         1410    i.send_to_EC20      ec20.o
    0x0804c938   0x0804c938   0x000000d8   Code   RO         1491    i.sensor1_init      edit.o
    0x0804ca10   0x0804ca10   0x000000dc   Code   RO         1492    i.sensor2_init      edit.o
    0x0804caec   0x0804caec   0x00000038   Code   RO         1064    i.usMBCRC16         mbcrc.o
    0x0804cb24   0x0804cb24   0x00000028   Code   RO         6807    i.uxListRemove      list.o
    0x0804cb4c   0x0804cb4c   0x00000018   Code   RO         1865    i.vApplicationGetIdleTaskMemory  freertos.o
    0x0804cb64   0x0804cb64   0x0000001a   Code   RO         6808    i.vListInitialise   list.o
    0x0804cb7e   0x0804cb7e   0x00000006   Code   RO         6809    i.vListInitialiseItem  list.o
    0x0804cb84   0x0804cb84   0x00000034   Code   RO         6810    i.vListInsert       list.o
    0x0804cbb8   0x0804cbb8   0x00000018   Code   RO         6811    i.vListInsertEnd    list.o
    0x0804cbd0   0x0804cbd0   0x00000054   Code   RO         7950    i.vPortEnterCritical  port.o
    0x0804cc24   0x0804cc24   0x0000003c   Code   RO         7951    i.vPortExitCritical  port.o
    0x0804cc60   0x0804cc60   0x000000a4   Code   RO         7882    i.vPortFree         heap_4.o
    0x0804cd04   0x0804cd04   0x00000028   Code   RO         7952    i.vPortSetupTimerInterrupt  port.o
    0x0804cd2c   0x0804cd2c   0x0000005c   Code   RO         7190    i.vTaskDelay        tasks.o
    0x0804cd88   0x0804cd88   0x000000b0   Code   RO         7203    i.vTaskStartScheduler  tasks.o
    0x0804ce38   0x0804ce38   0x00000010   Code   RO         7205    i.vTaskSuspendAll   tasks.o
    0x0804ce48   0x0804ce48   0x0000008c   Code   RO         7206    i.vTaskSwitchContext  tasks.o
    0x0804ced4   0x0804ced4   0x00000168   Code   RO         7954    i.xPortStartScheduler  port.o
    0x0804d03c   0x0804d03c   0x00000034   Code   RO         7955    i.xPortSysTickHandler  port.o
    0x0804d070   0x0804d070   0x00000064   Code   RO         7209    i.xTaskCreate       tasks.o
    0x0804d0d4   0x0804d0d4   0x000000ba   Code   RO         7210    i.xTaskCreateStatic  tasks.o
    0x0804d18e   0x0804d18e   0x00000002   PAD
    0x0804d190   0x0804d190   0x00000020   Code   RO         7214    i.xTaskGetSchedulerState  tasks.o
    0x0804d1b0   0x0804d1b0   0x00000148   Code   RO         7217    i.xTaskIncrementTick  tasks.o
    0x0804d2f8   0x0804d2f8   0x00000104   Code   RO         7223    i.xTaskResumeAll    tasks.o
    0x0804d3fc   0x0804d3fc   0x00000200   Data   RO         1065    .constdata          mbcrc.o
    0x0804d5fc   0x0804d5fc   0x00000070   Data   RO         1867    .constdata          freertos.o
    0x0804d66c   0x0804d66c   0x00000008   Data   RO         3411    .constdata          stm32f4xx_hal_dma.o
    0x0804d674   0x0804d674   0x00000018   Data   RO         6671    .constdata          system_stm32f4xx.o
    0x0804d68c   0x0804d68c   0x00000081   Data   RO         8499    .constdata          mc_w.l(ctype_o.o)
    0x0804d70d   0x0804d70d   0x00000003   PAD
    0x0804d710   0x0804d710   0x00000004   Data   RO         8500    .constdata          mc_w.l(ctype_o.o)
    0x0804d714   0x0804d714   0x00000044   Data   RO           25    .conststring        nbiot.o
    0x0804d758   0x0804d758   0x00000043   Data   RO         1412    .conststring        ec20.o
    0x0804d79b   0x0804d79b   0x00000001   PAD
    0x0804d79c   0x0804d79c   0x000000c8   Data   RO         1868    .conststring        freertos.o
    0x0804d864   0x0804d864   0x0000011b   Data   RO         2276    .conststring        usart.o
    0x0804d97f   0x0804d97f   0x00000001   PAD
    0x0804d980   0x0804d980   0x00000020   Data   RO         8533    Region$$Table       anon$$obj.o


    Execution Region RW_IRAM1 (Exec base: 0x20000000, Load base: 0x0804d9a0, Size: 0x00013d60, Max: 0x00020000, ABSOLUTE, COMPRESSED[0x00000040])

    Exec Addr    Load Addr    Size         Type   Attr      Idx    E Section Name        Object

    0x20000000   COMPRESSED   0x00000010   Data   RW           26    .data               nbiot.o
    0x20000010   COMPRESSED   0x0000000e   Data   RW         1203    .data               w25qxx.o
    0x2000001e   COMPRESSED   0x00000002   PAD
    0x20000020   COMPRESSED   0x00000010   Data   RW         1413    .data               ec20.o
    0x20000030   COMPRESSED   0x00000080   Data   RW         1869    .data               freertos.o
    0x200000b0   COMPRESSED   0x00000020   Data   RW         2277    .data               usart.o
    0x200000d0   COMPRESSED   0x00000009   Data   RW         3843    .data               stm32f4xx_hal.o
    0x200000d9   COMPRESSED   0x00000003   PAD
    0x200000dc   COMPRESSED   0x00000004   Data   RW         6672    .data               system_stm32f4xx.o
    0x200000e0   COMPRESSED   0x0000003c   Data   RW         7226    .data               tasks.o
    0x2000011c   COMPRESSED   0x00000020   Data   RW         7888    .data               heap_4.o
    0x2000013c   COMPRESSED   0x0000000c   Data   RW         7956    .data               port.o
    0x20000148   COMPRESSED   0x00000004   Data   RW         8064    .data               mc_w.l(stderr.o)
    0x2000014c   COMPRESSED   0x00000004   Data   RW         8090    .data               mc_w.l(strtok.o)
    0x20000150   COMPRESSED   0x00000004   Data   RW         8462    .data               mc_w.l(mvars.o)
    0x20000154   COMPRESSED   0x00000004   Data   RW         8463    .data               mc_w.l(mvars.o)
    0x20000158   COMPRESSED   0x00000004   Data   RW         8467    .data               mc_w.l(errno.o)
    0x2000015c        -       0x000001f4   Zero   RW           24    .bss                nbiot.o
    0x20000350        -       0x00000120   Zero   RW         1107    .bss                modbus.o
    0x20000470        -       0x00001000   Zero   RW         1202    .bss                w25qxx.o
    0x20001470        -       0x000001f4   Zero   RW         1411    .bss                ec20.o
    0x20001664   COMPRESSED   0x00000004   PAD
    0x20001668        -       0x0000172c   Zero   RW         1866    .bss                freertos.o
    0x20002d94        -       0x000000a8   Zero   RW         1937    .bss                adc.o
    0x20002e3c        -       0x000000a8   Zero   RW         2009    .bss                i2c.o
    0x20002ee4        -       0x0000000c   Zero   RW         2054    .bss                iwdg.o
    0x20002ef0        -       0x00000020   Zero   RW         2090    .bss                rtc.o
    0x20002f10        -       0x00000058   Zero   RW         2155    .bss                spi.o
    0x20002f68        -       0x00000090   Zero   RW         2208    .bss                tim.o
    0x20002ff8        -       0x00000924   Zero   RW         2275    .bss                usart.o
    0x2000391c        -       0x000000f0   Zero   RW         7225    .bss                tasks.o
    0x20003a0c        -       0x0000c350   Zero   RW         7887    .bss                heap_4.o
    0x2000fd5c   COMPRESSED   0x00000004   PAD
    0x2000fd60        -       0x00002000   Zero   RW            2    HEAP                startup_stm32f407xx.o
    0x20011d60        -       0x00002000   Zero   RW            1    STACK               startup_stm32f407xx.o


==============================================================================

Image component sizes


      Code (inc. data)   RO Data    RW Data    ZI Data      Debug   Object Name

       368         38          0          0        168       2407   adc.o
         0          0          0          0          0        384   cjson.o
       142          0          0          0          0      22839   cmsis_os.o
       184          6          0          0          0        826   dma.o
      3244       1262         67         16        500       7107   ec20.o
      3584        500          0          0          0       5743   edit.o
         0          0          0          0          0      16784   event_groups.o
      4662       1278        312        128       5932      12147   freertos.o
      1116        162          0          0          0     635722   gpio.o
       724         74          0         32      50000       7319   heap_4.o
       372         34          0          0        168       1887   i2c.o
        40          8          0          0         12        663   iwdg.o
       148          0          0          0          0       3482   list.o
       714        112          0          0          0       4080   main.o
       108          8        512          0          0       2201   mbcrc.o
       556         42          0          0        288       9846   modbus.o
      2812       1238         68         16        500     787469   nbiot.o
       894         78          0         12          0      11008   port.o
       804        112          0          0         32       4691   rtc.o
       316         32          0          0         88       2814   spi.o
        36          8        392          0      16384        824   startup_stm32f407xx.o
       172         32          0          9          0       8661   stm32f4xx_hal.o
      1460         66          0          0          0       7225   stm32f4xx_hal_adc.o
       372         30          0          0          0      34978   stm32f4xx_hal_cortex.o
      1436         16          8          0          0       6902   stm32f4xx_hal_dma.o
       562         50          0          0          0       3889   stm32f4xx_hal_gpio.o
       464         18          0          0          0       2043   stm32f4xx_hal_i2c.o
       108          0          0          0          0       1835   stm32f4xx_hal_iwdg.o
        84          6          0          0          0        834   stm32f4xx_hal_msp.o
       128         36          0          0          0       3323   stm32f4xx_hal_pwr.o
      1820         84          0          0          0       5524   stm32f4xx_hal_rcc.o
       416         20          0          0          0       1376   stm32f4xx_hal_rcc_ex.o
      1638         38          0          0          0      10143   stm32f4xx_hal_rtc.o
       420         14          0          0          0       4468   stm32f4xx_hal_rtc_ex.o
      1078         14          0          0          0       4597   stm32f4xx_hal_spi.o
      1348         76          0          0          0      10102   stm32f4xx_hal_tim.o
       184         30          0          0          0       2437   stm32f4xx_hal_tim_ex.o
      3172         26          0          0          0      18809   stm32f4xx_hal_uart.o
       490        112          0          0          0      12216   stm32f4xx_it.o
         0          0          0          0          0       2444   sys.o
        20          6         24          4          0       1091   system_stm32f4xx.o
      2200        278          0         60        240      20770   tasks.o
       348         28          0          0        144       2335   tim.o
      6392       2188        283         32       2340      16120   usart.o
      1128        132          0         14       4096       9347   w25qxx.o

    ----------------------------------------------------------------------
     46312       8292       1700        328      80900    1731712   Object Totals
         0          0         32          0          0          0   (incl. Generated)
        48          0          2          5          8          0   (incl. Padding)

    ----------------------------------------------------------------------

      Code (inc. data)   RO Data    RW Data    ZI Data      Debug   Library Member Name

        56         12          0          0          0        132   atof.o
        56          8          0          0          0         84   __0sscanf.o
        86          0          0          0          0          0   __dczerorl2.o
        28          0          0          0          0         68   _chval.o
       812          4          0          0          0        112   _scanf.o
       332          0          0          0          0         96   _scanf_int.o
       224          0          0          0          0         96   _scanf_str.o
        64          0          0          0          0         84   _sgetc.o
       158          0          0          0          0         92   _strtoul.o
        26          0          0          0          0         80   atoi.o
         8          4        133          0          0         68   ctype_o.o
         0          0          0          0          0          0   entry.o
         0          0          0          0          0          0   entry10a.o
         0          0          0          0          0          0   entry11a.o
         8          4          0          0          0          0   entry2.o
         4          0          0          0          0          0   entry5.o
         0          0          0          0          0          0   entry7b.o
         0          0          0          0          0          0   entry8b.o
         8          4          0          0          0          0   entry9a.o
        32         16          0          4          0        204   errno.o
        30          0          0          0          0          0   handlers.o
        36          8          0          0          0         68   init.o
        18          0          0          0          0         76   isspace_o.o
         0          0          0          0          0          0   iusefp.o
        30          0          0          0          0         68   llshl.o
        36          0          0          0          0         68   llsshr.o
        32          0          0          0          0         68   llushr.o
       252         24          0          0          0        252   mallocr.o
        36          0          0          0          0         68   memcpya.o
        36          0          0          0          0        108   memseta.o
         0          0          0          8          0          0   mvars.o
      2336        102          0          0          0        688   printfa.o
        40          8          0          0          0         84   scanf_char.o
       878         12          0          0          0        216   scanf_fp.o
         0          0          0          4          0          0   stderr.o
        24          0          0          0          0         68   strcat.o
        18          0          0          0          0         68   strcpy.o
        14          0          0          0          0         68   strlen.o
        24          0          0          0          0         76   strncpy.o
        36          0          0          0          0         80   strstr.o
       156         12          0          0          0        120   strtod.o
        68          6          0          4          0         80   strtok.o
       112          0          0          0          0         88   strtol.o
        44          0          0          0          0         80   uidiv.o
        98          0          0          0          0         92   uldiv.o
        48          0          0          0          0         68   cdrcmple.o
        56          0          0          0          0         88   d2f.o
       334          0          0          0          0        148   dadd.o
       222          0          0          0          0        100   ddiv.o
       186          0          0          0          0        176   depilogue.o
        48          0          0          0          0         68   dfixul.o
        24          0          0          0          0         76   dfltul.o
       228          0          0          0          0         96   dmul.o
        38          0          0          0          0         68   f2d.o
       110          0          0          0          0        168   fepilogue.o

    ----------------------------------------------------------------------
      7564        228        136         20          0       4756   Library Totals
        14          4          3          0          0          0   (incl. Padding)

    ----------------------------------------------------------------------

      Code (inc. data)   RO Data    RW Data    ZI Data      Debug   Library Name

        56         12          0          0          0        132   m_wm.l
      6200        212        133         20          0       3568   mc_w.l
      1294          0          0          0          0       1056   mf_w.l

    ----------------------------------------------------------------------
      7564        228        136         20          0       4756   Library Totals

    ----------------------------------------------------------------------

==============================================================================


      Code (inc. data)   RO Data    RW Data    ZI Data      Debug   

     53876       8520       1836        348      80900    1708204   Grand Totals
     53876       8520       1836         64      80900    1708204   ELF Image Totals (compressed)
     53876       8520       1836         64          0          0   ROM Totals

==============================================================================

    Total RO  Size (Code + RO Data)                55712 (  54.41kB)
    Total RW  Size (RW Data + ZI Data)             81248 (  79.34kB)
    Total ROM Size (Code + RO Data + RW Data)      55776 (  54.47kB)

==============================================================================

