Component: ARM Compiler 5.06 update 6 (build 750) Tool: armlink [4d35ed]

==============================================================================

Section Cross References

    startup_stm32f407xx.o(STACK) refers (Special) to heapauxi.o(.text) for __use_two_region_memory
    startup_stm32f407xx.o(HEAP) refers (Special) to heapauxi.o(.text) for __use_two_region_memory
    startup_stm32f407xx.o(RESET) refers (Special) to heapauxi.o(.text) for __use_two_region_memory
    startup_stm32f407xx.o(RESET) refers to startup_stm32f407xx.o(STACK) for __initial_sp
    startup_stm32f407xx.o(RESET) refers to startup_stm32f407xx.o(.text) for Reset_Handler
    startup_stm32f407xx.o(RESET) refers to stm32f4xx_it.o(i.NMI_Handler) for NMI_Handler
    startup_stm32f407xx.o(RESET) refers to stm32f4xx_it.o(i.HardFault_Handler) for HardFault_Handler
    startup_stm32f407xx.o(RESET) refers to stm32f4xx_it.o(i.MemManage_Handler) for MemManage_Handler
    startup_stm32f407xx.o(RESET) refers to stm32f4xx_it.o(i.BusFault_Handler) for BusFault_Handler
    startup_stm32f407xx.o(RESET) refers to stm32f4xx_it.o(i.UsageFault_Handler) for UsageFault_Handler
    startup_stm32f407xx.o(RESET) refers to stm32f4xx_it.o(i.SVC_Handler) for SVC_Handler
    startup_stm32f407xx.o(RESET) refers to stm32f4xx_it.o(i.DebugMon_Handler) for DebugMon_Handler
    startup_stm32f407xx.o(RESET) refers to stm32f4xx_it.o(i.PendSV_Handler) for PendSV_Handler
    startup_stm32f407xx.o(RESET) refers to stm32f4xx_it.o(i.SysTick_Handler) for SysTick_Handler
    startup_stm32f407xx.o(RESET) refers to stm32f4xx_it.o(i.DMA1_Stream5_IRQHandler) for DMA1_Stream5_IRQHandler
    startup_stm32f407xx.o(RESET) refers to stm32f4xx_it.o(i.DMA1_Stream6_IRQHandler) for DMA1_Stream6_IRQHandler
    startup_stm32f407xx.o(RESET) refers to stm32f4xx_it.o(i.TIM4_IRQHandler) for TIM4_IRQHandler
    startup_stm32f407xx.o(RESET) refers to stm32f4xx_it.o(i.USART1_IRQHandler) for USART1_IRQHandler
    startup_stm32f407xx.o(RESET) refers to stm32f4xx_it.o(i.USART2_IRQHandler) for USART2_IRQHandler
    startup_stm32f407xx.o(RESET) refers to stm32f4xx_it.o(i.TIM5_IRQHandler) for TIM5_IRQHandler
    startup_stm32f407xx.o(RESET) refers to stm32f4xx_it.o(i.UART5_IRQHandler) for UART5_IRQHandler
    startup_stm32f407xx.o(RESET) refers to stm32f4xx_it.o(i.DMA2_Stream2_IRQHandler) for DMA2_Stream2_IRQHandler
    startup_stm32f407xx.o(RESET) refers to stm32f4xx_it.o(i.DMA2_Stream7_IRQHandler) for DMA2_Stream7_IRQHandler
    startup_stm32f407xx.o(RESET) refers to stm32f4xx_it.o(i.USART6_IRQHandler) for USART6_IRQHandler
    startup_stm32f407xx.o(.text) refers (Special) to heapauxi.o(.text) for __use_two_region_memory
    startup_stm32f407xx.o(.text) refers to system_stm32f4xx.o(i.SystemInit) for SystemInit
    startup_stm32f407xx.o(.text) refers to __main.o(!!!main) for __main
    startup_stm32f407xx.o(.text) refers to startup_stm32f407xx.o(HEAP) for Heap_Mem
    startup_stm32f407xx.o(.text) refers to startup_stm32f407xx.o(STACK) for Stack_Mem
    main.o(i.SystemClock_Config) refers to rt_memclr_w.o(.text) for __aeabi_memclr4
    main.o(i.SystemClock_Config) refers to stm32f4xx_hal_rcc.o(i.HAL_RCC_OscConfig) for HAL_RCC_OscConfig
    main.o(i.SystemClock_Config) refers to stm32f4xx_hal_rcc.o(i.HAL_RCC_ClockConfig) for HAL_RCC_ClockConfig
    main.o(i.main) refers to stm32f4xx_hal.o(i.HAL_Init) for HAL_Init
    main.o(i.main) refers to main.o(i.SystemClock_Config) for SystemClock_Config
    main.o(i.main) refers to gpio.o(i.MX_GPIO_Init) for MX_GPIO_Init
    main.o(i.main) refers to dma.o(i.MX_DMA_Init) for MX_DMA_Init
    main.o(i.main) refers to rtc.o(i.MX_RTC_Init) for MX_RTC_Init
    main.o(i.main) refers to usart.o(i.MX_USART1_UART_Init) for MX_USART1_UART_Init
    main.o(i.main) refers to usart.o(i.MX_USART2_UART_Init) for MX_USART2_UART_Init
    main.o(i.main) refers to spi.o(i.MX_SPI1_Init) for MX_SPI1_Init
    main.o(i.main) refers to w25qxx.o(i.W25QXX_Init) for W25QXX_Init
    main.o(i.main) refers to tim.o(i.MX_TIM4_Init) for MX_TIM4_Init
    main.o(i.main) refers to tim.o(i.MX_TIM5_Init) for MX_TIM5_Init
    main.o(i.main) refers to usart.o(i.MX_UART5_Init) for MX_UART5_Init
    main.o(i.main) refers to usart.o(i.MX_USART6_UART_Init) for MX_USART6_UART_Init
    main.o(i.main) refers to w25qxx.o(i.W25QXX_Read) for W25QXX_Read
    main.o(i.main) refers to noretval__2printf.o(.text) for __2printf
    main.o(i.main) refers to iwdg.o(i.MX_IWDG_Init) for MX_IWDG_Init
    main.o(i.main) refers to sys.o(i.iap_interface_close_all_interrupt) for iap_interface_close_all_interrupt
    main.o(i.main) refers to ota.o(i.iap_interface_load_app) for iap_interface_load_app
    main.o(i.main) refers to usart.o(i.Usart1_Handle) for Usart1_Handle
    main.o(i.main) refers to usart.o(i.Usart2_Handle) for Usart2_Handle
    main.o(i.main) refers to usart.o(.data) for rec1_end_flag
    gpio.o(i.MX_GPIO_Init) refers to rt_memclr_w.o(.text) for __aeabi_memclr4
[...]
    ..\Drivers\STM32F4xx_HAL_Driver\Src\stm32f4xx_hal_gpio.c 0x00000000   Number         0  stm32f4xx_hal_gpio.o ABSOLUTE
    ..\Drivers\STM32F4xx_HAL_Driver\Src\stm32f4xx_hal_iwdg.c 0x00000000   Number         0  stm32f4xx_hal_iwdg.o ABSOLUTE
    ..\Drivers\STM32F4xx_HAL_Driver\Src\stm32f4xx_hal_pwr.c 0x00000000   Number         0  stm32f4xx_hal_pwr.o ABSOLUTE
    ..\Drivers\STM32F4xx_HAL_Driver\Src\stm32f4xx_hal_pwr_ex.c 0x00000000   Number         0  stm32f4xx_hal_pwr_ex.o ABSOLUTE
    ..\Drivers\STM32F4xx_HAL_Driver\Src\stm32f4xx_hal_rcc.c 0x00000000   Number         0  stm32f4xx_hal_rcc.o ABSOLUTE
    ..\Drivers\STM32F4xx_HAL_Driver\Src\stm32f4xx_hal_rcc_ex.c 0x00000000   Number         0  stm32f4xx_hal_rcc_ex.o ABSOLUTE
    ..\Drivers\STM32F4xx_HAL_Driver\Src\stm32f4xx_hal_rtc.c 0x00000000   Number         0  stm32f4xx_hal_rtc.o ABSOLUTE
    ..\Drivers\STM32F4xx_HAL_Driver\Src\stm32f4xx_hal_rtc_ex.c 0x00000000   Number         0  stm32f4xx_hal_rtc_ex.o ABSOLUTE
    ..\Drivers\STM32F4xx_HAL_Driver\Src\stm32f4xx_hal_spi.c 0x00000000   Number         0  stm32f4xx_hal_spi.o ABSOLUTE
    ..\Drivers\STM32F4xx_HAL_Driver\Src\stm32f4xx_hal_tim.c 0x00000000   Number         0  stm32f4xx_hal_tim.o ABSOLUTE
    ..\Drivers\STM32F4xx_HAL_Driver\Src\stm32f4xx_hal_tim_ex.c 0x00000000   Number         0  stm32f4xx_hal_tim_ex.o ABSOLUTE
    ..\Drivers\STM32F4xx_HAL_Driver\Src\stm32f4xx_hal_uart.c 0x00000000   Number         0  stm32f4xx_hal_uart.o ABSOLUTE
    ..\\Core\\Src\\IAP\\common.c             0x00000000   Number         0  common.o ABSOLUTE
    ..\\Core\\Src\\IAP\\flash_if.c           0x00000000   Number         0  flash_if.o ABSOLUTE
    ..\\Core\\Src\\IAP\\menu.c               0x00000000   Number         0  menu.o ABSOLUTE
    ..\\Core\\Src\\IAP\\ymodem.c             0x00000000   Number         0  ymodem.o ABSOLUTE
    ..\\Core\\Src\\NBiot.c                   0x00000000   Number         0  nbiot.o ABSOLUTE
    ..\\Core\\Src\\delay.c                   0x00000000   Number         0  delay.o ABSOLUTE
    ..\\Core\\Src\\flash.c                   0x00000000   Number         0  flash.o ABSOLUTE
    ..\\Core\\Src\\ota.c                     0x00000000   Number         0  ota.o ABSOLUTE
    ..\\Core\\Src\\sys.c                     0x00000000   Number         0  sys.o ABSOLUTE
    ..\\Core\\Src\\w25qxx.c                  0x00000000   Number         0  w25qxx.o ABSOLUTE
    SerialCOM.c                              0x00000000   Number         0  serialcom.o ABSOLUTE
    SerialCOM.c                              0x00000000   Number         0  serialcom.o ABSOLUTE
    dc.s                                     0x00000000   Number         0  dc.o ABSOLUTE
    startup_stm32f407xx.s                    0x00000000   Number         0  startup_stm32f407xx.o ABSOLUTE
    RESET                                    0x08000000   Section      392  startup_stm32f407xx.o(RESET)
    !!!main                                  0x08000188   Section        8  __main.o(!!!main)
    !!!scatter                               0x08000190   Section       52  __scatter.o(!!!scatter)
    !!handler_copy                           0x080001c4   Section       26  __scatter_copy.o(!!handler_copy)
    !!handler_zi                             0x080001e0   Section       28  __scatter_zi.o(!!handler_zi)
    .ARM.Collect$$_printf_percent$$00000000  0x080001fc   Section        0  _printf_percent.o(.ARM.Collect$$_printf_percent$$00000000)
    .ARM.Collect$$_printf_percent$$00000017  0x080001fc   Section        4  _printf_percent_end.o(.ARM.Collect$$_printf_percent$$00000017)
    .ARM.Collect$$libinit$$00000000          0x08000200   Section        2  libinit.o(.ARM.Collect$$libinit$$00000000)
    .ARM.Collect$$libinit$$00000001          0x08000202   Section        4  libinit2.o(.ARM.Collect$$libinit$$00000001)
    .ARM.Collect$$libinit$$00000004          0x08000206   Section        0  libinit2.o(.ARM.Collect$$libinit$$00000004)
    .ARM.Collect$$libinit$$0000000A          0x08000206   Section        0  libinit2.o(.ARM.Collect$$libinit$$0000000A)
    .ARM.Collect$$libinit$$0000000C          0x08000206   Section        0  libinit2.o(.ARM.Collect$$libinit$$0000000C)
    .ARM.Collect$$libinit$$0000000E          0x08000206   Section        0  libinit2.o(.ARM.Collect$$libinit$$0000000E)
    .ARM.Collect$$libinit$$00000011          0x08000206   Section        0  libinit2.o(.ARM.Collect$$libinit$$00000011)
    .ARM.Collect$$libinit$$00000013          0x08000206   Section        0  libinit2.o(.ARM.Collect$$libinit$$00000013)
    .ARM.Collect$$libinit$$00000015          0x08000206   Section        0  libinit2.o(.ARM.Collect$$libinit$$00000015)
    .ARM.Collect$$libinit$$00000017          0x08000206   Section        0  libinit2.o(.ARM.Collect$$libinit$$00000017)
    .ARM.Collect$$libinit$$00000019          0x08000206   Section        0  libinit2.o(.ARM.Collect$$libinit$$00000019)
    .ARM.Collect$$libinit$$0000001B          0x08000206   Section        0  libinit2.o(.ARM.Collect$$libinit$$0000001B)
    .ARM.Collect$$libinit$$0000001D          0x08000206   Section        0  libinit2.o(.ARM.Collect$$libinit$$0000001D)
    .ARM.Collect$$libinit$$0000001F          0x08000206   Section        0  libinit2.o(.ARM.Collect$$libinit$$0000001F)
    .ARM.Collect$$libinit$$00000021          0x08000206   Section        0  libinit2.o(.ARM.Collect$$libinit$$00000021)
    .ARM.Collect$$libinit$$00000023          0x08000206   Section        0  libinit2.o(.ARM.Collect$$libinit$$00000023)
    .ARM.Collect$$libinit$$00000025          0x08000206   Section        0  libinit2.o(.ARM.Collect$$libinit$$00000025)
    .ARM.Collect$$libinit$$0000002C          0x08000206   Section        0  libinit2.o(.ARM.Collect$$libinit$$0000002C)
    .ARM.Collect$$libinit$$0000002E          0x08000206   Section        0  libinit2.o(.ARM.Collect$$libinit$$0000002E)
    .ARM.Collect$$libinit$$00000030          0x08000206   Section        0  libinit2.o(.ARM.Collect$$libinit$$00000030)
    .ARM.Collect$$libinit$$00000032          0x08000206   Section        0  libinit2.o(.ARM.Collect$$libinit$$00000032)
    .ARM.Collect$$libinit$$00000033          0x08000206   Section        2  libinit2.o(.ARM.Collect$$libinit$$00000033)
    .ARM.Collect$$libshutdown$$00000000      0x08000208   Section        2  libshutdown.o(.ARM.Collect$$libshutdown$$00000000)
    .ARM.Collect$$libshutdown$$00000002      0x0800020a   Section        0  libshutdown2.o(.ARM.Collect$$libshutdown$$00000002)
    .ARM.Collect$$libshutdown$$00000004      0x0800020a   Section        0  libshutdown2.o(.ARM.Collect$$libshutdown$$00000004)
    .ARM.Collect$$libshutdown$$00000007      0x0800020a   Section        0  libshutdown2.o(.ARM.Collect$$libshutdown$$00000007)
    .ARM.Collect$$libshutdown$$0000000A      0x0800020a   Section        0  libshutdown2.o(.ARM.Collect$$libshutdown$$0000000A)
    .ARM.Collect$$libshutdown$$0000000C      0x0800020a   Section        0  libshutdown2.o(.ARM.Collect$$libshutdown$$0000000C)
    .ARM.Collect$$libshutdown$$0000000F      0x0800020a   Section        0  libshutdown2.o(.ARM.Collect$$libshutdown$$0000000F)
    .ARM.Collect$$libshutdown$$00000010      0x0800020a   Section        2  libshutdown2.o(.ARM.Collect$$libshutdown$$00000010)
    .ARM.Collect$$rtentry$$00000000          0x0800020c   Section        0  __rtentry.o(.ARM.Collect$$rtentry$$00000000)
    .ARM.Collect$$rtentry$$00000002          0x0800020c   Section        0  __rtentry2.o(.ARM.Collect$$rtentry$$00000002)
    .ARM.Collect$$rtentry$$00000004          0x0800020c   Section        6  __rtentry4.o(.ARM.Collect$$rtentry$$00000004)
    .ARM.Collect$$rtentry$$00000009          0x08000212   Section        0  __rtentry2.o(.ARM.Collect$$rtentry$$00000009)
    .ARM.Collect$$rtentry$$0000000A          0x08000212   Section        4  __rtentry2.o(.ARM.Collect$$rtentry$$0000000A)
    .ARM.Collect$$rtentry$$0000000C          0x08000216   Section        0  __rtentry2.o(.ARM.Collect$$rtentry$$0000000C)
    .ARM.Collect$$rtentry$$0000000D          0x08000216   Section        8  __rtentry2.o(.ARM.Collect$$rtentry$$0000000D)
    .ARM.Collect$$rtexit$$00000000           0x0800021e   Section        2  rtexit.o(.ARM.Collect$$rtexit$$00000000)
    .ARM.Collect$$rtexit$$00000002           0x08000220   Section        0  rtexit2.o(.ARM.Collect$$rtexit$$00000002)
    .ARM.Collect$$rtexit$$00000003           0x08000220   Section        4  rtexit2.o(.ARM.Collect$$rtexit$$00000003)
    .ARM.Collect$$rtexit$$00000004           0x08000224   Section        6  rtexit2.o(.ARM.Collect$$rtexit$$00000004)
    .emb_text                                0x0800022c   Section       16  sys.o(.emb_text)
    $v0                                      0x0800022c   Number         0  sys.o(.emb_text)
    .text                                    0x0800023c   Section       64  startup_stm32f407xx.o(.text)
    $v0                                      0x0800023c   Number         0  startup_stm32f407xx.o(.text)
    .text                                    0x0800027c   Section      238  lludivv7m.o(.text)
    .text                                    0x0800036c   Section        0  noretval__2printf.o(.text)
    .text                                    0x08000384   Section        0  __printf.o(.text)
    .text                                    0x080003ec   Section       78  rt_memclr_w.o(.text)
    .text                                    0x0800043a   Section        0  heapauxi.o(.text)
    .text                                    0x08000440   Section        0  _printf_char_common.o(.text)
    _printf_input_char                       0x08000441   Thumb Code    10  _printf_char_common.o(.text)
    .text                                    0x08000470   Section        0  _printf_char_file.o(.text)
    .text                                    0x08000494   Section        0  ferror.o(.text)
    .text                                    0x0800049c   Section        8  libspace.o(.text)
    .text                                    0x080004a4   Section       74  sys_stackheap_outer.o(.text)
    .text                                    0x080004ee   Section        0  exit.o(.text)
    i.BusFault_Handler                       0x08000500   Section        0  stm32f4xx_it.o(i.BusFault_Handler)
    i.DMA1_Stream5_IRQHandler                0x08000504   Section        0  stm32f4xx_it.o(i.DMA1_Stream5_IRQHandler)
    i.DMA1_Stream6_IRQHandler                0x08000510   Section        0  stm32f4xx_it.o(i.DMA1_Stream6_IRQHandler)
    i.DMA2_Stream2_IRQHandler                0x0800051c   Section        0  stm32f4xx_it.o(i.DMA2_Stream2_IRQHandler)
    i.DMA2_Stream7_IRQHandler                0x08000528   Section        0  stm32f4xx_it.o(i.DMA2_Stream7_IRQHandler)
    i.DMA_CalcBaseAndBitshift                0x08000534   Section        0  stm32f4xx_hal_dma.o(i.DMA_CalcBaseAndBitshift)
    DMA_CalcBaseAndBitshift                  0x08000535   Thumb Code    34  stm32f4xx_hal_dma.o(i.DMA_CalcBaseAndBitshift)
    i.DMA_CheckFifoParam                     0x0800055c   Section        0  stm32f4xx_hal_dma.o(i.DMA_CheckFifoParam)
    DMA_CheckFifoParam                       0x0800055d   Thumb Code    84  stm32f4xx_hal_dma.o(i.DMA_CheckFifoParam)
    i.DMA_SetConfig                          0x080005b0   Section        0  stm32f4xx_hal_dma.o(i.DMA_SetConfig)
    DMA_SetConfig                            0x080005b1   Thumb Code    40  stm32f4xx_hal_dma.o(i.DMA_SetConfig)
    i.DMA_Usart2_Send                        0x080005d8   Section        0  usart.o(i.DMA_Usart2_Send)
    i.DebugMon_Handler                       0x080005f8   Section        0  stm32f4xx_it.o(i.DebugMon_Handler)
    i.Error_Handler                          0x080005fa   Section        0  main.o(i.Error_Handler)
    i.HAL_DMA_Abort                          0x080005fe   Section        0  stm32f4xx_hal_dma.o(i.HAL_DMA_Abort)
    i.HAL_DMA_Abort_IT                       0x08000690   Section        0  stm32f4xx_hal_dma.o(i.HAL_DMA_Abort_IT)
    i.HAL_DMA_IRQHandler                     0x080006b4   Section        0  stm32f4xx_hal_dma.o(i.HAL_DMA_IRQHandler)
    i.HAL_DMA_Init                           0x08000854   Section        0  stm32f4xx_hal_dma.o(i.HAL_DMA_Init)
    i.HAL_DMA_Start_IT                       0x08000928   Section        0  stm32f4xx_hal_dma.o(i.HAL_DMA_Start_IT)
    i.HAL_GPIO_Init                          0x08000998   Section        0  stm32f4xx_hal_gpio.o(i.HAL_GPIO_Init)
    i.HAL_GPIO_WritePin                      0x08000b88   Section        0  stm32f4xx_hal_gpio.o(i.HAL_GPIO_WritePin)
    i.HAL_GetTick                            0x08000b94   Section        0  stm32f4xx_hal.o(i.HAL_GetTick)
    i.HAL_IWDG_Init                          0x08000ba0   Section        0  stm32f4xx_hal_iwdg.o(i.HAL_IWDG_Init)
    i.HAL_IncTick                            0x08000bfc   Section        0  stm32f4xx_hal.o(i.HAL_IncTick)
    i.HAL_Init                               0x08000c0c   Section        0  stm32f4xx_hal.o(i.HAL_Init)
    i.HAL_InitTick                           0x08000c40   Section        0  stm32f4xx_hal.o(i.HAL_InitTick)
    i.HAL_MspInit                            0x08000c80   Section        0  stm32f4xx_hal_msp.o(i.HAL_MspInit)
    i.HAL_NVIC_DisableIRQ                    0x08000cb0   Section        0  stm32f4xx_hal_cortex.o(i.HAL_NVIC_DisableIRQ)
    i.HAL_NVIC_EnableIRQ                     0x08000cd2   Section        0  stm32f4xx_hal_cortex.o(i.HAL_NVIC_EnableIRQ)
    i.HAL_NVIC_SetPriority                   0x08000cec   Section        0  stm32f4xx_hal_cortex.o(i.HAL_NVIC_SetPriority)
    i.HAL_NVIC_SetPriorityGrouping           0x08000d2c   Section        0  stm32f4xx_hal_cortex.o(i.HAL_NVIC_SetPriorityGrouping)
    i.HAL_RCCEx_PeriphCLKConfig              0x08000d50   Section        0  stm32f4xx_hal_rcc_ex.o(i.HAL_RCCEx_PeriphCLKConfig)
    i.HAL_RCC_ClockConfig                    0x08000e8c   Section        0  stm32f4xx_hal_rcc.o(i.HAL_RCC_ClockConfig)
    i.HAL_RCC_GetPCLK1Freq                   0x08000fc0   Section        0  stm32f4xx_hal_rcc.o(i.HAL_RCC_GetPCLK1Freq)
    i.HAL_RCC_GetPCLK2Freq                   0x08000fe0   Section        0  stm32f4xx_hal_rcc.o(i.HAL_RCC_GetPCLK2Freq)
    i.HAL_RCC_GetSysClockFreq                0x08001000   Section        0  stm32f4xx_hal_rcc.o(i.HAL_RCC_GetSysClockFreq)
    i.HAL_RCC_OscConfig                      0x08001060   Section        0  stm32f4xx_hal_rcc.o(i.HAL_RCC_OscConfig)
    i.HAL_RTC_Init                           0x080013cc   Section        0  stm32f4xx_hal_rtc.o(i.HAL_RTC_Init)
    i.HAL_RTC_MspInit                        0x08001458   Section        0  rtc.o(i.HAL_RTC_MspInit)
    i.HAL_RTC_WaitForSynchro                 0x08001490   Section        0  stm32f4xx_hal_rtc.o(i.HAL_RTC_WaitForSynchro)
    i.HAL_SPI_Init                           0x080014c6   Section        0  stm32f4xx_hal_spi.o(i.HAL_SPI_Init)
    i.HAL_SPI_MspInit                        0x08001584   Section        0  spi.o(i.HAL_SPI_MspInit)
    i.HAL_SPI_TransmitReceive                0x080015ec   Section        0  stm32f4xx_hal_spi.o(i.HAL_SPI_TransmitReceive)
    i.HAL_SYSTICK_Config                     0x080017ce   Section        0  stm32f4xx_hal_cortex.o(i.HAL_SYSTICK_Config)
    i.HAL_TIMEx_BreakCallback                0x080017f6   Section        0  stm32f4xx_hal_tim_ex.o(i.HAL_TIMEx_BreakCallback)
    i.HAL_TIMEx_CommutCallback               0x080017f8   Section        0  stm32f4xx_hal_tim_ex.o(i.HAL_TIMEx_CommutCallback)
    i.HAL_TIMEx_MasterConfigSynchronization  0x080017fc   Section        0  stm32f4xx_hal_tim_ex.o(i.HAL_TIMEx_MasterConfigSynchronization)
    i.HAL_TIM_Base_Init                      0x0800188c   Section        0  stm32f4xx_hal_tim.o(i.HAL_TIM_Base_Init)
    i.HAL_TIM_Base_MspInit                   0x080018e8   Section        0  tim.o(i.HAL_TIM_Base_MspInit)
    i.HAL_TIM_ConfigClockSource              0x0800194c   Section        0  stm32f4xx_hal_tim.o(i.HAL_TIM_ConfigClockSource)
    i.HAL_TIM_IC_CaptureCallback             0x08001a28   Section        0  stm32f4xx_hal_tim.o(i.HAL_TIM_IC_CaptureCallback)
    i.HAL_TIM_IRQHandler                     0x08001a2a   Section        0  stm32f4xx_hal_tim.o(i.HAL_TIM_IRQHandler)
    i.HAL_TIM_OC_DelayElapsedCallback        0x08001b90   Section        0  stm32f4xx_hal_tim.o(i.HAL_TIM_OC_DelayElapsedCallback)
    i.HAL_TIM_PWM_PulseFinishedCallback      0x08001b92   Section        0  stm32f4xx_hal_tim.o(i.HAL_TIM_PWM_PulseFinishedCallback)
    i.HAL_TIM_PeriodElapsedCallback          0x08001b94   Section        0  stm32f4xx_hal_tim.o(i.HAL_TIM_PeriodElapsedCallback)
    i.HAL_TIM_TriggerCallback                0x08001b96   Section        0  stm32f4xx_hal_tim.o(i.HAL_TIM_TriggerCallback)
    i.HAL_UARTEx_RxEventCallback             0x08001b98   Section        0  stm32f4xx_hal_uart.o(i.HAL_UARTEx_RxEventCallback)
    i.HAL_UART_DMAStop                       0x08001b9a   Section        0  stm32f4xx_hal_uart.o(i.HAL_UART_DMAStop)
    i.HAL_UART_ErrorCallback                 0x08001c0a   Section        0  stm32f4xx_hal_uart.o(i.HAL_UART_ErrorCallback)
    i.HAL_UART_IRQHandler                    0x08001c0c   Section        0  stm32f4xx_hal_uart.o(i.HAL_UART_IRQHandler)
    i.HAL_UART_Init                          0x08001e74   Section        0  stm32f4xx_hal_uart.o(i.HAL_UART_Init)
    i.HAL_UART_MspInit                       0x08001ed8   Section        0  usart.o(i.HAL_UART_MspInit)
    i.HAL_UART_Receive_DMA                   0x08002148   Section        0  stm32f4xx_hal_uart.o(i.HAL_UART_Receive_DMA)
    i.HAL_UART_RxCpltCallback                0x08002172   Section        0  stm32f4xx_hal_uart.o(i.HAL_UART_RxCpltCallback)
    i.HAL_UART_RxHalfCpltCallback            0x08002174   Section        0  stm32f4xx_hal_uart.o(i.HAL_UART_RxHalfCpltCallback)
    i.HAL_UART_Transmit_DMA                  0x08002178   Section        0  stm32f4xx_hal_uart.o(i.HAL_UART_Transmit_DMA)
    i.HAL_UART_TxCpltCallback                0x08002204   Section        0  stm32f4xx_hal_uart.o(i.HAL_UART_TxCpltCallback)
    i.HAL_UART_TxHalfCpltCallback            0x08002206   Section        0  stm32f4xx_hal_uart.o(i.HAL_UART_TxHalfCpltCallback)
    i.HardFault_Handler                      0x08002208   Section        0  stm32f4xx_it.o(i.HardFault_Handler)
    i.MX_DMA_Init                            0x0800220c   Section        0  dma.o(i.MX_DMA_Init)
    i.MX_GPIO_Init                           0x08002278   Section        0  gpio.o(i.MX_GPIO_Init)
    i.MX_IWDG_Init                           0x08002424   Section        0  iwdg.o(i.MX_IWDG_Init)
    i.MX_RTC_Init                            0x08002450   Section        0  rtc.o(i.MX_RTC_Init)
    i.MX_SPI1_Init                           0x0800248c   Section        0  spi.o(i.MX_SPI1_Init)
    i.MX_TIM4_Init                           0x080024d4   Section        0  tim.o(i.MX_TIM4_Init)
    i.MX_TIM5_Init                           0x0800253c   Section        0  tim.o(i.MX_TIM5_Init)
    i.MX_UART5_Init                          0x080025a4   Section        0  usart.o(i.MX_UART5_Init)
    i.MX_USART1_UART_Init                    0x080025dc   Section        0  usart.o(i.MX_USART1_UART_Init)
    i.MX_USART2_UART_Init                    0x08002614   Section        0  usart.o(i.MX_USART2_UART_Init)
    i.MX_USART6_UART_Init                    0x0800264c   Section        0  usart.o(i.MX_USART6_UART_Init)
    i.MemManage_Handler                      0x08002684   Section        0  stm32f4xx_it.o(i.MemManage_Handler)
    i.NMI_Handler                            0x08002686   Section        0  stm32f4xx_it.o(i.NMI_Handler)
    i.PendSV_Handler                         0x08002688   Section        0  stm32f4xx_it.o(i.PendSV_Handler)
    i.RTC_EnterInitMode                      0x0800268c   Section        0  stm32f4xx_hal_rtc.o(i.RTC_EnterInitMode)
    i.RTC_ExitInitMode                       0x080026d4   Section        0  stm32f4xx_hal_rtc.o(i.RTC_ExitInitMode)
    i.SPI1_ReadWriteByte                     0x08002700   Section        0  spi.o(i.SPI1_ReadWriteByte)
    i.SPI_EndRxTxTransaction                 0x08002720   Section        0  stm32f4xx_hal_spi.o(i.SPI_EndRxTxTransaction)
    SPI_EndRxTxTransaction                   0x08002721   Thumb Code    80  stm32f4xx_hal_spi.o(i.SPI_EndRxTxTransaction)
    i.SPI_WaitFlagStateUntilTimeout          0x08002778   Section        0  stm32f4xx_hal_spi.o(i.SPI_WaitFlagStateUntilTimeout)
    SPI_WaitFlagStateUntilTimeout            0x08002779   Thumb Code   180  stm32f4xx_hal_spi.o(i.SPI_WaitFlagStateUntilTimeout)
    i.SVC_Handler                            0x08002830   Section        0  stm32f4xx_it.o(i.SVC_Handler)
    i.SysTick_Handler                        0x08002832   Section        0  stm32f4xx_it.o(i.SysTick_Handler)
    i.SystemClock_Config                     0x08002838   Section        0  main.o(i.SystemClock_Config)
    i.SystemInit                             0x080028cc   Section        0  system_stm32f4xx.o(i.SystemInit)
    i.TIM4_IRQHandler                        0x080028dc   Section        0  stm32f4xx_it.o(i.TIM4_IRQHandler)
    i.TIM5_IRQHandler                        0x080028e8   Section        0  stm32f4xx_it.o(i.TIM5_IRQHandler)
    i.TIM_Base_SetConfig                     0x080028f4   Section        0  stm32f4xx_hal_tim.o(i.TIM_Base_SetConfig)
    i.TIM_ETR_SetConfig                      0x080029bc   Section        0  stm32f4xx_hal_tim.o(i.TIM_ETR_SetConfig)
    i.TIM_ITRx_SetConfig                     0x080029d0   Section        0  stm32f4xx_hal_tim.o(i.TIM_ITRx_SetConfig)
    TIM_ITRx_SetConfig                       0x080029d1   Thumb Code    16  stm32f4xx_hal_tim.o(i.TIM_ITRx_SetConfig)
    i.TIM_TI1_ConfigInputStage               0x080029e0   Section        0  stm32f4xx_hal_tim.o(i.TIM_TI1_ConfigInputStage)
    TIM_TI1_ConfigInputStage                 0x080029e1   Thumb Code    34  stm32f4xx_hal_tim.o(i.TIM_TI1_ConfigInputStage)
    i.TIM_TI2_ConfigInputStage               0x08002a02   Section        0  stm32f4xx_hal_tim.o(i.TIM_TI2_ConfigInputStage)
    TIM_TI2_ConfigInputStage                 0x08002a03   Thumb Code    36  stm32f4xx_hal_tim.o(i.TIM_TI2_ConfigInputStage)
    i.UART5_IRQHandler                       0x08002a28   Section        0  stm32f4xx_it.o(i.UART5_IRQHandler)
    i.UART_DMAAbortOnError                   0x08002a34   Section        0  stm32f4xx_hal_uart.o(i.UART_DMAAbortOnError)
    UART_DMAAbortOnError                     0x08002a35   Thumb Code    16  stm32f4xx_hal_uart.o(i.UART_DMAAbortOnError)
    i.UART_DMAError                          0x08002a44   Section        0  stm32f4xx_hal_uart.o(i.UART_DMAError)
    UART_DMAError                            0x08002a45   Thumb Code    74  stm32f4xx_hal_uart.o(i.UART_DMAError)
    i.UART_DMAReceiveCplt                    0x08002a8e   Section        0  stm32f4xx_hal_uart.o(i.UART_DMAReceiveCplt)
    UART_DMAReceiveCplt                      0x08002a8f   Thumb Code   130  stm32f4xx_hal_uart.o(i.UART_DMAReceiveCplt)
    i.UART_DMARxHalfCplt                     0x08002b10   Section        0  stm32f4xx_hal_uart.o(i.UART_DMARxHalfCplt)
    UART_DMARxHalfCplt                       0x08002b11   Thumb Code    26  stm32f4xx_hal_uart.o(i.UART_DMARxHalfCplt)
    i.UART_DMATransmitCplt                   0x08002b2a   Section        0  stm32f4xx_hal_uart.o(i.UART_DMATransmitCplt)
    UART_DMATransmitCplt                     0x08002b2b   Thumb Code    66  stm32f4xx_hal_uart.o(i.UART_DMATransmitCplt)
    i.UART_DMATxHalfCplt                     0x08002b6c   Section        0  stm32f4xx_hal_uart.o(i.UART_DMATxHalfCplt)
    UART_DMATxHalfCplt                       0x08002b6d   Thumb Code    10  stm32f4xx_hal_uart.o(i.UART_DMATxHalfCplt)
    i.UART_EndRxTransfer                     0x08002b76   Section        0  stm32f4xx_hal_uart.o(i.UART_EndRxTransfer)
    UART_EndRxTransfer                       0x08002b77   Thumb Code    78  stm32f4xx_hal_uart.o(i.UART_EndRxTransfer)
    i.UART_EndTxTransfer                     0x08002bc4   Section        0  stm32f4xx_hal_uart.o(i.UART_EndTxTransfer)
    UART_EndTxTransfer                       0x08002bc5   Thumb Code    28  stm32f4xx_hal_uart.o(i.UART_EndTxTransfer)
    i.UART_Receive_IT                        0x08002be0   Section        0  stm32f4xx_hal_uart.o(i.UART_Receive_IT)
    UART_Receive_IT                          0x08002be1   Thumb Code   192  stm32f4xx_hal_uart.o(i.UART_Receive_IT)
    i.UART_SetConfig                         0x08002ca0   Section        0  stm32f4xx_hal_uart.o(i.UART_SetConfig)
    UART_SetConfig                           0x08002ca1   Thumb Code   258  stm32f4xx_hal_uart.o(i.UART_SetConfig)
    i.UART_Start_Receive_DMA                 0x08002dac   Section        0  stm32f4xx_hal_uart.o(i.UART_Start_Receive_DMA)
    i.USART1_IRQHandler                      0x08002e40   Section        0  stm32f4xx_it.o(i.USART1_IRQHandler)
    i.USART2_IRQHandler                      0x08002e54   Section        0  stm32f4xx_it.o(i.USART2_IRQHandler)
    i.USART6_IRQHandler                      0x08002e68   Section        0  stm32f4xx_it.o(i.USART6_IRQHandler)
    i.UsageFault_Handler                     0x08002e74   Section        0  stm32f4xx_it.o(i.UsageFault_Handler)
    i.Usart1_Handle                          0x08002e78   Section        0  usart.o(i.Usart1_Handle)
    i.Usart1_IDLE                            0x08002e98   Section        0  usart.o(i.Usart1_IDLE)
    i.Usart2_Handle                          0x08002ed0   Section        0  usart.o(i.Usart2_Handle)
    i.Usart2_IDLE                            0x08002efc   Section        0  usart.o(i.Usart2_IDLE)
    i.W25QXX_Init                            0x08002f38   Section        0  w25qxx.o(i.W25QXX_Init)
    i.W25QXX_Read                            0x08002fb0   Section        0  w25qxx.o(i.W25QXX_Read)
    i.W25QXX_ReadID                          0x08003018   Section        0  w25qxx.o(i.W25QXX_ReadID)
    i.W25QXX_ReadSR                          0x0800305c   Section        0  w25qxx.o(i.W25QXX_ReadSR)
    i.__NVIC_SetPriority                     0x08003094   Section        0  stm32f4xx_hal_cortex.o(i.__NVIC_SetPriority)
    __NVIC_SetPriority                       0x08003095   Thumb Code    32  stm32f4xx_hal_cortex.o(i.__NVIC_SetPriority)
    i._sys_exit                              0x080030b4   Section        0  usart.o(i._sys_exit)
    i.fputc                                  0x080030b8   Section        0  usart.o(i.fputc)
    i.iap_interface_close_all_interrupt      0x080030cc   Section        0  sys.o(i.iap_interface_close_all_interrupt)
    i.iap_interface_load_app                 0x08003100   Section        0  ota.o(i.iap_interface_load_app)
    i.main                                   0x0800311c   Section        0  main.o(i.main)
    x$fpl$fpinit                             0x08003204   Section       10  fpinit.o(x$fpl$fpinit)
    $v0                                      0x08003204   Number         0  fpinit.o(x$fpl$fpinit)
    .constdata                               0x0800320e   Section        8  stm32f4xx_hal_dma.o(.constdata)
    flagBitshiftOffset                       0x0800320e   Data           8  stm32f4xx_hal_dma.o(.constdata)
    .constdata                               0x08003216   Section       16  system_stm32f4xx.o(.constdata)
    .constdata                               0x08003226   Section        8  system_stm32f4xx.o(.constdata)
    .data                                    0x20000000   Section        5  usart.o(.data)
    .data                                    0x20000008   Section        4  usart.o(.data)
    .data                                    0x2000000c   Section        4  ota.o(.data)
    .data                                    0x20000010   Section        8  w25qxx.o(.data)
    .data                                    0x20000018   Section       12  stm32f4xx_hal.o(.data)
    .data                                    0x20000024   Section        4  system_stm32f4xx.o(.data)
    .bss                                     0x20000028   Section       12  iwdg.o(.bss)
    .bss                                     0x20000034   Section       32  rtc.o(.bss)
    .bss                                     0x20000054   Section       88  spi.o(.bss)
    .bss                                     0x200000ac   Section      144  tim.o(.bss)
    .bss                                     0x2000013c   Section     2704  usart.o(.bss)
    .bss                                     0x20000bcc   Section       96  libspace.o(.bss)
    HEAP                                     0x20000c30   Section     8192  startup_stm32f407xx.o(HEAP)
    Heap_Mem                                 0x20000c30   Data        8192  startup_stm32f407xx.o(HEAP)
    STACK                                    0x20002c30   Section     8192  startup_stm32f407xx.o(STACK)
    Stack_Mem                                0x20002c30   Data        8192  startup_stm32f407xx.o(STACK)
    __initial_sp                             0x20004c30   Data           0  startup_stm32f407xx.o(STACK)

    Global Symbols

    Symbol Name                              Value     Ov Type        Size  Object(Section)

    BuildAttributes$$THM_ISAv4$E$P$D$K$B$S$7EM$VFPi3$EXTD16$VFPS$VFMA$PE$A:L22UL41UL21$X:L11$S22US41US21$IEEE1$IW$USESV6$~STKCKD$USESV7$~SHL$OTIME$ROPI$IEEEJ$EBA8$UX$STANDARDLIB$REQ8$PRES8$EABIv2 0x00000000   Number         0  anon$$obj.o ABSOLUTE
    __ARM_use_no_argv                        0x00000000   Number         0  main.o ABSOLUTE
    __ARM_exceptions_init                     - Undefined Weak Reference
    __alloca_initialize                       - Undefined Weak Reference
    __arm_preinit_                            - Undefined Weak Reference
    __cpp_initialize__aeabi_                  - Undefined Weak Reference
    __cxa_finalize                            - Undefined Weak Reference
    __sigvec_lookup                           - Undefined Weak Reference
    _atexit_init                              - Undefined Weak Reference
    _call_atexit_fns                          - Undefined Weak Reference
    _clock_init                               - Undefined Weak Reference
    _fp_trap_init                             - Undefined Weak Reference
    _fp_trap_shutdown                         - Undefined Weak Reference
    _get_lc_collate                           - Undefined Weak Reference
    _get_lc_ctype                             - Undefined Weak Reference
    _get_lc_monetary                          - Undefined Weak Reference
    _get_lc_time                              - Undefined Weak Reference
    _getenv_init                              - Undefined Weak Reference
    _handle_redirection                       - Undefined Weak Reference
    _init_alloc                               - Undefined Weak Reference
    _init_user_alloc                          - Undefined Weak Reference
    _initio                                   - Undefined Weak Reference
    _mutex_acquire                            - Undefined Weak Reference
    _mutex_release                            - Undefined Weak Reference
    _printf_mbtowc                            - Undefined Weak Reference
    _printf_post_padding                      - Undefined Weak Reference
    _printf_pre_padding                       - Undefined Weak Reference
    _printf_truncate_signed                   - Undefined Weak Reference
    _printf_truncate_unsigned                 - Undefined Weak Reference
    _rand_init                                - Undefined Weak Reference
    _signal_finish                            - Undefined Weak Reference
    _signal_init                              - Undefined Weak Reference
    _terminate_alloc                          - Undefined Weak Reference
    _terminate_user_alloc                     - Undefined Weak Reference
    _terminateio                              - Undefined Weak Reference
    __Vectors_Size                           0x00000188   Number         0  startup_stm32f407xx.o ABSOLUTE
    __Vectors                                0x08000000   Data           4  startup_stm32f407xx.o(RESET)
    __Vectors_End                            0x08000188   Data           0  startup_stm32f407xx.o(RESET)
    __main                                   0x08000189   Thumb Code     8  __main.o(!!!main)
    __scatterload                            0x08000191   Thumb Code     0  __scatter.o(!!!scatter)
    __scatterload_rt2                        0x08000191   Thumb Code    44  __scatter.o(!!!scatter)
    __scatterload_rt2_thumb_only             0x08000191   Thumb Code     0  __scatter.o(!!!scatter)
    __scatterload_null                       0x0800019f   Thumb Code     0  __scatter.o(!!!scatter)
    __scatterload_copy                       0x080001c5   Thumb Code    26  __scatter_copy.o(!!handler_copy)
    __scatterload_zeroinit                   0x080001e1   Thumb Code    28  __scatter_zi.o(!!handler_zi)
    _printf_percent                          0x080001fd   Thumb Code     0  _printf_percent.o(.ARM.Collect$$_printf_percent$$00000000)
    _printf_percent_end                      0x080001fd   Thumb Code     0  _printf_percent_end.o(.ARM.Collect$$_printf_percent$$00000017)
    __rt_lib_init                            0x08000201   Thumb Code     0  libinit.o(.ARM.Collect$$libinit$$00000000)
    __rt_lib_init_fp_1                       0x08000203   Thumb Code     0  libinit2.o(.ARM.Collect$$libinit$$00000001)
    __rt_lib_init_alloca_1                   0x08000207   Thumb Code     0  libinit2.o(.ARM.Collect$$libinit$$0000002E)
    __rt_lib_init_argv_1                     0x08000207   Thumb Code     0  libinit2.o(.ARM.Collect$$libinit$$0000002C)
    __rt_lib_init_atexit_1                   0x08000207   Thumb Code     0  libinit2.o(.ARM.Collect$$libinit$$0000001B)
    __rt_lib_init_clock_1                    0x08000207   Thumb Code     0  libinit2.o(.ARM.Collect$$libinit$$00000021)
    __rt_lib_init_cpp_1                      0x08000207   Thumb Code     0  libinit2.o(.ARM.Collect$$libinit$$00000032)
    __rt_lib_init_exceptions_1               0x08000207   Thumb Code     0  libinit2.o(.ARM.Collect$$libinit$$00000030)
    __rt_lib_init_fp_trap_1                  0x08000207   Thumb Code     0  libinit2.o(.ARM.Collect$$libinit$$0000001F)
    __rt_lib_init_getenv_1                   0x08000207   Thumb Code     0  libinit2.o(.ARM.Collect$$libinit$$00000023)
    __rt_lib_init_heap_1                     0x08000207   Thumb Code     0  libinit2.o(.ARM.Collect$$libinit$$0000000A)
    __rt_lib_init_lc_collate_1               0x08000207   Thumb Code     0  libinit2.o(.ARM.Collect$$libinit$$00000011)
    __rt_lib_init_lc_ctype_1                 0x08000207   Thumb Code     0  libinit2.o(.ARM.Collect$$libinit$$00000013)
    __rt_lib_init_lc_monetary_1              0x08000207   Thumb Code     0  libinit2.o(.ARM.Collect$$libinit$$00000015)
    __rt_lib_init_lc_numeric_1               0x08000207   Thumb Code     0  libinit2.o(.ARM.Collect$$libinit$$00000017)
    __rt_lib_init_lc_time_1                  0x08000207   Thumb Code     0  libinit2.o(.ARM.Collect$$libinit$$00000019)
    __rt_lib_init_preinit_1                  0x08000207   Thumb Code     0  libinit2.o(.ARM.Collect$$libinit$$00000004)
    __rt_lib_init_rand_1                     0x08000207   Thumb Code     0  libinit2.o(.ARM.Collect$$libinit$$0000000E)
    __rt_lib_init_return                     0x08000207   Thumb Code     0  libinit2.o(.ARM.Collect$$libinit$$00000033)
    __rt_lib_init_signal_1                   0x08000207   Thumb Code     0  libinit2.o(.ARM.Collect$$libinit$$0000001D)
    __rt_lib_init_stdio_1                    0x08000207   Thumb Code     0  libinit2.o(.ARM.Collect$$libinit$$00000025)
    __rt_lib_init_user_alloc_1               0x08000207   Thumb Code     0  libinit2.o(.ARM.Collect$$libinit$$0000000C)
    __rt_lib_shutdown                        0x08000209   Thumb Code     0  libshutdown.o(.ARM.Collect$$libshutdown$$00000000)
    __rt_lib_shutdown_cpp_1                  0x0800020b   Thumb Code     0  libshutdown2.o(.ARM.Collect$$libshutdown$$00000002)
    __rt_lib_shutdown_fp_trap_1              0x0800020b   Thumb Code     0  libshutdown2.o(.ARM.Collect$$libshutdown$$00000007)
    __rt_lib_shutdown_heap_1                 0x0800020b   Thumb Code     0  libshutdown2.o(.ARM.Collect$$libshutdown$$0000000F)
    __rt_lib_shutdown_return                 0x0800020b   Thumb Code     0  libshutdown2.o(.ARM.Collect$$libshutdown$$00000010)
    __rt_lib_shutdown_signal_1               0x0800020b   Thumb Code     0  libshutdown2.o(.ARM.Collect$$libshutdown$$0000000A)
    __rt_lib_shutdown_stdio_1                0x0800020b   Thumb Code     0  libshutdown2.o(.ARM.Collect$$libshutdown$$00000004)
    __rt_lib_shutdown_user_alloc_1           0x0800020b   Thumb Code     0  libshutdown2.o(.ARM.Collect$$libshutdown$$0000000C)
    __rt_entry                               0x0800020d   Thumb Code     0  __rtentry.o(.ARM.Collect$$rtentry$$00000000)
    __rt_entry_presh_1                       0x0800020d   Thumb Code     0  __rtentry2.o(.ARM.Collect$$rtentry$$00000002)
    __rt_entry_sh                            0x0800020d   Thumb Code     0  __rtentry4.o(.ARM.Collect$$rtentry$$00000004)
    __rt_entry_li                            0x08000213   Thumb Code     0  __rtentry2.o(.ARM.Collect$$rtentry$$0000000A)
    __rt_entry_postsh_1                      0x08000213   Thumb Code     0  __rtentry2.o(.ARM.Collect$$rtentry$$00000009)
    __rt_entry_main                          0x08000217   Thumb Code     0  __rtentry2.o(.ARM.Collect$$rtentry$$0000000D)
    __rt_entry_postli_1                      0x08000217   Thumb Code     0  __rtentry2.o(.ARM.Collect$$rtentry$$0000000C)
    __rt_exit                                0x0800021f   Thumb Code     0  rtexit.o(.ARM.Collect$$rtexit$$00000000)
    __rt_exit_ls                             0x08000221   Thumb Code     0  rtexit2.o(.ARM.Collect$$rtexit$$00000003)
    __rt_exit_prels_1                        0x08000221   Thumb Code     0  rtexit2.o(.ARM.Collect$$rtexit$$00000002)
    __rt_exit_exit                           0x08000225   Thumb Code     0  rtexit2.o(.ARM.Collect$$rtexit$$00000004)
    WFI_SET                                  0x0800022d   Thumb Code     2  sys.o(.emb_text)
    INTX_DISABLE                             0x0800022f   Thumb Code     4  sys.o(.emb_text)
    INTX_ENABLE                              0x08000233   Thumb Code     4  sys.o(.emb_text)
    MSR_MSP                                  0x08000237   Thumb Code     6  sys.o(.emb_text)
    Reset_Handler                            0x0800023d   Thumb Code     8  startup_stm32f407xx.o(.text)
    ADC_IRQHandler                           0x08000257   Thumb Code     0  startup_stm32f407xx.o(.text)
    CAN1_RX0_IRQHandler                      0x08000257   Thumb Code     0  startup_stm32f407xx.o(.text)
    CAN1_RX1_IRQHandler                      0x08000257   Thumb Code     0  startup_stm32f407xx.o(.text)
    CAN1_SCE_IRQHandler                      0x08000257   Thumb Code     0  startup_stm32f407xx.o(.text)
    CAN1_TX_IRQHandler                       0x08000257   Thumb Code     0  startup_stm32f407xx.o(.text)
    CAN2_RX0_IRQHandler                      0x08000257   Thumb Code     0  startup_stm32f407xx.o(.text)
    CAN2_RX1_IRQHandler                      0x08000257   Thumb Code     0  startup_stm32f407xx.o(.text)
    CAN2_SCE_IRQHandler                      0x08000257   Thumb Code     0  startup_stm32f407xx.o(.text)
    CAN2_TX_IRQHandler                       0x08000257   Thumb Code     0  startup_stm32f407xx.o(.text)
    DCMI_IRQHandler                          0x08000257   Thumb Code     0  startup_stm32f407xx.o(.text)
    DMA1_Stream0_IRQHandler                  0x08000257   Thumb Code     0  startup_stm32f407xx.o(.text)
    DMA1_Stream1_IRQHandler                  0x08000257   Thumb Code     0  startup_stm32f407xx.o(.text)
    DMA1_Stream2_IRQHandler                  0x08000257   Thumb Code     0  startup_stm32f407xx.o(.text)
    DMA1_Stream3_IRQHandler                  0x08000257   Thumb Code     0  startup_stm32f407xx.o(.text)
    DMA1_Stream4_IRQHandler                  0x08000257   Thumb Code     0  startup_stm32f407xx.o(.text)
    DMA1_Stream7_IRQHandler                  0x08000257   Thumb Code     0  startup_stm32f407xx.o(.text)
    DMA2_Stream0_IRQHandler                  0x08000257   Thumb Code     0  startup_stm32f407xx.o(.text)
    DMA2_Stream1_IRQHandler                  0x08000257   Thumb Code     0  startup_stm32f407xx.o(.text)
    DMA2_Stream3_IRQHandler                  0x08000257   Thumb Code     0  startup_stm32f407xx.o(.text)
    DMA2_Stream4_IRQHandler                  0x08000257   Thumb Code     0  startup_stm32f407xx.o(.text)
    DMA2_Stream5_IRQHandler                  0x08000257   Thumb Code     0  startup_stm32f407xx.o(.text)
    DMA2_Stream6_IRQHandler                  0x08000257   Thumb Code     0  startup_stm32f407xx.o(.text)
    ETH_IRQHandler                           0x08000257   Thumb Code     0  startup_stm32f407xx.o(.text)
    ETH_WKUP_IRQHandler                      0x08000257   Thumb Code     0  startup_stm32f407xx.o(.text)
    EXTI0_IRQHandler                         0x08000257   Thumb Code     0  startup_stm32f407xx.o(.text)
    EXTI15_10_IRQHandler                     0x08000257   Thumb Code     0  startup_stm32f407xx.o(.text)
    EXTI1_IRQHandler                         0x08000257   Thumb Code     0  startup_stm32f407xx.o(.text)
    EXTI2_IRQHandler                         0x08000257   Thumb Code     0  startup_stm32f407xx.o(.text)
    EXTI3_IRQHandler                         0x08000257   Thumb Code     0  startup_stm32f407xx.o(.text)
    EXTI4_IRQHandler                         0x08000257   Thumb Code     0  startup_stm32f407xx.o(.text)
    EXTI9_5_IRQHandler                       0x08000257   Thumb Code     0  startup_stm32f407xx.o(.text)
    FLASH_IRQHandler                         0x08000257   Thumb Code     0  startup_stm32f407xx.o(.text)
    FMC_IRQHandler                           0x08000257   Thumb Code     0  startup_stm32f407xx.o(.text)
    FPU_IRQHandler                           0x08000257   Thumb Code     0  startup_stm32f407xx.o(.text)
    HASH_RNG_IRQHandler                      0x08000257   Thumb Code     0  startup_stm32f407xx.o(.text)
    I2C1_ER_IRQHandler                       0x08000257   Thumb Code     0  startup_stm32f407xx.o(.text)
    I2C1_EV_IRQHandler                       0x08000257   Thumb Code     0  startup_stm32f407xx.o(.text)
    I2C2_ER_IRQHandler                       0x08000257   Thumb Code     0  startup_stm32f407xx.o(.text)
    I2C2_EV_IRQHandler                       0x08000257   Thumb Code     0  startup_stm32f407xx.o(.text)
    I2C3_ER_IRQHandler                       0x08000257   Thumb Code     0  startup_stm32f407xx.o(.text)
    I2C3_EV_IRQHandler                       0x08000257   Thumb Code     0  startup_stm32f407xx.o(.text)
    OTG_FS_IRQHandler                        0x08000257   Thumb Code     0  startup_stm32f407xx.o(.text)
    OTG_FS_WKUP_IRQHandler                   0x08000257   Thumb Code     0  startup_stm32f407xx.o(.text)
    OTG_HS_EP1_IN_IRQHandler                 0x08000257   Thumb Code     0  startup_stm32f407xx.o(.text)
    OTG_HS_EP1_OUT_IRQHandler                0x08000257   Thumb Code     0  startup_stm32f407xx.o(.text)
    OTG_HS_IRQHandler                        0x08000257   Thumb Code     0  startup_stm32f407xx.o(.text)
    OTG_HS_WKUP_IRQHandler                   0x08000257   Thumb Code     0  startup_stm32f407xx.o(.text)
    PVD_IRQHandler                           0x08000257   Thumb Code     0  startup_stm32f407xx.o(.text)
    RCC_IRQHandler                           0x08000257   Thumb Code     0  startup_stm32f407xx.o(.text)
    RTC_Alarm_IRQHandler                     0x08000257   Thumb Code     0  startup_stm32f407xx.o(.text)
    RTC_WKUP_IRQHandler                      0x08000257   Thumb Code     0  startup_stm32f407xx.o(.text)
    SDIO_IRQHandler                          0x08000257   Thumb Code     0  startup_stm32f407xx.o(.text)
    SPI1_IRQHandler                          0x08000257   Thumb Code     0  startup_stm32f407xx.o(.text)
    SPI2_IRQHandler                          0x08000257   Thumb Code     0  startup_stm32f407xx.o(.text)
    SPI3_IRQHandler                          0x08000257   Thumb Code     0  startup_stm32f407xx.o(.text)
    TAMP_STAMP_IRQHandler                    0x08000257   Thumb Code     0  startup_stm32f407xx.o(.text)
    TIM1_BRK_TIM9_IRQHandler                 0x08000257   Thumb Code     0  startup_stm32f407xx.o(.text)
    TIM1_CC_IRQHandler                       0x08000257   Thumb Code     0  startup_stm32f407xx.o(.text)
    TIM1_TRG_COM_TIM11_IRQHandler            0x08000257   Thumb Code     0  startup_stm32f407xx.o(.text)
    TIM1_UP_TIM10_IRQHandler                 0x08000257   Thumb Code     0  startup_stm32f407xx.o(.text)
    TIM2_IRQHandler                          0x08000257   Thumb Code     0  startup_stm32f407xx.o(.text)
    TIM3_IRQHandler                          0x08000257   Thumb Code     0  startup_stm32f407xx.o(.text)
    TIM6_DAC_IRQHandler                      0x08000257   Thumb Code     0  startup_stm32f407xx.o(.text)
    TIM7_IRQHandler                          0x08000257   Thumb Code     0  startup_stm32f407xx.o(.text)
    TIM8_BRK_TIM12_IRQHandler                0x08000257   Thumb Code     0  startup_stm32f407xx.o(.text)
    TIM8_CC_IRQHandler                       0x08000257   Thumb Code     0  startup_stm32f407xx.o(.text)
    TIM8_TRG_COM_TIM14_IRQHandler            0x08000257   Thumb Code     0  startup_stm32f407xx.o(.text)
    TIM8_UP_TIM13_IRQHandler                 0x08000257   Thumb Code     0  startup_stm32f407xx.o(.text)
    UART4_IRQHandler                         0x08000257   Thumb Code     0  startup_stm32f407xx.o(.text)
    USART3_IRQHandler                        0x08000257   Thumb Code     0  startup_stm32f407xx.o(.text)
    WWDG_IRQHandler                          0x08000257   Thumb Code     0  startup_stm32f407xx.o(.text)
    __user_initial_stackheap                 0x08000259   Thumb Code     0  startup_stm32f407xx.o(.text)
    __aeabi_uldivmod                         0x0800027d   Thumb Code     0  lludivv7m.o(.text)
    _ll_udiv                                 0x0800027d   Thumb Code   238  lludivv7m.o(.text)
    __2printf                                0x0800036d   Thumb Code    20  noretval__2printf.o(.text)
    __printf                                 0x08000385   Thumb Code   104  __printf.o(.text)
    __aeabi_memclr4                          0x080003ed   Thumb Code     0  rt_memclr_w.o(.text)
    __aeabi_memclr8                          0x080003ed   Thumb Code     0  rt_memclr_w.o(.text)
    __rt_memclr_w                            0x080003ed   Thumb Code    78  rt_memclr_w.o(.text)
    _memset_w                                0x080003f1   Thumb Code     0  rt_memclr_w.o(.text)
    __use_two_region_memory                  0x0800043b   Thumb Code     2  heapauxi.o(.text)
    __rt_heap_escrow$2region                 0x0800043d   Thumb Code     2  heapauxi.o(.text)
    __rt_heap_expand$2region                 0x0800043f   Thumb Code     2  heapauxi.o(.text)
    _printf_char_common                      0x0800044b   Thumb Code    32  _printf_char_common.o(.text)
    _printf_char_file                        0x08000471   Thumb Code    32  _printf_char_file.o(.text)
    ferror                                   0x08000495   Thumb Code     8  ferror.o(.text)
    __user_libspace                          0x0800049d   Thumb Code     8  libspace.o(.text)
    __user_perproc_libspace                  0x0800049d   Thumb Code     0  libspace.o(.text)
    __user_perthread_libspace                0x0800049d   Thumb Code     0  libspace.o(.text)
    __user_setup_stackheap                   0x080004a5   Thumb Code    74  sys_stackheap_outer.o(.text)
    exit                                     0x080004ef   Thumb Code    18  exit.o(.text)
    BusFault_Handler                         0x08000501   Thumb Code     2  stm32f4xx_it.o(i.BusFault_Handler)
    DMA1_Stream5_IRQHandler                  0x08000505   Thumb Code     6  stm32f4xx_it.o(i.DMA1_Stream5_IRQHandler)
    DMA1_Stream6_IRQHandler                  0x08000511   Thumb Code     6  stm32f4xx_it.o(i.DMA1_Stream6_IRQHandler)
    DMA2_Stream2_IRQHandler                  0x0800051d   Thumb Code     6  stm32f4xx_it.o(i.DMA2_Stream2_IRQHandler)
    DMA2_Stream7_IRQHandler                  0x08000529   Thumb Code     6  stm32f4xx_it.o(i.DMA2_Stream7_IRQHandler)
    DMA_Usart2_Send                          0x080005d9   Thumb Code    26  usart.o(i.DMA_Usart2_Send)
    DebugMon_Handler                         0x080005f9   Thumb Code     2  stm32f4xx_it.o(i.DebugMon_Handler)
    Error_Handler                            0x080005fb   Thumb Code     4  main.o(i.Error_Handler)
    HAL_DMA_Abort                            0x080005ff   Thumb Code   146  stm32f4xx_hal_dma.o(i.HAL_DMA_Abort)
    HAL_DMA_Abort_IT                         0x08000691   Thumb Code    36  stm32f4xx_hal_dma.o(i.HAL_DMA_Abort_IT)
    HAL_DMA_IRQHandler                       0x080006b5   Thumb Code   412  stm32f4xx_hal_dma.o(i.HAL_DMA_IRQHandler)
    HAL_DMA_Init                             0x08000855   Thumb Code   206  stm32f4xx_hal_dma.o(i.HAL_DMA_Init)
    HAL_DMA_Start_IT                         0x08000929   Thumb Code   110  stm32f4xx_hal_dma.o(i.HAL_DMA_Start_IT)
    HAL_GPIO_Init                            0x08000999   Thumb Code   450  stm32f4xx_hal_gpio.o(i.HAL_GPIO_Init)
    HAL_GPIO_WritePin                        0x08000b89   Thumb Code    10  stm32f4xx_hal_gpio.o(i.HAL_GPIO_WritePin)
    HAL_GetTick                              0x08000b95   Thumb Code     6  stm32f4xx_hal.o(i.HAL_GetTick)
    HAL_IWDG_Init                            0x08000ba1   Thumb Code    90  stm32f4xx_hal_iwdg.o(i.HAL_IWDG_Init)
    HAL_IncTick                              0x08000bfd   Thumb Code    12  stm32f4xx_hal.o(i.HAL_IncTick)
    HAL_Init                                 0x08000c0d   Thumb Code    48  stm32f4xx_hal.o(i.HAL_Init)
    HAL_InitTick                             0x08000c41   Thumb Code    54  stm32f4xx_hal.o(i.HAL_InitTick)
    HAL_MspInit                              0x08000c81   Thumb Code    42  stm32f4xx_hal_msp.o(i.HAL_MspInit)
    HAL_NVIC_DisableIRQ                      0x08000cb1   Thumb Code    34  stm32f4xx_hal_cortex.o(i.HAL_NVIC_DisableIRQ)
    HAL_NVIC_EnableIRQ                       0x08000cd3   Thumb Code    26  stm32f4xx_hal_cortex.o(i.HAL_NVIC_EnableIRQ)
    HAL_NVIC_SetPriority                     0x08000ced   Thumb Code    60  stm32f4xx_hal_cortex.o(i.HAL_NVIC_SetPriority)
    HAL_NVIC_SetPriorityGrouping             0x08000d2d   Thumb Code    26  stm32f4xx_hal_cortex.o(i.HAL_NVIC_SetPriorityGrouping)
    HAL_RCCEx_PeriphCLKConfig                0x08000d51   Thumb Code   296  stm32f4xx_hal_rcc_ex.o(i.HAL_RCCEx_PeriphCLKConfig)
    HAL_RCC_ClockConfig                      0x08000e8d   Thumb Code   288  stm32f4xx_hal_rcc.o(i.HAL_RCC_ClockConfig)
    HAL_RCC_GetPCLK1Freq                     0x08000fc1   Thumb Code    20  stm32f4xx_hal_rcc.o(i.HAL_RCC_GetPCLK1Freq)
    HAL_RCC_GetPCLK2Freq                     0x08000fe1   Thumb Code    20  stm32f4xx_hal_rcc.o(i.HAL_RCC_GetPCLK2Freq)
    HAL_RCC_GetSysClockFreq                  0x08001001   Thumb Code    88  stm32f4xx_hal_rcc.o(i.HAL_RCC_GetSysClockFreq)
    HAL_RCC_OscConfig                        0x08001061   Thumb Code   856  stm32f4xx_hal_rcc.o(i.HAL_RCC_OscConfig)
    HAL_RTC_Init                             0x080013cd   Thumb Code   136  stm32f4xx_hal_rtc.o(i.HAL_RTC_Init)
    HAL_RTC_MspInit                          0x08001459   Thumb Code    48  rtc.o(i.HAL_RTC_MspInit)
    HAL_RTC_WaitForSynchro                   0x08001491   Thumb Code    54  stm32f4xx_hal_rtc.o(i.HAL_RTC_WaitForSynchro)
    HAL_SPI_Init                             0x080014c7   Thumb Code   188  stm32f4xx_hal_spi.o(i.HAL_SPI_Init)
    HAL_SPI_MspInit                          0x08001585   Thumb Code    92  spi.o(i.HAL_SPI_MspInit)
    HAL_SPI_TransmitReceive                  0x080015ed   Thumb Code   482  stm32f4xx_hal_spi.o(i.HAL_SPI_TransmitReceive)
    HAL_SYSTICK_Config                       0x080017cf   Thumb Code    40  stm32f4xx_hal_cortex.o(i.HAL_SYSTICK_Config)
    HAL_TIMEx_BreakCallback                  0x080017f7   Thumb Code     2  stm32f4xx_hal_tim_ex.o(i.HAL_TIMEx_BreakCallback)
    HAL_TIMEx_CommutCallback                 0x080017f9   Thumb Code     2  stm32f4xx_hal_tim_ex.o(i.HAL_TIMEx_CommutCallback)
    HAL_TIMEx_MasterConfigSynchronization    0x080017fd   Thumb Code   116  stm32f4xx_hal_tim_ex.o(i.HAL_TIMEx_MasterConfigSynchronization)
    HAL_TIM_Base_Init                        0x0800188d   Thumb Code    90  stm32f4xx_hal_tim.o(i.HAL_TIM_Base_Init)
    HAL_TIM_Base_MspInit                     0x080018e9   Thumb Code    86  tim.o(i.HAL_TIM_Base_MspInit)
    HAL_TIM_ConfigClockSource                0x0800194d   Thumb Code   220  stm32f4xx_hal_tim.o(i.HAL_TIM_ConfigClockSource)
    HAL_TIM_IC_CaptureCallback               0x08001a29   Thumb Code     2  stm32f4xx_hal_tim.o(i.HAL_TIM_IC_CaptureCallback)
    HAL_TIM_IRQHandler                       0x08001a2b   Thumb Code   358  stm32f4xx_hal_tim.o(i.HAL_TIM_IRQHandler)
    HAL_TIM_OC_DelayElapsedCallback          0x08001b91   Thumb Code     2  stm32f4xx_hal_tim.o(i.HAL_TIM_OC_DelayElapsedCallback)
    HAL_TIM_PWM_PulseFinishedCallback        0x08001b93   Thumb Code     2  stm32f4xx_hal_tim.o(i.HAL_TIM_PWM_PulseFinishedCallback)
    HAL_TIM_PeriodElapsedCallback            0x08001b95   Thumb Code     2  stm32f4xx_hal_tim.o(i.HAL_TIM_PeriodElapsedCallback)
    HAL_TIM_TriggerCallback                  0x08001b97   Thumb Code     2  stm32f4xx_hal_tim.o(i.HAL_TIM_TriggerCallback)
    HAL_UARTEx_RxEventCallback               0x08001b99   Thumb Code     2  stm32f4xx_hal_uart.o(i.HAL_UARTEx_RxEventCallback)
    HAL_UART_DMAStop                         0x08001b9b   Thumb Code   112  stm32f4xx_hal_uart.o(i.HAL_UART_DMAStop)
    HAL_UART_ErrorCallback                   0x08001c0b   Thumb Code     2  stm32f4xx_hal_uart.o(i.HAL_UART_ErrorCallback)
    HAL_UART_IRQHandler                      0x08001c0d   Thumb Code   610  stm32f4xx_hal_uart.o(i.HAL_UART_IRQHandler)
    HAL_UART_Init                            0x08001e75   Thumb Code    98  stm32f4xx_hal_uart.o(i.HAL_UART_Init)
    HAL_UART_MspInit                         0x08001ed9   Thumb Code   574  usart.o(i.HAL_UART_MspInit)
    HAL_UART_Receive_DMA                     0x08002149   Thumb Code    42  stm32f4xx_hal_uart.o(i.HAL_UART_Receive_DMA)
    HAL_UART_RxCpltCallback                  0x08002173   Thumb Code     2  stm32f4xx_hal_uart.o(i.HAL_UART_RxCpltCallback)
    HAL_UART_RxHalfCpltCallback              0x08002175   Thumb Code     2  stm32f4xx_hal_uart.o(i.HAL_UART_RxHalfCpltCallback)
    HAL_UART_Transmit_DMA                    0x08002179   Thumb Code   126  stm32f4xx_hal_uart.o(i.HAL_UART_Transmit_DMA)
    HAL_UART_TxCpltCallback                  0x08002205   Thumb Code     2  stm32f4xx_hal_uart.o(i.HAL_UART_TxCpltCallback)
    HAL_UART_TxHalfCpltCallback              0x08002207   Thumb Code     2  stm32f4xx_hal_uart.o(i.HAL_UART_TxHalfCpltCallback)
    HardFault_Handler                        0x08002209   Thumb Code     2  stm32f4xx_it.o(i.HardFault_Handler)
    MX_DMA_Init                              0x0800220d   Thumb Code   104  dma.o(i.MX_DMA_Init)
    MX_GPIO_Init                             0x08002279   Thumb Code   394  gpio.o(i.MX_GPIO_Init)
    MX_IWDG_Init                             0x08002425   Thumb Code    36  iwdg.o(i.MX_IWDG_Init)
    MX_RTC_Init                              0x08002451   Thumb Code    52  rtc.o(i.MX_RTC_Init)
    MX_SPI1_Init                             0x0800248d   Thumb Code    62  spi.o(i.MX_SPI1_Init)
    MX_TIM4_Init                             0x080024d5   Thumb Code    94  tim.o(i.MX_TIM4_Init)
    MX_TIM5_Init                             0x0800253d   Thumb Code    94  tim.o(i.MX_TIM5_Init)
    MX_UART5_Init                            0x080025a5   Thumb Code    48  usart.o(i.MX_UART5_Init)
    MX_USART1_UART_Init                      0x080025dd   Thumb Code    48  usart.o(i.MX_USART1_UART_Init)
    MX_USART2_UART_Init                      0x08002615   Thumb Code    48  usart.o(i.MX_USART2_UART_Init)
    MX_USART6_UART_Init                      0x0800264d   Thumb Code    48  usart.o(i.MX_USART6_UART_Init)
    MemManage_Handler                        0x08002685   Thumb Code     2  stm32f4xx_it.o(i.MemManage_Handler)
    NMI_Handler                              0x08002687   Thumb Code     2  stm32f4xx_it.o(i.NMI_Handler)
    PendSV_Handler                           0x08002689   Thumb Code     2  stm32f4xx_it.o(i.PendSV_Handler)
    RTC_EnterInitMode                        0x0800268d   Thumb Code    72  stm32f4xx_hal_rtc.o(i.RTC_EnterInitMode)
    RTC_ExitInitMode                         0x080026d5   Thumb Code    42  stm32f4xx_hal_rtc.o(i.RTC_ExitInitMode)
    SPI1_ReadWriteByte                       0x08002701   Thumb Code    28  spi.o(i.SPI1_ReadWriteByte)
    SVC_Handler                              0x08002831   Thumb Code     2  stm32f4xx_it.o(i.SVC_Handler)
    SysTick_Handler                          0x08002833   Thumb Code     4  stm32f4xx_it.o(i.SysTick_Handler)
    SystemClock_Config                       0x08002839   Thumb Code   140  main.o(i.SystemClock_Config)
    SystemInit                               0x080028cd   Thumb Code    12  system_stm32f4xx.o(i.SystemInit)
    TIM4_IRQHandler                          0x080028dd   Thumb Code     6  stm32f4xx_it.o(i.TIM4_IRQHandler)
    TIM5_IRQHandler                          0x080028e9   Thumb Code     6  stm32f4xx_it.o(i.TIM5_IRQHandler)
    TIM_Base_SetConfig                       0x080028f5   Thumb Code   156  stm32f4xx_hal_tim.o(i.TIM_Base_SetConfig)
    TIM_ETR_SetConfig                        0x080029bd   Thumb Code    20  stm32f4xx_hal_tim.o(i.TIM_ETR_SetConfig)
    UART5_IRQHandler                         0x08002a29   Thumb Code     6  stm32f4xx_it.o(i.UART5_IRQHandler)
    UART_Start_Receive_DMA                   0x08002dad   Thumb Code   134  stm32f4xx_hal_uart.o(i.UART_Start_Receive_DMA)
    USART1_IRQHandler                        0x08002e41   Thumb Code    16  stm32f4xx_it.o(i.USART1_IRQHandler)
    USART2_IRQHandler                        0x08002e55   Thumb Code    16  stm32f4xx_it.o(i.USART2_IRQHandler)
    USART6_IRQHandler                        0x08002e69   Thumb Code     6  stm32f4xx_it.o(i.USART6_IRQHandler)
    UsageFault_Handler                       0x08002e75   Thumb Code     2  stm32f4xx_it.o(i.UsageFault_Handler)
    Usart1_Handle                            0x08002e79   Thumb Code    22  usart.o(i.Usart1_Handle)
    Usart1_IDLE                              0x08002e99   Thumb Code    48  usart.o(i.Usart1_IDLE)
    Usart2_Handle                            0x08002ed1   Thumb Code    36  usart.o(i.Usart2_Handle)
    Usart2_IDLE                              0x08002efd   Thumb Code    46  usart.o(i.Usart2_IDLE)
    W25QXX_Init                              0x08002f39   Thumb Code   102  w25qxx.o(i.W25QXX_Init)
    W25QXX_Read                              0x08002fb1   Thumb Code    94  w25qxx.o(i.W25QXX_Read)
    W25QXX_ReadID                            0x08003019   Thumb Code    62  w25qxx.o(i.W25QXX_ReadID)
    W25QXX_ReadSR                            0x0800305d   Thumb Code    52  w25qxx.o(i.W25QXX_ReadSR)
    _sys_exit                                0x080030b5   Thumb Code     2  usart.o(i._sys_exit)
    fputc                                    0x080030b9   Thumb Code    14  usart.o(i.fputc)
    iap_interface_close_all_interrupt        0x080030cd   Thumb Code    52  sys.o(i.iap_interface_close_all_interrupt)
    iap_interface_load_app                   0x08003101   Thumb Code    22  ota.o(i.iap_interface_load_app)
    main                                     0x0800311d   Thumb Code   130  main.o(i.main)
    _fp_init                                 0x08003205   Thumb Code    10  fpinit.o(x$fpl$fpinit)
    __fplib_config_fpu_vfp                   0x0800320d   Thumb Code     0  fpinit.o(x$fpl$fpinit)
    __fplib_config_pureend_doubles           0x0800320d   Thumb Code     0  fpinit.o(x$fpl$fpinit)
    AHBPrescTable                            0x08003216   Data          16  system_stm32f4xx.o(.constdata)
    APBPrescTable                            0x08003226   Data           8  system_stm32f4xx.o(.constdata)
    Region$$Table$$Base                      0x08003230   Number         0  anon$$obj.o(Region$$Table)
    Region$$Table$$Limit                     0x08003250   Number         0  anon$$obj.o(Region$$Table)
    BC260_rec_flag                           0x20000000   Data           1  usart.o(.data)
    rx1_len                                  0x20000001   Data           1  usart.o(.data)
    rec1_end_flag                            0x20000002   Data           1  usart.o(.data)
    rx2_len                                  0x20000003   Data           1  usart.o(.data)
    rec2_end_flag                            0x20000004   Data           1  usart.o(.data)
    __stdout                                 0x20000008   Data           4  usart.o(.data)
    jump2app                                 0x2000000c   Data           4  ota.o(.data)
    W25QXX_TYPE                              0x20000010   Data           2  w25qxx.o(.data)
    DataTrans                                0x20000014   Data           4  w25qxx.o(.data)
    uwTickFreq                               0x20000018   Data           1  stm32f4xx_hal.o(.data)
    uwTickPrio                               0x2000001c   Data           4  stm32f4xx_hal.o(.data)
    uwTick                                   0x20000020   Data           4  stm32f4xx_hal.o(.data)
    SystemCoreClock                          0x20000024   Data           4  system_stm32f4xx.o(.data)
    hiwdg                                    0x20000028   Data          12  iwdg.o(.bss)
    hrtc                                     0x20000034   Data          32  rtc.o(.bss)
    hspi1                                    0x20000054   Data          88  spi.o(.bss)
    htim4                                    0x200000ac   Data          72  tim.o(.bss)
    htim5                                    0x200000f4   Data          72  tim.o(.bss)
    rx1_buffer                               0x2000013c   Data        1024  usart.o(.bss)
    rx2_buffer                               0x2000053c   Data        1024  usart.o(.bss)
    huart5                                   0x2000093c   Data          68  usart.o(.bss)
    huart1                                   0x20000980   Data          68  usart.o(.bss)
    huart2                                   0x200009c4   Data          68  usart.o(.bss)
    huart6                                   0x20000a08   Data          68  usart.o(.bss)
    hdma_usart1_rx                           0x20000a4c   Data          96  usart.o(.bss)
    hdma_usart1_tx                           0x20000aac   Data          96  usart.o(.bss)
    hdma_usart2_rx                           0x20000b0c   Data          96  usart.o(.bss)
    hdma_usart2_tx                           0x20000b6c   Data          96  usart.o(.bss)
    __libspace_start                         0x20000bcc   Data          96  libspace.o(.bss)
    __temporary_stack_top$libspace           0x20000c2c   Data           0  libspace.o(.bss)



==============================================================================

Memory Map of the image

  Image Entry point : 0x08000189

  Load Region LR_IROM1 (Base: 0x08000000, Size: 0x00003278, Max: 0x00040000, ABSOLUTE)

    Execution Region ER_IROM1 (Exec base: 0x08000000, Load base: 0x08000000, Size: 0x00003250, Max: 0x00040000, ABSOLUTE)

    Exec Addr    Load Addr    Size         Type   Attr      Idx    E Section Name        Object

    0x08000000   0x08000000   0x00000188   Data   RO            3    RESET               startup_stm32f407xx.o
    0x08000188   0x08000188   0x00000008   Code   RO         4626  * !!!main             c_w.l(__main.o)
    0x08000190   0x08000190   0x00000034   Code   RO         4862    !!!scatter          c_w.l(__scatter.o)
    0x080001c4   0x080001c4   0x0000001a   Code   RO         4864    !!handler_copy      c_w.l(__scatter_copy.o)
    0x080001de   0x080001de   0x00000002   PAD
    0x080001e0   0x080001e0   0x0000001c   Code   RO         4866    !!handler_zi        c_w.l(__scatter_zi.o)
    0x080001fc   0x080001fc   0x00000000   Code   RO         4617    .ARM.Collect$$_printf_percent$$00000000  c_w.l(_printf_percent.o)
    0x080001fc   0x080001fc   0x00000004   Code   RO         4649    .ARM.Collect$$_printf_percent$$00000017  c_w.l(_printf_percent_end.o)
    0x08000200   0x08000200   0x00000002   Code   RO         4737    .ARM.Collect$$libinit$$00000000  c_w.l(libinit.o)
    0x08000202   0x08000202   0x00000004   Code   RO         4738    .ARM.Collect$$libinit$$00000001  c_w.l(libinit2.o)
    0x08000206   0x08000206   0x00000000   Code   RO         4741    .ARM.Collect$$libinit$$00000004  c_w.l(libinit2.o)
    0x08000206   0x08000206   0x00000000   Code   RO         4744    .ARM.Collect$$libinit$$0000000A  c_w.l(libinit2.o)
    0x08000206   0x08000206   0x00000000   Code   RO         4746    .ARM.Collect$$libinit$$0000000C  c_w.l(libinit2.o)
    0x08000206   0x08000206   0x00000000   Code   RO         4748    .ARM.Collect$$libinit$$0000000E  c_w.l(libinit2.o)
    0x08000206   0x08000206   0x00000000   Code   RO         4751    .ARM.Collect$$libinit$$00000011  c_w.l(libinit2.o)
    0x08000206   0x08000206   0x00000000   Code   RO         4753    .ARM.Collect$$libinit$$00000013  c_w.l(libinit2.o)
    0x08000206   0x08000206   0x00000000   Code   RO         4755    .ARM.Collect$$libinit$$00000015  c_w.l(libinit2.o)
    0x08000206   0x08000206   0x00000000   Code   RO         4757    .ARM.Collect$$libinit$$00000017  c_w.l(libinit2.o)
    0x08000206   0x08000206   0x00000000   Code   RO         4759    .ARM.Collect$$libinit$$00000019  c_w.l(libinit2.o)
    0x08000206   0x08000206   0x00000000   Code   RO         4761    .ARM.Collect$$libinit$$0000001B  c_w.l(libinit2.o)
    0x08000206   0x08000206   0x00000000   Code   RO         4763    .ARM.Collect$$libinit$$0000001D  c_w.l(libinit2.o)
    0x08000206   0x08000206   0x00000000   Code   RO         4765    .ARM.Collect$$libinit$$0000001F  c_w.l(libinit2.o)
    0x08000206   0x08000206   0x00000000   Code   RO         4767    .ARM.Collect$$libinit$$00000021  c_w.l(libinit2.o)
    0x08000206   0x08000206   0x00000000   Code   RO         4769    .ARM.Collect$$libinit$$00000023  c_w.l(libinit2.o)
    0x08000206   0x08000206   0x00000000   Code   RO         4771    .ARM.Collect$$libinit$$00000025  c_w.l(libinit2.o)
    0x08000206   0x08000206   0x00000000   Code   RO         4775    .ARM.Collect$$libinit$$0000002C  c_w.l(libinit2.o)
    0x08000206   0x08000206   0x00000000   Code   RO         4777    .ARM.Collect$$libinit$$0000002E  c_w.l(libinit2.o)
    0x08000206   0x08000206   0x00000000   Code   RO         4779    .ARM.Collect$$libinit$$00000030  c_w.l(libinit2.o)
    0x08000206   0x08000206   0x00000000   Code   RO         4781    .ARM.Collect$$libinit$$00000032  c_w.l(libinit2.o)
    0x08000206   0x08000206   0x00000002   Code   RO         4782    .ARM.Collect$$libinit$$00000033  c_w.l(libinit2.o)
    0x08000208   0x08000208   0x00000002   Code   RO         4824    .ARM.Collect$$libshutdown$$00000000  c_w.l(libshutdown.o)
    0x0800020a   0x0800020a   0x00000000   Code   RO         4845    .ARM.Collect$$libshutdown$$00000002  c_w.l(libshutdown2.o)
    0x0800020a   0x0800020a   0x00000000   Code   RO         4847    .ARM.Collect$$libshutdown$$00000004  c_w.l(libshutdown2.o)
    0x0800020a   0x0800020a   0x00000000   Code   RO         4850    .ARM.Collect$$libshutdown$$00000007  c_w.l(libshutdown2.o)
    0x0800020a   0x0800020a   0x00000000   Code   RO         4853    .ARM.Collect$$libshutdown$$0000000A  c_w.l(libshutdown2.o)
    0x0800020a   0x0800020a   0x00000000   Code   RO         4855    .ARM.Collect$$libshutdown$$0000000C  c_w.l(libshutdown2.o)
    0x0800020a   0x0800020a   0x00000000   Code   RO         4858    .ARM.Collect$$libshutdown$$0000000F  c_w.l(libshutdown2.o)
    0x0800020a   0x0800020a   0x00000002   Code   RO         4859    .ARM.Collect$$libshutdown$$00000010  c_w.l(libshutdown2.o)
    0x0800020c   0x0800020c   0x00000000   Code   RO         4632    .ARM.Collect$$rtentry$$00000000  c_w.l(__rtentry.o)
    0x0800020c   0x0800020c   0x00000000   Code   RO         4656    .ARM.Collect$$rtentry$$00000002  c_w.l(__rtentry2.o)
    0x0800020c   0x0800020c   0x00000006   Code   RO         4668    .ARM.Collect$$rtentry$$00000004  c_w.l(__rtentry4.o)
    0x08000212   0x08000212   0x00000000   Code   RO         4658    .ARM.Collect$$rtentry$$00000009  c_w.l(__rtentry2.o)
    0x08000212   0x08000212   0x00000004   Code   RO         4659    .ARM.Collect$$rtentry$$0000000A  c_w.l(__rtentry2.o)
    0x08000216   0x08000216   0x00000000   Code   RO         4661    .ARM.Collect$$rtentry$$0000000C  c_w.l(__rtentry2.o)
    0x08000216   0x08000216   0x00000008   Code   RO         4662    .ARM.Collect$$rtentry$$0000000D  c_w.l(__rtentry2.o)
    0x0800021e   0x0800021e   0x00000002   Code   RO         4783    .ARM.Collect$$rtexit$$00000000  c_w.l(rtexit.o)
    0x08000220   0x08000220   0x00000000   Code   RO         4796    .ARM.Collect$$rtexit$$00000002  c_w.l(rtexit2.o)
    0x08000220   0x08000220   0x00000004   Code   RO         4797    .ARM.Collect$$rtexit$$00000003  c_w.l(rtexit2.o)
    0x08000224   0x08000224   0x00000006   Code   RO         4798    .ARM.Collect$$rtexit$$00000004  c_w.l(rtexit2.o)
    0x0800022a   0x0800022a   0x00000002   PAD
    0x0800022c   0x0800022c   0x00000010   Code   RO          798    .emb_text           sys.o
    0x0800023c   0x0800023c   0x00000040   Code   RO            4    .text               startup_stm32f407xx.o
    0x0800027c   0x0800027c   0x000000ee   Code   RO         4555    .text               c_w.l(lludivv7m.o)
    0x0800036a   0x0800036a   0x00000002   PAD
    0x0800036c   0x0800036c   0x00000018   Code   RO         4561    .text               c_w.l(noretval__2printf.o)
    0x08000384   0x08000384   0x00000068   Code   RO         4565    .text               c_w.l(__printf.o)
    0x080003ec   0x080003ec   0x0000004e   Code   RO         4622    .text               c_w.l(rt_memclr_w.o)
    0x0800043a   0x0800043a   0x00000006   Code   RO         4624    .text               c_w.l(heapauxi.o)
    0x08000440   0x08000440   0x00000030   Code   RO         4641    .text               c_w.l(_printf_char_common.o)
    0x08000470   0x08000470   0x00000024   Code   RO         4647    .text               c_w.l(_printf_char_file.o)
    0x08000494   0x08000494   0x00000008   Code   RO         4708    .text               c_w.l(ferror.o)
    0x0800049c   0x0800049c   0x00000008   Code   RO         4719    .text               c_w.l(libspace.o)
    0x080004a4   0x080004a4   0x0000004a   Code   RO         4722    .text               c_w.l(sys_stackheap_outer.o)
    0x080004ee   0x080004ee   0x00000012   Code   RO         4724    .text               c_w.l(exit.o)
    0x08000500   0x08000500   0x00000002   Code   RO          569    i.BusFault_Handler  stm32f4xx_it.o
    0x08000502   0x08000502   0x00000002   PAD
    0x08000504   0x08000504   0x0000000c   Code   RO          570    i.DMA1_Stream5_IRQHandler  stm32f4xx_it.o
    0x08000510   0x08000510   0x0000000c   Code   RO          571    i.DMA1_Stream6_IRQHandler  stm32f4xx_it.o
    0x0800051c   0x0800051c   0x0000000c   Code   RO          572    i.DMA2_Stream2_IRQHandler  stm32f4xx_it.o
    0x08000528   0x08000528   0x0000000c   Code   RO          573    i.DMA2_Stream7_IRQHandler  stm32f4xx_it.o
    0x08000534   0x08000534   0x00000028   Code   RO         1568    i.DMA_CalcBaseAndBitshift  stm32f4xx_hal_dma.o
    0x0800055c   0x0800055c   0x00000054   Code   RO         1569    i.DMA_CheckFifoParam  stm32f4xx_hal_dma.o
    0x080005b0   0x080005b0   0x00000028   Code   RO         1570    i.DMA_SetConfig     stm32f4xx_hal_dma.o
    0x080005d8   0x080005d8   0x00000020   Code   RO          446    i.DMA_Usart2_Send   usart.o
    0x080005f8   0x080005f8   0x00000002   Code   RO          574    i.DebugMon_Handler  stm32f4xx_it.o
    0x080005fa   0x080005fa   0x00000004   Code   RO           13    i.Error_Handler     main.o
    0x080005fe   0x080005fe   0x00000092   Code   RO         1571    i.HAL_DMA_Abort     stm32f4xx_hal_dma.o
    0x08000690   0x08000690   0x00000024   Code   RO         1572    i.HAL_DMA_Abort_IT  stm32f4xx_hal_dma.o
    0x080006b4   0x080006b4   0x000001a0   Code   RO         1576    i.HAL_DMA_IRQHandler  stm32f4xx_hal_dma.o
    0x08000854   0x08000854   0x000000d4   Code   RO         1577    i.HAL_DMA_Init      stm32f4xx_hal_dma.o
    0x08000928   0x08000928   0x0000006e   Code   RO         1581    i.HAL_DMA_Start_IT  stm32f4xx_hal_dma.o
    0x08000996   0x08000996   0x00000002   PAD
    0x08000998   0x08000998   0x000001f0   Code   RO         1464    i.HAL_GPIO_Init     stm32f4xx_hal_gpio.o
    0x08000b88   0x08000b88   0x0000000a   Code   RO         1468    i.HAL_GPIO_WritePin  stm32f4xx_hal_gpio.o
    0x08000b92   0x08000b92   0x00000002   PAD
    0x08000b94   0x08000b94   0x0000000c   Code   RO         1996    i.HAL_GetTick       stm32f4xx_hal.o
    0x08000ba0   0x08000ba0   0x0000005a   Code   RO         1079    i.HAL_IWDG_Init     stm32f4xx_hal_iwdg.o
    0x08000bfa   0x08000bfa   0x00000002   PAD
    0x08000bfc   0x08000bfc   0x00000010   Code   RO         2002    i.HAL_IncTick       stm32f4xx_hal.o
    0x08000c0c   0x08000c0c   0x00000034   Code   RO         2003    i.HAL_Init          stm32f4xx_hal.o
    0x08000c40   0x08000c40   0x00000040   Code   RO         2004    i.HAL_InitTick      stm32f4xx_hal.o
    0x08000c80   0x08000c80   0x00000030   Code   RO          705    i.HAL_MspInit       stm32f4xx_hal_msp.o
    0x08000cb0   0x08000cb0   0x00000022   Code   RO         1852    i.HAL_NVIC_DisableIRQ  stm32f4xx_hal_cortex.o
    0x08000cd2   0x08000cd2   0x0000001a   Code   RO         1853    i.HAL_NVIC_EnableIRQ  stm32f4xx_hal_cortex.o
    0x08000cec   0x08000cec   0x00000040   Code   RO         1859    i.HAL_NVIC_SetPriority  stm32f4xx_hal_cortex.o
    0x08000d2c   0x08000d2c   0x00000024   Code   RO         1860    i.HAL_NVIC_SetPriorityGrouping  stm32f4xx_hal_cortex.o
    0x08000d50   0x08000d50   0x0000013c   Code   RO         1215    i.HAL_RCCEx_PeriphCLKConfig  stm32f4xx_hal_rcc_ex.o
    0x08000e8c   0x08000e8c   0x00000134   Code   RO         1110    i.HAL_RCC_ClockConfig  stm32f4xx_hal_rcc.o
    0x08000fc0   0x08000fc0   0x00000020   Code   RO         1117    i.HAL_RCC_GetPCLK1Freq  stm32f4xx_hal_rcc.o
    0x08000fe0   0x08000fe0   0x00000020   Code   RO         1118    i.HAL_RCC_GetPCLK2Freq  stm32f4xx_hal_rcc.o
    0x08001000   0x08001000   0x00000060   Code   RO         1119    i.HAL_RCC_GetSysClockFreq  stm32f4xx_hal_rcc.o
    0x08001060   0x08001060   0x0000036c   Code   RO         1122    i.HAL_RCC_OscConfig  stm32f4xx_hal_rcc.o
    0x080013cc   0x080013cc   0x0000008c   Code   RO         2254    i.HAL_RTC_Init      stm32f4xx_hal_rtc.o
    0x08001458   0x08001458   0x00000038   Code   RO          302    i.HAL_RTC_MspInit   rtc.o
    0x08001490   0x08001490   0x00000036   Code   RO         2262    i.HAL_RTC_WaitForSynchro  stm32f4xx_hal_rtc.o
    0x080014c6   0x080014c6   0x000000bc   Code   RO         2653    i.HAL_SPI_Init      stm32f4xx_hal_spi.o
    0x08001582   0x08001582   0x00000002   PAD
    0x08001584   0x08001584   0x00000068   Code   RO          344    i.HAL_SPI_MspInit   spi.o
    0x080015ec   0x080015ec   0x000001e2   Code   RO         2662    i.HAL_SPI_TransmitReceive  stm32f4xx_hal_spi.o
    0x080017ce   0x080017ce   0x00000028   Code   RO         1864    i.HAL_SYSTICK_Config  stm32f4xx_hal_cortex.o
    0x080017f6   0x080017f6   0x00000002   Code   RO         3670    i.HAL_TIMEx_BreakCallback  stm32f4xx_hal_tim_ex.o
    0x080017f8   0x080017f8   0x00000002   Code   RO         3671    i.HAL_TIMEx_CommutCallback  stm32f4xx_hal_tim_ex.o
    0x080017fa   0x080017fa   0x00000002   PAD
    0x080017fc   0x080017fc   0x00000090   Code   RO         3689    i.HAL_TIMEx_MasterConfigSynchronization  stm32f4xx_hal_tim_ex.o
    0x0800188c   0x0800188c   0x0000005a   Code   RO         2966    i.HAL_TIM_Base_Init  stm32f4xx_hal_tim.o
    0x080018e6   0x080018e6   0x00000002   PAD
    0x080018e8   0x080018e8   0x00000064   Code   RO          398    i.HAL_TIM_Base_MspInit  tim.o
    0x0800194c   0x0800194c   0x000000dc   Code   RO         2975    i.HAL_TIM_ConfigClockSource  stm32f4xx_hal_tim.o
    0x08001a28   0x08001a28   0x00000002   Code   RO         3000    i.HAL_TIM_IC_CaptureCallback  stm32f4xx_hal_tim.o
    0x08001a2a   0x08001a2a   0x00000166   Code   RO         3014    i.HAL_TIM_IRQHandler  stm32f4xx_hal_tim.o
    0x08001b90   0x08001b90   0x00000002   Code   RO         3017    i.HAL_TIM_OC_DelayElapsedCallback  stm32f4xx_hal_tim.o
    0x08001b92   0x08001b92   0x00000002   Code   RO         3044    i.HAL_TIM_PWM_PulseFinishedCallback  stm32f4xx_hal_tim.o
    0x08001b94   0x08001b94   0x00000002   Code   RO         3052    i.HAL_TIM_PeriodElapsedCallback  stm32f4xx_hal_tim.o
    0x08001b96   0x08001b96   0x00000002   Code   RO         3057    i.HAL_TIM_TriggerCallback  stm32f4xx_hal_tim.o
    0x08001b98   0x08001b98   0x00000002   Code   RO         3948    i.HAL_UARTEx_RxEventCallback  stm32f4xx_hal_uart.o
    0x08001b9a   0x08001b9a   0x00000070   Code   RO         3960    i.HAL_UART_DMAStop  stm32f4xx_hal_uart.o
    0x08001c0a   0x08001c0a   0x00000002   Code   RO         3962    i.HAL_UART_ErrorCallback  stm32f4xx_hal_uart.o
    0x08001c0c   0x08001c0c   0x00000268   Code   RO         3965    i.HAL_UART_IRQHandler  stm32f4xx_hal_uart.o
    0x08001e74   0x08001e74   0x00000062   Code   RO         3966    i.HAL_UART_Init     stm32f4xx_hal_uart.o
    0x08001ed6   0x08001ed6   0x00000002   PAD
    0x08001ed8   0x08001ed8   0x00000270   Code   RO          448    i.HAL_UART_MspInit  usart.o
    0x08002148   0x08002148   0x0000002a   Code   RO         3970    i.HAL_UART_Receive_DMA  stm32f4xx_hal_uart.o
    0x08002172   0x08002172   0x00000002   Code   RO         3972    i.HAL_UART_RxCpltCallback  stm32f4xx_hal_uart.o
    0x08002174   0x08002174   0x00000002   Code   RO         3973    i.HAL_UART_RxHalfCpltCallback  stm32f4xx_hal_uart.o
    0x08002176   0x08002176   0x00000002   PAD
    0x08002178   0x08002178   0x0000008c   Code   RO         3975    i.HAL_UART_Transmit_DMA  stm32f4xx_hal_uart.o
    0x08002204   0x08002204   0x00000002   Code   RO         3977    i.HAL_UART_TxCpltCallback  stm32f4xx_hal_uart.o
    0x08002206   0x08002206   0x00000002   Code   RO         3978    i.HAL_UART_TxHalfCpltCallback  stm32f4xx_hal_uart.o
    0x08002208   0x08002208   0x00000002   Code   RO          575    i.HardFault_Handler  stm32f4xx_it.o
    0x0800220a   0x0800220a   0x00000002   PAD
    0x0800220c   0x0800220c   0x0000006c   Code   RO          247    i.MX_DMA_Init       dma.o
    0x08002278   0x08002278   0x000001ac   Code   RO          223    i.MX_GPIO_Init      gpio.o
    0x08002424   0x08002424   0x0000002c   Code   RO          271    i.MX_IWDG_Init      iwdg.o
    0x08002450   0x08002450   0x0000003c   Code   RO          303    i.MX_RTC_Init       rtc.o
    0x0800248c   0x0800248c   0x00000048   Code   RO          345    i.MX_SPI1_Init      spi.o
    0x080024d4   0x080024d4   0x00000068   Code   RO          399    i.MX_TIM4_Init      tim.o
    0x0800253c   0x0800253c   0x00000068   Code   RO          400    i.MX_TIM5_Init      tim.o
    0x080025a4   0x080025a4   0x00000038   Code   RO          449    i.MX_UART5_Init     usart.o
    0x080025dc   0x080025dc   0x00000038   Code   RO          450    i.MX_USART1_UART_Init  usart.o
    0x08002614   0x08002614   0x00000038   Code   RO          451    i.MX_USART2_UART_Init  usart.o
    0x0800264c   0x0800264c   0x00000038   Code   RO          452    i.MX_USART6_UART_Init  usart.o
    0x08002684   0x08002684   0x00000002   Code   RO          576    i.MemManage_Handler  stm32f4xx_it.o
    0x08002686   0x08002686   0x00000002   Code   RO          577    i.NMI_Handler       stm32f4xx_it.o
    0x08002688   0x08002688   0x00000002   Code   RO          578    i.PendSV_Handler    stm32f4xx_it.o
    0x0800268a   0x0800268a   0x00000002   PAD
    0x0800268c   0x0800268c   0x00000048   Code   RO         2265    i.RTC_EnterInitMode  stm32f4xx_hal_rtc.o
    0x080026d4   0x080026d4   0x0000002a   Code   RO         2266    i.RTC_ExitInitMode  stm32f4xx_hal_rtc.o
    0x080026fe   0x080026fe   0x00000002   PAD
    0x08002700   0x08002700   0x00000020   Code   RO          346    i.SPI1_ReadWriteByte  spi.o
    0x08002720   0x08002720   0x00000058   Code   RO         2691    i.SPI_EndRxTxTransaction  stm32f4xx_hal_spi.o
    0x08002778   0x08002778   0x000000b8   Code   RO         2696    i.SPI_WaitFlagStateUntilTimeout  stm32f4xx_hal_spi.o
    0x08002830   0x08002830   0x00000002   Code   RO          579    i.SVC_Handler       stm32f4xx_it.o
    0x08002832   0x08002832   0x00000004   Code   RO          580    i.SysTick_Handler   stm32f4xx_it.o
    0x08002836   0x08002836   0x00000002   PAD
    0x08002838   0x08002838   0x00000094   Code   RO           14    i.SystemClock_Config  main.o
    0x080028cc   0x080028cc   0x00000010   Code   RO         4295    i.SystemInit        system_stm32f4xx.o
    0x080028dc   0x080028dc   0x0000000c   Code   RO          581    i.TIM4_IRQHandler   stm32f4xx_it.o
    0x080028e8   0x080028e8   0x0000000c   Code   RO          582    i.TIM5_IRQHandler   stm32f4xx_it.o
    0x080028f4   0x080028f4   0x000000c8   Code   RO         3059    i.TIM_Base_SetConfig  stm32f4xx_hal_tim.o
    0x080029bc   0x080029bc   0x00000014   Code   RO         3070    i.TIM_ETR_SetConfig  stm32f4xx_hal_tim.o
    0x080029d0   0x080029d0   0x00000010   Code   RO         3071    i.TIM_ITRx_SetConfig  stm32f4xx_hal_tim.o
    0x080029e0   0x080029e0   0x00000022   Code   RO         3077    i.TIM_TI1_ConfigInputStage  stm32f4xx_hal_tim.o
    0x08002a02   0x08002a02   0x00000024   Code   RO         3079    i.TIM_TI2_ConfigInputStage  stm32f4xx_hal_tim.o
    0x08002a26   0x08002a26   0x00000002   PAD
    0x08002a28   0x08002a28   0x0000000c   Code   RO          583    i.UART5_IRQHandler  stm32f4xx_it.o
    0x08002a34   0x08002a34   0x00000010   Code   RO         3979    i.UART_DMAAbortOnError  stm32f4xx_hal_uart.o
    0x08002a44   0x08002a44   0x0000004a   Code   RO         3980    i.UART_DMAError     stm32f4xx_hal_uart.o
    0x08002a8e   0x08002a8e   0x00000082   Code   RO         3981    i.UART_DMAReceiveCplt  stm32f4xx_hal_uart.o
    0x08002b10   0x08002b10   0x0000001a   Code   RO         3983    i.UART_DMARxHalfCplt  stm32f4xx_hal_uart.o
    0x08002b2a   0x08002b2a   0x00000042   Code   RO         3985    i.UART_DMATransmitCplt  stm32f4xx_hal_uart.o
    0x08002b6c   0x08002b6c   0x0000000a   Code   RO         3987    i.UART_DMATxHalfCplt  stm32f4xx_hal_uart.o
    0x08002b76   0x08002b76   0x0000004e   Code   RO         3989    i.UART_EndRxTransfer  stm32f4xx_hal_uart.o
    0x08002bc4   0x08002bc4   0x0000001c   Code   RO         3990    i.UART_EndTxTransfer  stm32f4xx_hal_uart.o
    0x08002be0   0x08002be0   0x000000c0   Code   RO         3991    i.UART_Receive_IT   stm32f4xx_hal_uart.o
    0x08002ca0   0x08002ca0   0x0000010c   Code   RO         3992    i.UART_SetConfig    stm32f4xx_hal_uart.o
    0x08002dac   0x08002dac   0x00000094   Code   RO         3993    i.UART_Start_Receive_DMA  stm32f4xx_hal_uart.o
    0x08002e40   0x08002e40   0x00000014   Code   RO          584    i.USART1_IRQHandler  stm32f4xx_it.o
    0x08002e54   0x08002e54   0x00000014   Code   RO          585    i.USART2_IRQHandler  stm32f4xx_it.o
    0x08002e68   0x08002e68   0x0000000c   Code   RO          586    i.USART6_IRQHandler  stm32f4xx_it.o
    0x08002e74   0x08002e74   0x00000002   Code   RO          587    i.UsageFault_Handler  stm32f4xx_it.o
    0x08002e76   0x08002e76   0x00000002   PAD
    0x08002e78   0x08002e78   0x00000020   Code   RO          453    i.Usart1_Handle     usart.o
    0x08002e98   0x08002e98   0x00000038   Code   RO          454    i.Usart1_IDLE       usart.o
    0x08002ed0   0x08002ed0   0x0000002c   Code   RO          455    i.Usart2_Handle     usart.o
    0x08002efc   0x08002efc   0x0000003c   Code   RO          456    i.Usart2_IDLE       usart.o
    0x08002f38   0x08002f38   0x00000078   Code   RO          836    i.W25QXX_Init       w25qxx.o
    0x08002fb0   0x08002fb0   0x00000068   Code   RO          838    i.W25QXX_Read       w25qxx.o
    0x08003018   0x08003018   0x00000044   Code   RO          839    i.W25QXX_ReadID     w25qxx.o
    0x0800305c   0x0800305c   0x00000038   Code   RO          840    i.W25QXX_ReadSR     w25qxx.o
    0x08003094   0x08003094   0x00000020   Code   RO         1866    i.__NVIC_SetPriority  stm32f4xx_hal_cortex.o
    0x080030b4   0x080030b4   0x00000002   Code   RO          457    i._sys_exit         usart.o
    0x080030b6   0x080030b6   0x00000002   PAD
    0x080030b8   0x080030b8   0x00000014   Code   RO          459    i.fputc             usart.o
    0x080030cc   0x080030cc   0x00000034   Code   RO          800    i.iap_interface_close_all_interrupt  sys.o
    0x08003100   0x08003100   0x0000001c   Code   RO          764    i.iap_interface_load_app  ota.o
    0x0800311c   0x0800311c   0x000000e8   Code   RO           15    i.main              main.o
    0x08003204   0x08003204   0x0000000a   Code   RO         4793    x$fpl$fpinit        fz_wm.l(fpinit.o)
    0x0800320e   0x0800320e   0x00000008   Data   RO         1583    .constdata          stm32f4xx_hal_dma.o
    0x08003216   0x08003216   0x00000010   Data   RO         4296    .constdata          system_stm32f4xx.o
    0x08003226   0x08003226   0x00000008   Data   RO         4297    .constdata          system_stm32f4xx.o
    0x0800322e   0x0800322e   0x00000002   PAD
    0x08003230   0x08003230   0x00000020   Data   RO         4860    Region$$Table       anon$$obj.o


    Execution Region RW_IRAM1 (Exec base: 0x20000000, Load base: 0x08003250, Size: 0x00004c30, Max: 0x0001c000, ABSOLUTE)

    Exec Addr    Load Addr    Size         Type   Attr      Idx    E Section Name        Object

    0x20000000   0x08003250   0x00000005   Data   RW          461    .data               usart.o
    0x20000005   0x08003255   0x00000003   PAD
    0x20000008   0x08003258   0x00000004   Data   RW          463    .data               usart.o
    0x2000000c   0x0800325c   0x00000004   Data   RW          767    .data               ota.o
    0x20000010   0x08003260   0x00000008   Data   RW          851    .data               w25qxx.o
    0x20000018   0x08003268   0x0000000c   Data   RW         2010    .data               stm32f4xx_hal.o
    0x20000024   0x08003274   0x00000004   Data   RW         4298    .data               system_stm32f4xx.o
    0x20000028        -       0x0000000c   Zero   RW          272    .bss                iwdg.o
    0x20000034        -       0x00000020   Zero   RW          304    .bss                rtc.o
    0x20000054        -       0x00000058   Zero   RW          348    .bss                spi.o
    0x200000ac        -       0x00000090   Zero   RW          401    .bss                tim.o
    0x2000013c        -       0x00000a90   Zero   RW          460    .bss                usart.o
    0x20000bcc        -       0x00000060   Zero   RW         4720    .bss                c_w.l(libspace.o)
    0x20000c2c   0x08003278   0x00000004   PAD
    0x20000c30        -       0x00002000   Zero   RW            2    HEAP                startup_stm32f407xx.o
    0x20002c30        -       0x00002000   Zero   RW            1    STACK               startup_stm32f407xx.o


    Execution Region RW_IRAM2 (Exec base: 0x2001c000, Load base: 0x08003278, Size: 0x00000000, Max: 0x00004000, ABSOLUTE)

    **** No section assigned to this execution region ****


==============================================================================

Image component sizes


      Code (inc. data)   RO Data    RW Data    ZI Data      Debug   Object Name

       108          4          0          0          0        842   dma.o
       428         34          0          0          0       1227   gpio.o
        44          8          0          0         12        731   iwdg.o
       384        110          0          0          0     714836   main.o
        28          6          0          4          0       1167   ota.o
       116         16          0          0         32       1599   rtc.o
       208         26          0          0         88       2262   spi.o
        64         26        392          0      16384        848   startup_stm32f407xx.o
       144         24          0         12          0       8793   stm32f4xx_hal.o
       232         14          0          0          0      34657   stm32f4xx_hal_cortex.o
      1084         16          8          0          0       7374   stm32f4xx_hal_dma.o
       506         46          0          0          0       2204   stm32f4xx_hal_gpio.o
        90          0          0          0          0       1300   stm32f4xx_hal_iwdg.o
        48          6          0          0          0        862   stm32f4xx_hal_msp.o
      1344         72          0          0          0       5256   stm32f4xx_hal_rcc.o
       316         20          0          0          0       1392   stm32f4xx_hal_rcc_ex.o
       308          4          0          0          0       3571   stm32f4xx_hal_rtc.o
       942         12          0          0          0       4925   stm32f4xx_hal_spi.o
       984         44          0          0          0      10069   stm32f4xx_hal_tim.o
       148         28          0          0          0       2465   stm32f4xx_hal_tim_ex.o
      2056         44          0          0          0      16647   stm32f4xx_hal_uart.o
       156         56          0          0          0       9029   stm32f4xx_it.o
        68          0          0          0          0       1040   sys.o
        16          4         24          4          0       1139   system_stm32f4xx.o
       308         34          0          0        144       2439   tim.o
      1094        134          0          9       2704       9816   usart.o
       348         38          0          8          0       5526   w25qxx.o

    ----------------------------------------------------------------------
     11604        826        458         40      19364     852016   Object Totals
         0          0         32          0          0          0   (incl. Generated)
        32          0          2          3          0          0   (incl. Padding)

    ----------------------------------------------------------------------

      Code (inc. data)   RO Data    RW Data    ZI Data      Debug   Library Member Name

         8          0          0          0          0         68   __main.o
       104          0          0          0          0         84   __printf.o
         0          0          0          0          0          0   __rtentry.o
        12          0          0          0          0          0   __rtentry2.o
         6          0          0          0          0          0   __rtentry4.o
        52          8          0          0          0          0   __scatter.o
        26          0          0          0          0          0   __scatter_copy.o
        28          0          0          0          0          0   __scatter_zi.o
        48          6          0          0          0         96   _printf_char_common.o
        36          4          0          0          0         80   _printf_char_file.o
         0          0          0          0          0          0   _printf_percent.o
         4          0          0          0          0          0   _printf_percent_end.o
        18          0          0          0          0         80   exit.o
         8          0          0          0          0         68   ferror.o
         6          0          0          0          0        152   heapauxi.o
         2          0          0          0          0          0   libinit.o
         6          0          0          0          0          0   libinit2.o
         2          0          0          0          0          0   libshutdown.o
         2          0          0          0          0          0   libshutdown2.o
         8          4          0          0         96         68   libspace.o
       238          0          0          0          0        100   lludivv7m.o
        24          4          0          0          0         84   noretval__2printf.o
        78          0          0          0          0         80   rt_memclr_w.o
         2          0          0          0          0          0   rtexit.o
        10          0          0          0          0          0   rtexit2.o
        74          0          0          0          0         80   sys_stackheap_outer.o
        10          0          0          0          0        116   fpinit.o

    ----------------------------------------------------------------------
       818         26          0          0        100       1156   Library Totals
         6          0          0          0          4          0   (incl. Padding)

    ----------------------------------------------------------------------

      Code (inc. data)   RO Data    RW Data    ZI Data      Debug   Library Name

       802         26          0          0         96       1040   c_w.l
        10          0          0          0          0        116   fz_wm.l

    ----------------------------------------------------------------------
       818         26          0          0        100       1156   Library Totals

    ----------------------------------------------------------------------

==============================================================================


      Code (inc. data)   RO Data    RW Data    ZI Data      Debug   

     12422        852        458         40      19464     840856   Grand Totals
     12422        852        458         40      19464     840856   ELF Image Totals
     12422        852        458         40          0          0   ROM Totals

==============================================================================

    Total RO  Size (Code + RO Data)                12880 (  12.58kB)
    Total RW  Size (RW Data + ZI Data)             19504 (  19.05kB)
    Total ROM Size (Code + RO Data + RW Data)      12920 (  12.62kB)

==============================================================================

