Component: ARM Compiler 5.06 update 6 (build 750) Tool: armlink [4d35ed]

==============================================================================

Section Cross References

    startup_stm32f407xx.o(RESET) refers to startup_stm32f407xx.o(STACK) for __initial_sp
    startup_stm32f407xx.o(RESET) refers to startup_stm32f407xx.o(.text) for Reset_Handler
    startup_stm32f407xx.o(RESET) refers to stm32f4xx_it.o(i.NMI_Handler) for NMI_Handler
    startup_stm32f407xx.o(RESET) refers to stm32f4xx_it.o(i.HardFault_Handler) for HardFault_Handler
    startup_stm32f407xx.o(RESET) refers to stm32f4xx_it.o(i.MemManage_Handler) for MemManage_Handler
    startup_stm32f407xx.o(RESET) refers to stm32f4xx_it.o(i.BusFault_Handler) for BusFault_Handler
    startup_stm32f407xx.o(RESET) refers to stm32f4xx_it.o(i.UsageFault_Handler) for UsageFault_Handler
    startup_stm32f407xx.o(RESET) refers to stm32f4xx_it.o(i.SVC_Handler) for SVC_Handler
    startup_stm32f407xx.o(RESET) refers to stm32f4xx_it.o(i.DebugMon_Handler) for DebugMon_Handler
    startup_stm32f407xx.o(RESET) refers to stm32f4xx_it.o(i.PendSV_Handler) for PendSV_Handler
    startup_stm32f407xx.o(RESET) refers to stm32f4xx_it.o(i.SysTick_Handler) for SysTick_Handler
    startup_stm32f407xx.o(RESET) refers to stm32f4xx_it.o(i.DMA1_Stream5_IRQHandler) for DMA1_Stream5_IRQHandler
    startup_stm32f407xx.o(RESET) refers to stm32f4xx_it.o(i.DMA1_Stream6_IRQHandler) for DMA1_Stream6_IRQHandler
    startup_stm32f407xx.o(RESET) refers to stm32f4xx_it.o(i.USART1_IRQHandler) for USART1_IRQHandler
    startup_stm32f407xx.o(RESET) refers to stm32f4xx_it.o(i.USART2_IRQHandler) for USART2_IRQHandler
    startup_stm32f407xx.o(RESET) refers to stm32f4xx_it.o(i.DMA2_Stream2_IRQHandler) for DMA2_Stream2_IRQHandler
    startup_stm32f407xx.o(RESET) refers to stm32f4xx_it.o(i.DMA2_Stream7_IRQHandler) for DMA2_Stream7_IRQHandler
    startup_stm32f407xx.o(.text) refers to system_stm32f4xx.o(i.SystemInit) for SystemInit
    startup_stm32f407xx.o(.text) refers to entry.o(.ARM.Collect$$$$00000000) for __main
    delay.o(i.delay_ms) refers to delay.o(i.delay_us) for delay_us
    delay.o(i.delay_s) refers to delay.o(i.delay_ms) for delay_ms
    delay.o(i.delay_us) refers to system_stm32f4xx.o(.data) for SystemCoreClock
    w25qxx.o(i.W25Q128_Read_float) refers to w25qxx.o(i.W25QXX_Read) for W25QXX_Read
    w25qxx.o(i.W25Q128_Read_float) refers to w25qxx.o(.data) for DataTrans
    w25qxx.o(i.W25Q128_Write_float) refers to w25qxx.o(i.W25QXX_Write) for W25QXX_Write
    w25qxx.o(i.W25Q128_Write_float) refers to f2d.o(.text) for __aeabi_f2d
    w25qxx.o(i.W25Q128_Write_float) refers to printfa.o(i.__0printf) for __2printf
    w25qxx.o(i.W25Q128_Write_float) refers to w25qxx.o(.data) for DataTrans
    w25qxx.o(i.W25QXX_Erase_Chip) refers to w25qxx.o(i.W25QXX_Write_Enable) for W25QXX_Write_Enable
    w25qxx.o(i.W25QXX_Erase_Chip) refers to w25qxx.o(i.W25QXX_Wait_Busy) for W25QXX_Wait_Busy
    w25qxx.o(i.W25QXX_Erase_Chip) refers to spi.o(i.SPI1_ReadWriteByte) for SPI1_ReadWriteByte
    w25qxx.o(i.W25QXX_Erase_Sector) refers to w25qxx.o(i.W25QXX_Write_Enable) for W25QXX_Write_Enable
    w25qxx.o(i.W25QXX_Erase_Sector) refers to w25qxx.o(i.W25QXX_Wait_Busy) for W25QXX_Wait_Busy
    w25qxx.o(i.W25QXX_Erase_Sector) refers to spi.o(i.SPI1_ReadWriteByte) for SPI1_ReadWriteByte
    w25qxx.o(i.W25QXX_Erase_Sector) refers to w25qxx.o(.data) for W25QXX_TYPE
    w25qxx.o(i.W25QXX_Init) refers to stm32f4xx_hal_gpio.o(i.HAL_GPIO_Init) for HAL_GPIO_Init
    w25qxx.o(i.W25QXX_Init) refers to spi.o(i.MX_SPI1_Init) for MX_SPI1_Init
    w25qxx.o(i.W25QXX_Init) refers to spi.o(i.SPI1_SetSpeed) for SPI1_SetSpeed
    w25qxx.o(i.W25QXX_Init) refers to w25qxx.o(i.W25QXX_ReadID) for W25QXX_ReadID
    w25qxx.o(i.W25QXX_Init) refers to w25qxx.o(i.W25QXX_ReadSR) for W25QXX_ReadSR
    w25qxx.o(i.W25QXX_Init) refers to spi.o(i.SPI1_ReadWriteByte) for SPI1_ReadWriteByte
    w25qxx.o(i.W25QXX_Init) refers to w25qxx.o(.data) for W25QXX_TYPE
    w25qxx.o(i.W25QXX_PowerDown) refers to spi.o(i.SPI1_ReadWriteByte) for SPI1_ReadWriteByte
    w25qxx.o(i.W25QXX_PowerDown) refers to delay.o(i.delay_us) for delay_us
    w25qxx.o(i.W25QXX_Read) refers to spi.o(i.SPI1_ReadWriteByte) for SPI1_ReadWriteByte
    w25qxx.o(i.W25QXX_Read) refers to w25qxx.o(.data) for W25QXX_TYPE
    w25qxx.o(i.W25QXX_ReadID) refers to spi.o(i.SPI1_ReadWriteByte) for SPI1_ReadWriteByte
    w25qxx.o(i.W25QXX_ReadSR) refers to spi.o(i.SPI1_ReadWriteByte) for SPI1_ReadWriteByte
    w25qxx.o(i.W25QXX_WAKEUP) refers to spi.o(i.SPI1_ReadWriteByte) for SPI1_ReadWriteByte
    w25qxx.o(i.W25QXX_WAKEUP) refers to delay.o(i.delay_us) for delay_us
    w25qxx.o(i.W25QXX_Wait_Busy) refers to w25qxx.o(i.W25QXX_ReadSR) for W25QXX_ReadSR
    w25qxx.o(i.W25QXX_Write) refers to printfa.o(i.__0printf) for __2printf
    w25qxx.o(i.W25QXX_Write) refers to w25qxx.o(i.W25QXX_Read) for W25QXX_Read
[...]
    Removing stm32f4xx_hal_rtc.o(i.HAL_RTC_GetDate), (76 bytes).
    Removing stm32f4xx_hal_rtc.o(i.HAL_RTC_GetState), (6 bytes).
    Removing stm32f4xx_hal_rtc.o(i.HAL_RTC_GetTime), (92 bytes).
    Removing stm32f4xx_hal_rtc.o(i.HAL_RTC_MspDeInit), (2 bytes).
    Removing stm32f4xx_hal_rtc.o(i.HAL_RTC_MspInit), (2 bytes).
    Removing stm32f4xx_hal_rtc.o(i.HAL_RTC_PollForAlarmAEvent), (74 bytes).
    Removing stm32f4xx_hal_rtc.o(i.HAL_RTC_SetAlarm), (492 bytes).
    Removing stm32f4xx_hal_rtc.o(i.HAL_RTC_SetAlarm_IT), (540 bytes).
    Removing stm32f4xx_hal_rtc.o(i.HAL_RTC_SetDate), (192 bytes).
    Removing stm32f4xx_hal_rtc.o(i.HAL_RTC_SetTime), (236 bytes).
    Removing stm32f4xx_hal_rtc.o(i.RTC_Bcd2ToByte), (22 bytes).
    Removing stm32f4xx_hal_rtc.o(i.RTC_ByteToBcd2), (28 bytes).
    Removing stm32f4xx_hal_rtc_ex.o(.rev16_text), (4 bytes).
    Removing stm32f4xx_hal_rtc_ex.o(.revsh_text), (4 bytes).
    Removing stm32f4xx_hal_rtc_ex.o(.rrx_text), (6 bytes).
    Removing stm32f4xx_hal_rtc_ex.o(i.HAL_RTCEx_AlarmBEventCallback), (2 bytes).
    Removing stm32f4xx_hal_rtc_ex.o(i.HAL_RTCEx_BKUPRead), (18 bytes).
    Removing stm32f4xx_hal_rtc_ex.o(i.HAL_RTCEx_BKUPWrite), (18 bytes).
    Removing stm32f4xx_hal_rtc_ex.o(i.HAL_RTCEx_DeactivateCalibrationOutPut), (78 bytes).
    Removing stm32f4xx_hal_rtc_ex.o(i.HAL_RTCEx_DeactivateCoarseCalib), (100 bytes).
    Removing stm32f4xx_hal_rtc_ex.o(i.HAL_RTCEx_DeactivateRefClock), (100 bytes).
    Removing stm32f4xx_hal_rtc_ex.o(i.HAL_RTCEx_DeactivateTamper), (50 bytes).
    Removing stm32f4xx_hal_rtc_ex.o(i.HAL_RTCEx_DeactivateTimeStamp), (96 bytes).
    Removing stm32f4xx_hal_rtc_ex.o(i.HAL_RTCEx_DeactivateWakeUpTimer), (152 bytes).
    Removing stm32f4xx_hal_rtc_ex.o(i.HAL_RTCEx_DisableBypassShadow), (78 bytes).
    Removing stm32f4xx_hal_rtc_ex.o(i.HAL_RTCEx_EnableBypassShadow), (78 bytes).
    Removing stm32f4xx_hal_rtc_ex.o(i.HAL_RTCEx_GetTimeStamp), (172 bytes).
    Removing stm32f4xx_hal_rtc_ex.o(i.HAL_RTCEx_GetWakeUpTimer), (10 bytes).
    Removing stm32f4xx_hal_rtc_ex.o(i.HAL_RTCEx_PollForAlarmBEvent), (74 bytes).
    Removing stm32f4xx_hal_rtc_ex.o(i.HAL_RTCEx_PollForTamper1Event), (74 bytes).
    Removing stm32f4xx_hal_rtc_ex.o(i.HAL_RTCEx_PollForTamper2Event), (74 bytes).
    Removing stm32f4xx_hal_rtc_ex.o(i.HAL_RTCEx_PollForTimeStampEvent), (92 bytes).
    Removing stm32f4xx_hal_rtc_ex.o(i.HAL_RTCEx_PollForWakeUpTimerEvent), (74 bytes).
    Removing stm32f4xx_hal_rtc_ex.o(i.HAL_RTCEx_SetCalibrationOutPut), (100 bytes).
    Removing stm32f4xx_hal_rtc_ex.o(i.HAL_RTCEx_SetCoarseCalib), (116 bytes).
    Removing stm32f4xx_hal_rtc_ex.o(i.HAL_RTCEx_SetRefClock), (100 bytes).
    Removing stm32f4xx_hal_rtc_ex.o(i.HAL_RTCEx_SetSmoothCalib), (162 bytes).
    Removing stm32f4xx_hal_rtc_ex.o(i.HAL_RTCEx_SetSynchroShift), (224 bytes).
    Removing stm32f4xx_hal_rtc_ex.o(i.HAL_RTCEx_SetTamper), (112 bytes).
    Removing stm32f4xx_hal_rtc_ex.o(i.HAL_RTCEx_SetTamper_IT), (144 bytes).
    Removing stm32f4xx_hal_rtc_ex.o(i.HAL_RTCEx_SetTimeStamp), (154 bytes).
    Removing stm32f4xx_hal_rtc_ex.o(i.HAL_RTCEx_SetTimeStamp_IT), (200 bytes).
    Removing stm32f4xx_hal_rtc_ex.o(i.HAL_RTCEx_SetWakeUpTimer), (270 bytes).
    Removing stm32f4xx_hal_rtc_ex.o(i.HAL_RTCEx_SetWakeUpTimer_IT), (324 bytes).
    Removing stm32f4xx_hal_rtc_ex.o(i.HAL_RTCEx_Tamper1EventCallback), (2 bytes).
    Removing stm32f4xx_hal_rtc_ex.o(i.HAL_RTCEx_Tamper2EventCallback), (2 bytes).
    Removing stm32f4xx_hal_rtc_ex.o(i.HAL_RTCEx_TamperTimeStampIRQHandler), (148 bytes).
    Removing stm32f4xx_hal_rtc_ex.o(i.HAL_RTCEx_TimeStampEventCallback), (2 bytes).
    Removing stm32f4xx_hal_rtc_ex.o(i.HAL_RTCEx_WakeUpTimerEventCallback), (2 bytes).
    Removing stm32f4xx_hal_rtc_ex.o(i.HAL_RTCEx_WakeUpTimerIRQHandler), (56 bytes).
    Removing stm32f4xx_hal_spi.o(.rev16_text), (4 bytes).
    Removing stm32f4xx_hal_spi.o(.revsh_text), (4 bytes).
    Removing stm32f4xx_hal_spi.o(.rrx_text), (6 bytes).
    Removing stm32f4xx_hal_spi.o(i.HAL_SPI_Abort), (368 bytes).
    Removing stm32f4xx_hal_spi.o(i.HAL_SPI_AbortCpltCallback), (2 bytes).
    Removing stm32f4xx_hal_spi.o(i.HAL_SPI_Abort_IT), (384 bytes).
    Removing stm32f4xx_hal_spi.o(i.HAL_SPI_DMAPause), (50 bytes).
    Removing stm32f4xx_hal_spi.o(i.HAL_SPI_DMAResume), (50 bytes).
    Removing stm32f4xx_hal_spi.o(i.HAL_SPI_DMAStop), (72 bytes).
    Removing stm32f4xx_hal_spi.o(i.HAL_SPI_DeInit), (54 bytes).
    Removing stm32f4xx_hal_spi.o(i.HAL_SPI_ErrorCallback), (2 bytes).
    Removing stm32f4xx_hal_spi.o(i.HAL_SPI_GetError), (6 bytes).
    Removing stm32f4xx_hal_spi.o(i.HAL_SPI_GetState), (8 bytes).
    Removing stm32f4xx_hal_spi.o(i.HAL_SPI_IRQHandler), (348 bytes).
    Removing stm32f4xx_hal_spi.o(i.HAL_SPI_MspDeInit), (2 bytes).
    Removing stm32f4xx_hal_spi.o(i.HAL_SPI_MspInit), (2 bytes).
    Removing stm32f4xx_hal_spi.o(i.HAL_SPI_Receive), (368 bytes).
    Removing stm32f4xx_hal_spi.o(i.HAL_SPI_Receive_DMA), (284 bytes).
    Removing stm32f4xx_hal_spi.o(i.HAL_SPI_Receive_IT), (216 bytes).
    Removing stm32f4xx_hal_spi.o(i.HAL_SPI_RxCpltCallback), (2 bytes).
    Removing stm32f4xx_hal_spi.o(i.HAL_SPI_RxHalfCpltCallback), (2 bytes).
    Removing stm32f4xx_hal_spi.o(i.HAL_SPI_Transmit), (430 bytes).
    Removing stm32f4xx_hal_spi.o(i.HAL_SPI_TransmitReceive_DMA), (364 bytes).
    Removing stm32f4xx_hal_spi.o(i.HAL_SPI_TransmitReceive_IT), (196 bytes).
    Removing stm32f4xx_hal_spi.o(i.HAL_SPI_Transmit_DMA), (252 bytes).
    Removing stm32f4xx_hal_spi.o(i.HAL_SPI_Transmit_IT), (180 bytes).
    Removing stm32f4xx_hal_spi.o(i.HAL_SPI_TxCpltCallback), (2 bytes).
    Removing stm32f4xx_hal_spi.o(i.HAL_SPI_TxHalfCpltCallback), (2 bytes).
    Removing stm32f4xx_hal_spi.o(i.HAL_SPI_TxRxCpltCallback), (2 bytes).
    Removing stm32f4xx_hal_spi.o(i.HAL_SPI_TxRxHalfCpltCallback), (2 bytes).
    Removing stm32f4xx_hal_spi.o(i.SPI_2linesRxISR_16BIT), (52 bytes).
    Removing stm32f4xx_hal_spi.o(i.SPI_2linesRxISR_8BIT), (52 bytes).
    Removing stm32f4xx_hal_spi.o(i.SPI_2linesTxISR_16BIT), (52 bytes).
    Removing stm32f4xx_hal_spi.o(i.SPI_2linesTxISR_8BIT), (52 bytes).
    Removing stm32f4xx_hal_spi.o(i.SPI_AbortRx_ISR), (112 bytes).
    Removing stm32f4xx_hal_spi.o(i.SPI_AbortTx_ISR), (32 bytes).
    Removing stm32f4xx_hal_spi.o(i.SPI_CloseRxTx_ISR), (188 bytes).
    Removing stm32f4xx_hal_spi.o(i.SPI_CloseRx_ISR), (94 bytes).
    Removing stm32f4xx_hal_spi.o(i.SPI_CloseTx_ISR), (160 bytes).
    Removing stm32f4xx_hal_spi.o(i.SPI_DMAAbortOnError), (20 bytes).
    Removing stm32f4xx_hal_spi.o(i.SPI_DMAError), (40 bytes).
    Removing stm32f4xx_hal_spi.o(i.SPI_DMAHalfReceiveCplt), (14 bytes).
    Removing stm32f4xx_hal_spi.o(i.SPI_DMAHalfTransmitCplt), (14 bytes).
    Removing stm32f4xx_hal_spi.o(i.SPI_DMAHalfTransmitReceiveCplt), (14 bytes).
    Removing stm32f4xx_hal_spi.o(i.SPI_DMAReceiveCplt), (124 bytes).
    Removing stm32f4xx_hal_spi.o(i.SPI_DMARxAbortCallback), (144 bytes).
    Removing stm32f4xx_hal_spi.o(i.SPI_DMATransmitCplt), (128 bytes).
    Removing stm32f4xx_hal_spi.o(i.SPI_DMATransmitReceiveCplt), (104 bytes).
    Removing stm32f4xx_hal_spi.o(i.SPI_DMATxAbortCallback), (172 bytes).
    Removing stm32f4xx_hal_spi.o(i.SPI_EndRxTransaction), (148 bytes).
    Removing stm32f4xx_hal_spi.o(i.SPI_RxISR_16BIT), (36 bytes).
    Removing stm32f4xx_hal_spi.o(i.SPI_RxISR_8BIT), (36 bytes).
    Removing stm32f4xx_hal_spi.o(i.SPI_TxISR_16BIT), (36 bytes).
    Removing stm32f4xx_hal_spi.o(i.SPI_TxISR_8BIT), (36 bytes).
    Removing stm32f4xx_hal_tim.o(.rev16_text), (4 bytes).
    Removing stm32f4xx_hal_tim.o(.revsh_text), (4 bytes).
    Removing stm32f4xx_hal_tim.o(.rrx_text), (6 bytes).
    Removing stm32f4xx_hal_tim_ex.o(.rev16_text), (4 bytes).
    Removing stm32f4xx_hal_tim_ex.o(.revsh_text), (4 bytes).
    Removing stm32f4xx_hal_tim_ex.o(.rrx_text), (6 bytes).
    Removing stm32f4xx_hal_uart.o(.rev16_text), (4 bytes).
    Removing stm32f4xx_hal_uart.o(.revsh_text), (4 bytes).
    Removing stm32f4xx_hal_uart.o(.rrx_text), (6 bytes).
    Removing stm32f4xx_hal_uart.o(i.HAL_HalfDuplex_EnableReceiver), (68 bytes).
    Removing stm32f4xx_hal_uart.o(i.HAL_HalfDuplex_EnableTransmitter), (68 bytes).
    Removing stm32f4xx_hal_uart.o(i.HAL_HalfDuplex_Init), (118 bytes).
    Removing stm32f4xx_hal_uart.o(i.HAL_LIN_Init), (142 bytes).
    Removing stm32f4xx_hal_uart.o(i.HAL_LIN_SendBreak), (80 bytes).
    Removing stm32f4xx_hal_uart.o(i.HAL_MultiProcessor_EnterMuteMode), (80 bytes).
    Removing stm32f4xx_hal_uart.o(i.HAL_MultiProcessor_ExitMuteMode), (80 bytes).
    Removing stm32f4xx_hal_uart.o(i.HAL_MultiProcessor_Init), (154 bytes).
    Removing stm32f4xx_hal_uart.o(i.HAL_UARTEx_ReceiveToIdle), (320 bytes).
    Removing stm32f4xx_hal_uart.o(i.HAL_UARTEx_ReceiveToIdle_DMA), (130 bytes).
    Removing stm32f4xx_hal_uart.o(i.HAL_UARTEx_ReceiveToIdle_IT), (130 bytes).
    Removing stm32f4xx_hal_uart.o(i.HAL_UART_Abort), (282 bytes).
    Removing stm32f4xx_hal_uart.o(i.HAL_UART_AbortCpltCallback), (2 bytes).
    Removing stm32f4xx_hal_uart.o(i.HAL_UART_AbortReceive), (196 bytes).
    Removing stm32f4xx_hal_uart.o(i.HAL_UART_AbortReceiveCpltCallback), (2 bytes).
    Removing stm32f4xx_hal_uart.o(i.HAL_UART_AbortReceive_IT), (220 bytes).
    Removing stm32f4xx_hal_uart.o(i.HAL_UART_AbortTransmit), (126 bytes).
    Removing stm32f4xx_hal_uart.o(i.HAL_UART_AbortTransmitCpltCallback), (2 bytes).
    Removing stm32f4xx_hal_uart.o(i.HAL_UART_AbortTransmit_IT), (144 bytes).
    Removing stm32f4xx_hal_uart.o(i.HAL_UART_Abort_IT), (336 bytes).
    Removing stm32f4xx_hal_uart.o(i.HAL_UART_DMAPause), (198 bytes).
    Removing stm32f4xx_hal_uart.o(i.HAL_UART_DMAResume), (202 bytes).
    Removing stm32f4xx_hal_uart.o(i.HAL_UART_DeInit), (60 bytes).
    Removing stm32f4xx_hal_uart.o(i.HAL_UART_GetError), (6 bytes).
    Removing stm32f4xx_hal_uart.o(i.HAL_UART_GetState), (20 bytes).
    Removing stm32f4xx_hal_uart.o(i.HAL_UART_MspDeInit), (2 bytes).
    Removing stm32f4xx_hal_uart.o(i.HAL_UART_MspInit), (2 bytes).
    Removing stm32f4xx_hal_uart.o(i.HAL_UART_Receive), (220 bytes).
    Removing stm32f4xx_hal_uart.o(i.HAL_UART_Receive_IT), (66 bytes).
    Removing stm32f4xx_hal_uart.o(i.HAL_UART_Transmit), (210 bytes).
    Removing stm32f4xx_hal_uart.o(i.HAL_UART_Transmit_DMA), (172 bytes).
    Removing stm32f4xx_hal_uart.o(i.HAL_UART_Transmit_IT), (88 bytes).
    Removing stm32f4xx_hal_uart.o(i.HAL_UART_TxHalfCpltCallback), (2 bytes).
    Removing stm32f4xx_hal_uart.o(i.UART_DMARxAbortCallback), (56 bytes).
    Removing stm32f4xx_hal_uart.o(i.UART_DMARxOnlyAbortCallback), (28 bytes).
    Removing stm32f4xx_hal_uart.o(i.UART_DMATransmitCplt), (88 bytes).
    Removing stm32f4xx_hal_uart.o(i.UART_DMATxAbortCallback), (56 bytes).
    Removing stm32f4xx_hal_uart.o(i.UART_DMATxHalfCplt), (14 bytes).
    Removing stm32f4xx_hal_uart.o(i.UART_DMATxOnlyAbortCallback), (24 bytes).
    Removing stm32f4xx_hal_uart.o(i.UART_Start_Receive_IT), (74 bytes).
    Removing stm32f4xx_hal_uart.o(i.UART_WaitOnFlagUntilTimeout), (146 bytes).
    Removing system_stm32f4xx.o(.rev16_text), (4 bytes).
    Removing system_stm32f4xx.o(.revsh_text), (4 bytes).
    Removing system_stm32f4xx.o(.rrx_text), (6 bytes).
    Removing system_stm32f4xx.o(i.SystemCoreClockUpdate), (192 bytes).
    Removing f2d.o(.text), (38 bytes).

409 unused section(s) (total 34142 bytes) removed from the image.

==============================================================================

Image Symbol Table

    Local Symbols

    Symbol Name                              Value     Ov Type        Size  Object(Section)

    ../Core/Src/dma.c                        0x00000000   Number         0  dma.o ABSOLUTE
    ../Core/Src/gpio.c                       0x00000000   Number         0  gpio.o ABSOLUTE
    ../Core/Src/iwdg.c                       0x00000000   Number         0  iwdg.o ABSOLUTE
    ../Core/Src/main.c                       0x00000000   Number         0  main.o ABSOLUTE
    ../Core/Src/rtc.c                        0x00000000   Number         0  rtc.o ABSOLUTE
    ../Core/Src/spi.c                        0x00000000   Number         0  spi.o ABSOLUTE
    ../Core/Src/stm32f4xx_hal_msp.c          0x00000000   Number         0  stm32f4xx_hal_msp.o ABSOLUTE
    ../Core/Src/stm32f4xx_it.c               0x00000000   Number         0  stm32f4xx_it.o ABSOLUTE
    ../Core/Src/system_stm32f4xx.c           0x00000000   Number         0  system_stm32f4xx.o ABSOLUTE
    ../Core/Src/usart.c                      0x00000000   Number         0  usart.o ABSOLUTE
    ../Drivers/STM32F4xx_HAL_Driver/Src/stm32f4xx_hal.c 0x00000000   Number         0  stm32f4xx_hal.o ABSOLUTE
    ../Drivers/STM32F4xx_HAL_Driver/Src/stm32f4xx_hal_cortex.c 0x00000000   Number         0  stm32f4xx_hal_cortex.o ABSOLUTE
    ../Drivers/STM32F4xx_HAL_Driver/Src/stm32f4xx_hal_dma.c 0x00000000   Number         0  stm32f4xx_hal_dma.o ABSOLUTE
    ../Drivers/STM32F4xx_HAL_Driver/Src/stm32f4xx_hal_dma_ex.c 0x00000000   Number         0  stm32f4xx_hal_dma_ex.o ABSOLUTE
    ../Drivers/STM32F4xx_HAL_Driver/Src/stm32f4xx_hal_exti.c 0x00000000   Number         0  stm32f4xx_hal_exti.o ABSOLUTE
    ../Drivers/STM32F4xx_HAL_Driver/Src/stm32f4xx_hal_flash.c 0x00000000   Number         0  stm32f4xx_hal_flash.o ABSOLUTE
    ../Drivers/STM32F4xx_HAL_Driver/Src/stm32f4xx_hal_flash_ex.c 0x00000000   Number         0  stm32f4xx_hal_flash_ex.o ABSOLUTE
    ../Drivers/STM32F4xx_HAL_Driver/Src/stm32f4xx_hal_flash_ramfunc.c 0x00000000   Number         0  stm32f4xx_hal_flash_ramfunc.o ABSOLUTE
    ../Drivers/STM32F4xx_HAL_Driver/Src/stm32f4xx_hal_gpio.c 0x00000000   Number         0  stm32f4xx_hal_gpio.o ABSOLUTE
    ../Drivers/STM32F4xx_HAL_Driver/Src/stm32f4xx_hal_iwdg.c 0x00000000   Number         0  stm32f4xx_hal_iwdg.o ABSOLUTE
    ../Drivers/STM32F4xx_HAL_Driver/Src/stm32f4xx_hal_pwr.c 0x00000000   Number         0  stm32f4xx_hal_pwr.o ABSOLUTE
    ../Drivers/STM32F4xx_HAL_Driver/Src/stm32f4xx_hal_pwr_ex.c 0x00000000   Number         0  stm32f4xx_hal_pwr_ex.o ABSOLUTE
    ../Drivers/STM32F4xx_HAL_Driver/Src/stm32f4xx_hal_rcc.c 0x00000000   Number         0  stm32f4xx_hal_rcc.o ABSOLUTE
    ../Drivers/STM32F4xx_HAL_Driver/Src/stm32f4xx_hal_rcc_ex.c 0x00000000   Number         0  stm32f4xx_hal_rcc_ex.o ABSOLUTE
    ../Drivers/STM32F4xx_HAL_Driver/Src/stm32f4xx_hal_rtc.c 0x00000000   Number         0  stm32f4xx_hal_rtc.o ABSOLUTE
    ../Drivers/STM32F4xx_HAL_Driver/Src/stm32f4xx_hal_rtc_ex.c 0x00000000   Number         0  stm32f4xx_hal_rtc_ex.o ABSOLUTE
    ../Drivers/STM32F4xx_HAL_Driver/Src/stm32f4xx_hal_spi.c 0x00000000   Number         0  stm32f4xx_hal_spi.o ABSOLUTE
    ../Drivers/STM32F4xx_HAL_Driver/Src/stm32f4xx_hal_tim.c 0x00000000   Number         0  stm32f4xx_hal_tim.o ABSOLUTE
    ../Drivers/STM32F4xx_HAL_Driver/Src/stm32f4xx_hal_tim_ex.c 0x00000000   Number         0  stm32f4xx_hal_tim_ex.o ABSOLUTE
    ../Drivers/STM32F4xx_HAL_Driver/Src/stm32f4xx_hal_uart.c 0x00000000   Number         0  stm32f4xx_hal_uart.o ABSOLUTE
    ../clib/microlib/division.c              0x00000000   Number         0  uidiv.o ABSOLUTE
    ../clib/microlib/division.c              0x00000000   Number         0  uldiv.o ABSOLUTE
    ../clib/microlib/init/entry.s            0x00000000   Number         0  entry9a.o ABSOLUTE
    ../clib/microlib/init/entry.s            0x00000000   Number         0  entry10a.o ABSOLUTE
    ../clib/microlib/init/entry.s            0x00000000   Number         0  entry9b.o ABSOLUTE
    ../clib/microlib/init/entry.s            0x00000000   Number         0  entry8b.o ABSOLUTE
    ../clib/microlib/init/entry.s            0x00000000   Number         0  entry7a.o ABSOLUTE
    ../clib/microlib/init/entry.s            0x00000000   Number         0  entry.o ABSOLUTE
    ../clib/microlib/init/entry.s            0x00000000   Number         0  entry8a.o ABSOLUTE
    ../clib/microlib/init/entry.s            0x00000000   Number         0  entry11a.o ABSOLUTE
    ../clib/microlib/init/entry.s            0x00000000   Number         0  entry7b.o ABSOLUTE
    ../clib/microlib/init/entry.s            0x00000000   Number         0  entry2.o ABSOLUTE
    ../clib/microlib/init/entry.s            0x00000000   Number         0  entry10b.o ABSOLUTE
    ../clib/microlib/init/entry.s            0x00000000   Number         0  entry11b.o ABSOLUTE
    ../clib/microlib/init/entry.s            0x00000000   Number         0  entry5.o ABSOLUTE
    ../clib/microlib/longlong.c              0x00000000   Number         0  llshl.o ABSOLUTE
    ../clib/microlib/longlong.c              0x00000000   Number         0  llushr.o ABSOLUTE
    ../clib/microlib/longlong.c              0x00000000   Number         0  llsshr.o ABSOLUTE
    ../clib/microlib/printf/printf.c         0x00000000   Number         0  printf7.o ABSOLUTE
    ../clib/microlib/printf/printf.c         0x00000000   Number         0  printf5.o ABSOLUTE
    ../clib/microlib/printf/printf.c         0x00000000   Number         0  printf4.o ABSOLUTE
    ../clib/microlib/printf/printf.c         0x00000000   Number         0  printf3.o ABSOLUTE
    ../clib/microlib/printf/printf.c         0x00000000   Number         0  printf2.o ABSOLUTE
    ../clib/microlib/printf/printf.c         0x00000000   Number         0  printf1.o ABSOLUTE
    ../clib/microlib/printf/printf.c         0x00000000   Number         0  printf0.o ABSOLUTE
    ../clib/microlib/printf/printf.c         0x00000000   Number         0  printfb.o ABSOLUTE
    ../clib/microlib/printf/printf.c         0x00000000   Number         0  printf6.o ABSOLUTE
    ../clib/microlib/printf/printf.c         0x00000000   Number         0  printfa.o ABSOLUTE
    ../clib/microlib/printf/printf.c         0x00000000   Number         0  printf8.o ABSOLUTE
    ../clib/microlib/printf/stubs.s          0x00000000   Number         0  stubs.o ABSOLUTE
    ../clib/microlib/string/memset.c         0x00000000   Number         0  memseta.o ABSOLUTE
    ../clib/microlib/stubs.s                 0x00000000   Number         0  iusefp.o ABSOLUTE
    ../fplib/microlib/f2d.c                  0x00000000   Number         0  f2d.o ABSOLUTE
    ../fplib/microlib/fpadd.c                0x00000000   Number         0  dadd.o ABSOLUTE
    ../fplib/microlib/fpdiv.c                0x00000000   Number         0  ddiv.o ABSOLUTE
    ../fplib/microlib/fpepilogue.c           0x00000000   Number         0  depilogue.o ABSOLUTE
    ../fplib/microlib/fpfix.c                0x00000000   Number         0  dfixul.o ABSOLUTE
    ../fplib/microlib/fpmul.c                0x00000000   Number         0  dmul.o ABSOLUTE
    ..\Core\Src\delay.c                      0x00000000   Number         0  delay.o ABSOLUTE
    ..\Core\Src\dma.c                        0x00000000   Number         0  dma.o ABSOLUTE
    ..\Core\Src\gpio.c                       0x00000000   Number         0  gpio.o ABSOLUTE
    ..\Core\Src\iwdg.c                       0x00000000   Number         0  iwdg.o ABSOLUTE
    ..\Core\Src\main.c                       0x00000000   Number         0  main.o ABSOLUTE
    ..\Core\Src\rtc.c                        0x00000000   Number         0  rtc.o ABSOLUTE
    ..\Core\Src\spi.c                        0x00000000   Number         0  spi.o ABSOLUTE
    ..\Core\Src\stm32f4xx_hal_msp.c          0x00000000   Number         0  stm32f4xx_hal_msp.o ABSOLUTE
    ..\Core\Src\stm32f4xx_it.c               0x00000000   Number         0  stm32f4xx_it.o ABSOLUTE
    ..\Core\Src\sys.c                        0x00000000   Number         0  sys.o ABSOLUTE
    ..\Core\Src\system_stm32f4xx.c           0x00000000   Number         0  system_stm32f4xx.o ABSOLUTE
    ..\Core\Src\usart.c                      0x00000000   Number         0  usart.o ABSOLUTE
    ..\Core\Src\w25qxx.c                     0x00000000   Number         0  w25qxx.o ABSOLUTE
    ..\Drivers\STM32F4xx_HAL_Driver\Src\stm32f4xx_hal.c 0x00000000   Number         0  stm32f4xx_hal.o ABSOLUTE
    ..\Drivers\STM32F4xx_HAL_Driver\Src\stm32f4xx_hal_cortex.c 0x00000000   Number         0  stm32f4xx_hal_cortex.o ABSOLUTE
    ..\Drivers\STM32F4xx_HAL_Driver\Src\stm32f4xx_hal_dma.c 0x00000000   Number         0  stm32f4xx_hal_dma.o ABSOLUTE
    ..\Drivers\STM32F4xx_HAL_Driver\Src\stm32f4xx_hal_dma_ex.c 0x00000000   Number         0  stm32f4xx_hal_dma_ex.o ABSOLUTE
    ..\Drivers\STM32F4xx_HAL_Driver\Src\stm32f4xx_hal_exti.c 0x00000000   Number         0  stm32f4xx_hal_exti.o ABSOLUTE
    ..\Drivers\STM32F4xx_HAL_Driver\Src\stm32f4xx_hal_flash.c 0x00000000   Number         0  stm32f4xx_hal_flash.o ABSOLUTE
    ..\Drivers\STM32F4xx_HAL_Driver\Src\stm32f4xx_hal_flash_ex.c 0x00000000   Number         0  stm32f4xx_hal_flash_ex.o ABSOLUTE
    ..\Drivers\STM32F4xx_HAL_Driver\Src\stm32f4xx_hal_flash_ramfunc.c 0x00000000   Number         0  stm32f4xx_hal_flash_ramfunc.o ABSOLUTE
    ..\Drivers\STM32F4xx_HAL_Driver\Src\stm32f4xx_hal_gpio.c 0x00000000   Number         0  stm32f4xx_hal_gpio.o ABSOLUTE
    ..\Drivers\STM32F4xx_HAL_Driver\Src\stm32f4xx_hal_iwdg.c 0x00000000   Number         0  stm32f4xx_hal_iwdg.o ABSOLUTE
    ..\Drivers\STM32F4xx_HAL_Driver\Src\stm32f4xx_hal_pwr.c 0x00000000   Number         0  stm32f4xx_hal_pwr.o ABSOLUTE
    ..\Drivers\STM32F4xx_HAL_Driver\Src\stm32f4xx_hal_pwr_ex.c 0x00000000   Number         0  stm32f4xx_hal_pwr_ex.o ABSOLUTE
    ..\Drivers\STM32F4xx_HAL_Driver\Src\stm32f4xx_hal_rcc.c 0x00000000   Number         0  stm32f4xx_hal_rcc.o ABSOLUTE
    ..\Drivers\STM32F4xx_HAL_Driver\Src\stm32f4xx_hal_rcc_ex.c 0x00000000   Number         0  stm32f4xx_hal_rcc_ex.o ABSOLUTE
    ..\Drivers\STM32F4xx_HAL_Driver\Src\stm32f4xx_hal_rtc.c 0x00000000   Number         0  stm32f4xx_hal_rtc.o ABSOLUTE
    ..\Drivers\STM32F4xx_HAL_Driver\Src\stm32f4xx_hal_rtc_ex.c 0x00000000   Number         0  stm32f4xx_hal_rtc_ex.o ABSOLUTE
    ..\Drivers\STM32F4xx_HAL_Driver\Src\stm32f4xx_hal_spi.c 0x00000000   Number         0  stm32f4xx_hal_spi.o ABSOLUTE
    ..\Drivers\STM32F4xx_HAL_Driver\Src\stm32f4xx_hal_tim.c 0x00000000   Number         0  stm32f4xx_hal_tim.o ABSOLUTE
    ..\Drivers\STM32F4xx_HAL_Driver\Src\stm32f4xx_hal_tim_ex.c 0x00000000   Number         0  stm32f4xx_hal_tim_ex.o ABSOLUTE
    ..\Drivers\STM32F4xx_HAL_Driver\Src\stm32f4xx_hal_uart.c 0x00000000   Number         0  stm32f4xx_hal_uart.o ABSOLUTE
    ..\\Core\\Src\\delay.c                   0x00000000   Number         0  delay.o ABSOLUTE
    ..\\Core\\Src\\sys.c                     0x00000000   Number         0  sys.o ABSOLUTE
    ..\\Core\\Src\\w25qxx.c                  0x00000000   Number         0  w25qxx.o ABSOLUTE
    cdrcmple.s                               0x00000000   Number         0  cdrcmple.o ABSOLUTE
    dc.s                                     0x00000000   Number         0  dc.o ABSOLUTE
    handlers.s                               0x00000000   Number         0  handlers.o ABSOLUTE
    init.s                                   0x00000000   Number         0  init.o ABSOLUTE
    startup_stm32f407xx.s                    0x00000000   Number         0  startup_stm32f407xx.o ABSOLUTE
    RESET                                    0x08000000   Section      392  startup_stm32f407xx.o(RESET)
    .ARM.Collect$$$$00000000                 0x08000188   Section        0  entry.o(.ARM.Collect$$$$00000000)
    .ARM.Collect$$$$00000001                 0x08000188   Section        4  entry2.o(.ARM.Collect$$$$00000001)
    .ARM.Collect$$$$00000004                 0x0800018c   Section        4  entry5.o(.ARM.Collect$$$$00000004)
    .ARM.Collect$$$$00000008                 0x08000190   Section        0  entry7b.o(.ARM.Collect$$$$00000008)
    .ARM.Collect$$$$0000000A                 0x08000190   Section        0  entry8b.o(.ARM.Collect$$$$0000000A)
    .ARM.Collect$$$$0000000B                 0x08000190   Section        8  entry9a.o(.ARM.Collect$$$$0000000B)
    .ARM.Collect$$$$0000000D                 0x08000198   Section        0  entry10a.o(.ARM.Collect$$$$0000000D)
    .ARM.Collect$$$$0000000F                 0x08000198   Section        0  entry11a.o(.ARM.Collect$$$$0000000F)
    .ARM.Collect$$$$00002712                 0x08000198   Section        4  entry2.o(.ARM.Collect$$$$00002712)
    __lit__00000000                          0x08000198   Data           4  entry2.o(.ARM.Collect$$$$00002712)
    .emb_text                                0x0800019c   Section       16  sys.o(.emb_text)
    $v0                                      0x0800019c   Number         0  sys.o(.emb_text)
    .text                                    0x080001ac   Section       36  startup_stm32f407xx.o(.text)
    $v0                                      0x080001ac   Number         0  startup_stm32f407xx.o(.text)
    .text                                    0x080001d0   Section        0  uldiv.o(.text)
    .text                                    0x08000232   Section        0  memseta.o(.text)
    .text                                    0x08000256   Section        0  uidiv.o(.text)
    .text                                    0x08000282   Section        0  llshl.o(.text)
    .text                                    0x080002a0   Section        0  llushr.o(.text)
    .text                                    0x080002c0   Section        0  iusefp.o(.text)
    .text                                    0x080002c0   Section        0  dadd.o(.text)
    .text                                    0x0800040e   Section        0  dmul.o(.text)
    .text                                    0x080004f2   Section        0  ddiv.o(.text)
    .text                                    0x080005d0   Section        0  dfixul.o(.text)
    .text                                    0x08000600   Section       48  cdrcmple.o(.text)
    .text                                    0x08000630   Section       36  init.o(.text)
    .text                                    0x08000654   Section        0  llsshr.o(.text)
    .text                                    0x08000678   Section        0  depilogue.o(.text)
    i.BusFault_Handler                       0x08000732   Section        0  stm32f4xx_it.o(i.BusFault_Handler)
    i.DMA1_Stream5_IRQHandler                0x08000738   Section        0  stm32f4xx_it.o(i.DMA1_Stream5_IRQHandler)
    i.DMA1_Stream6_IRQHandler                0x08000748   Section        0  stm32f4xx_it.o(i.DMA1_Stream6_IRQHandler)
    i.DMA2_Stream2_IRQHandler                0x08000758   Section        0  stm32f4xx_it.o(i.DMA2_Stream2_IRQHandler)
    i.DMA2_Stream7_IRQHandler                0x08000768   Section        0  stm32f4xx_it.o(i.DMA2_Stream7_IRQHandler)
    i.DMA_CalcBaseAndBitshift                0x08000778   Section        0  stm32f4xx_hal_dma.o(i.DMA_CalcBaseAndBitshift)
    DMA_CalcBaseAndBitshift                  0x08000779   Thumb Code    46  stm32f4xx_hal_dma.o(i.DMA_CalcBaseAndBitshift)
    i.DMA_CheckFifoParam                     0x080007ac   Section        0  stm32f4xx_hal_dma.o(i.DMA_CheckFifoParam)
    DMA_CheckFifoParam                       0x080007ad   Thumb Code   170  stm32f4xx_hal_dma.o(i.DMA_CheckFifoParam)
    i.DMA_SetConfig                          0x08000856   Section        0  stm32f4xx_hal_dma.o(i.DMA_SetConfig)
    DMA_SetConfig                            0x08000857   Thumb Code    44  stm32f4xx_hal_dma.o(i.DMA_SetConfig)
    i.DebugMon_Handler                       0x08000882   Section        0  stm32f4xx_it.o(i.DebugMon_Handler)
    i.Error_Handler                          0x08000884   Section        0  main.o(i.Error_Handler)
    i.HAL_DMA_Abort                          0x0800088a   Section        0  stm32f4xx_hal_dma.o(i.HAL_DMA_Abort)
    i.HAL_DMA_Abort_IT                       0x08000936   Section        0  stm32f4xx_hal_dma.o(i.HAL_DMA_Abort_IT)
    i.HAL_DMA_IRQHandler                     0x08000960   Section        0  stm32f4xx_hal_dma.o(i.HAL_DMA_IRQHandler)
    i.HAL_DMA_Init                           0x08000ba0   Section        0  stm32f4xx_hal_dma.o(i.HAL_DMA_Init)
    i.HAL_DMA_Start_IT                       0x08000c8c   Section        0  stm32f4xx_hal_dma.o(i.HAL_DMA_Start_IT)
    i.HAL_GPIO_DeInit                        0x08000d20   Section        0  stm32f4xx_hal_gpio.o(i.HAL_GPIO_DeInit)
    i.HAL_GPIO_Init                          0x08000e88   Section        0  stm32f4xx_hal_gpio.o(i.HAL_GPIO_Init)
    i.HAL_GPIO_WritePin                      0x0800107c   Section        0  stm32f4xx_hal_gpio.o(i.HAL_GPIO_WritePin)
    i.HAL_GetTick                            0x08001088   Section        0  stm32f4xx_hal.o(i.HAL_GetTick)
    i.HAL_IWDG_Init                          0x08001094   Section        0  stm32f4xx_hal_iwdg.o(i.HAL_IWDG_Init)
    i.HAL_IncTick                            0x080010f4   Section        0  stm32f4xx_hal.o(i.HAL_IncTick)
    i.HAL_Init                               0x0800110c   Section        0  stm32f4xx_hal.o(i.HAL_Init)
    i.HAL_InitTick                           0x08001148   Section        0  stm32f4xx_hal.o(i.HAL_InitTick)
    i.HAL_MspInit                            0x08001194   Section        0  stm32f4xx_hal_msp.o(i.HAL_MspInit)
    i.HAL_NVIC_DisableIRQ                    0x080011dc   Section        0  stm32f4xx_hal_cortex.o(i.HAL_NVIC_DisableIRQ)
    i.HAL_NVIC_EnableIRQ                     0x08001220   Section        0  stm32f4xx_hal_cortex.o(i.HAL_NVIC_EnableIRQ)
    i.HAL_NVIC_SetPriority                   0x08001240   Section        0  stm32f4xx_hal_cortex.o(i.HAL_NVIC_SetPriority)
    i.HAL_NVIC_SetPriorityGrouping           0x080012bc   Section        0  stm32f4xx_hal_cortex.o(i.HAL_NVIC_SetPriorityGrouping)
    i.HAL_RCCEx_PeriphCLKConfig              0x080012e4   Section        0  stm32f4xx_hal_rcc_ex.o(i.HAL_RCCEx_PeriphCLKConfig)
    i.HAL_RCC_ClockConfig                    0x08001484   Section        0  stm32f4xx_hal_rcc.o(i.HAL_RCC_ClockConfig)
    i.HAL_RCC_GetHCLKFreq                    0x08001608   Section        0  stm32f4xx_hal_rcc.o(i.HAL_RCC_GetHCLKFreq)
    i.HAL_RCC_GetPCLK1Freq                   0x08001614   Section        0  stm32f4xx_hal_rcc.o(i.HAL_RCC_GetPCLK1Freq)
    i.HAL_RCC_GetPCLK2Freq                   0x08001634   Section        0  stm32f4xx_hal_rcc.o(i.HAL_RCC_GetPCLK2Freq)
    i.HAL_RCC_GetSysClockFreq                0x08001654   Section        0  stm32f4xx_hal_rcc.o(i.HAL_RCC_GetSysClockFreq)
    i.HAL_RCC_OscConfig                      0x08001704   Section        0  stm32f4xx_hal_rcc.o(i.HAL_RCC_OscConfig)
    i.HAL_RTC_Init                           0x08001ba0   Section        0  stm32f4xx_hal_rtc.o(i.HAL_RTC_Init)
    i.HAL_RTC_MspInit                        0x08001c44   Section        0  rtc.o(i.HAL_RTC_MspInit)
    i.HAL_RTC_WaitForSynchro                 0x08001c80   Section        0  stm32f4xx_hal_rtc.o(i.HAL_RTC_WaitForSynchro)
    i.HAL_SPI_Init                           0x08001cba   Section        0  stm32f4xx_hal_spi.o(i.HAL_SPI_Init)
    i.HAL_SPI_MspDeInit                      0x08001d84   Section        0  spi.o(i.HAL_SPI_MspDeInit)
    i.HAL_SPI_MspInit                        0x08001db4   Section        0  spi.o(i.HAL_SPI_MspInit)
    i.HAL_SPI_TransmitReceive                0x08001e3c   Section        0  stm32f4xx_hal_spi.o(i.HAL_SPI_TransmitReceive)
    i.HAL_SYSTICK_Config                     0x08002066   Section        0  stm32f4xx_hal_cortex.o(i.HAL_SYSTICK_Config)
    i.HAL_UARTEx_RxEventCallback             0x0800209a   Section        0  stm32f4xx_hal_uart.o(i.HAL_UARTEx_RxEventCallback)
    i.HAL_UART_DMAStop                       0x0800209c   Section        0  stm32f4xx_hal_uart.o(i.HAL_UART_DMAStop)
    i.HAL_UART_ErrorCallback                 0x08002126   Section        0  stm32f4xx_hal_uart.o(i.HAL_UART_ErrorCallback)
    i.HAL_UART_IRQHandler                    0x08002128   Section        0  stm32f4xx_hal_uart.o(i.HAL_UART_IRQHandler)
    i.HAL_UART_Init                          0x08002408   Section        0  stm32f4xx_hal_uart.o(i.HAL_UART_Init)
    i.HAL_UART_MspInit                       0x0800247c   Section        0  usart.o(i.HAL_UART_MspInit)
    i.HAL_UART_Receive_DMA                   0x080026a0   Section        0  stm32f4xx_hal_uart.o(i.HAL_UART_Receive_DMA)
    i.HAL_UART_RxCpltCallback                0x080026e2   Section        0  stm32f4xx_hal_uart.o(i.HAL_UART_RxCpltCallback)
    i.HAL_UART_RxHalfCpltCallback            0x080026e4   Section        0  stm32f4xx_hal_uart.o(i.HAL_UART_RxHalfCpltCallback)
    i.HAL_UART_TxCpltCallback                0x080026e6   Section        0  stm32f4xx_hal_uart.o(i.HAL_UART_TxCpltCallback)
    i.HardFault_Handler                      0x080026e8   Section        0  stm32f4xx_it.o(i.HardFault_Handler)
    i.MX_DMA_Init                            0x080026ec   Section        0  dma.o(i.MX_DMA_Init)
    i.MX_GPIO_Init                           0x08002774   Section        0  gpio.o(i.MX_GPIO_Init)
    i.MX_IWDG_Init                           0x0800298c   Section        0  iwdg.o(i.MX_IWDG_Init)
    i.MX_RTC_Init                            0x080029b4   Section        0  rtc.o(i.MX_RTC_Init)
    i.MX_SPI1_Init                           0x080029f8   Section        0  spi.o(i.MX_SPI1_Init)
    i.MX_USART1_UART_Init                    0x08002a3c   Section        0  usart.o(i.MX_USART1_UART_Init)
    i.MX_USART2_UART_Init                    0x08002a74   Section        0  usart.o(i.MX_USART2_UART_Init)
    i.MemManage_Handler                      0x08002aac   Section        0  stm32f4xx_it.o(i.MemManage_Handler)
    i.NMI_Handler                            0x08002ab0   Section        0  stm32f4xx_it.o(i.NMI_Handler)
    i.PendSV_Handler                         0x08002ab4   Section        0  stm32f4xx_it.o(i.PendSV_Handler)
    i.RTC_EnterInitMode                      0x08002ab6   Section        0  stm32f4xx_hal_rtc.o(i.RTC_EnterInitMode)
    i.RTC_ExitInitMode                       0x08002b00   Section        0  stm32f4xx_hal_rtc.o(i.RTC_ExitInitMode)
    i.SPI1_ReadWriteByte                     0x08002b30   Section        0  spi.o(i.SPI1_ReadWriteByte)
    i.SPI1_SetSpeed                          0x08002b50   Section        0  spi.o(i.SPI1_SetSpeed)
    i.SPI_EndRxTxTransaction                 0x08002b98   Section        0  stm32f4xx_hal_spi.o(i.SPI_EndRxTxTransaction)
    SPI_EndRxTxTransaction                   0x08002b99   Thumb Code   100  stm32f4xx_hal_spi.o(i.SPI_EndRxTxTransaction)
    i.SPI_WaitFlagStateUntilTimeout          0x08002c04   Section        0  stm32f4xx_hal_spi.o(i.SPI_WaitFlagStateUntilTimeout)
    SPI_WaitFlagStateUntilTimeout            0x08002c05   Thumb Code   210  stm32f4xx_hal_spi.o(i.SPI_WaitFlagStateUntilTimeout)
    i.SVC_Handler                            0x08002cdc   Section        0  stm32f4xx_it.o(i.SVC_Handler)
    i.SysTick_Handler                        0x08002cde   Section        0  stm32f4xx_it.o(i.SysTick_Handler)
    i.SystemClock_Config                     0x08002ce8   Section        0  main.o(i.SystemClock_Config)
    i.SystemInit                             0x08002da0   Section        0  system_stm32f4xx.o(i.SystemInit)
    i.UART_DMAAbortOnError                   0x08002db4   Section        0  stm32f4xx_hal_uart.o(i.UART_DMAAbortOnError)
    UART_DMAAbortOnError                     0x08002db5   Thumb Code    20  stm32f4xx_hal_uart.o(i.UART_DMAAbortOnError)
    i.UART_DMAError                          0x08002dc8   Section        0  stm32f4xx_hal_uart.o(i.UART_DMAError)
    UART_DMAError                            0x08002dc9   Thumb Code    80  stm32f4xx_hal_uart.o(i.UART_DMAError)
    i.UART_DMAReceiveCplt                    0x08002e18   Section        0  stm32f4xx_hal_uart.o(i.UART_DMAReceiveCplt)
    UART_DMAReceiveCplt                      0x08002e19   Thumb Code   176  stm32f4xx_hal_uart.o(i.UART_DMAReceiveCplt)
    i.UART_DMARxHalfCplt                     0x08002ec8   Section        0  stm32f4xx_hal_uart.o(i.UART_DMARxHalfCplt)
    UART_DMARxHalfCplt                       0x08002ec9   Thumb Code    32  stm32f4xx_hal_uart.o(i.UART_DMARxHalfCplt)
    i.UART_EndRxTransfer                     0x08002ee8   Section        0  stm32f4xx_hal_uart.o(i.UART_EndRxTransfer)
    UART_EndRxTransfer                       0x08002ee9   Thumb Code   108  stm32f4xx_hal_uart.o(i.UART_EndRxTransfer)
    i.UART_EndTransmit_IT                    0x08002f54   Section        0  stm32f4xx_hal_uart.o(i.UART_EndTransmit_IT)
    UART_EndTransmit_IT                      0x08002f55   Thumb Code    32  stm32f4xx_hal_uart.o(i.UART_EndTransmit_IT)
    i.UART_EndTxTransfer                     0x08002f74   Section        0  stm32f4xx_hal_uart.o(i.UART_EndTxTransfer)
    UART_EndTxTransfer                       0x08002f75   Thumb Code    38  stm32f4xx_hal_uart.o(i.UART_EndTxTransfer)
    i.UART_Receive_IT                        0x08002f9a   Section        0  stm32f4xx_hal_uart.o(i.UART_Receive_IT)
    UART_Receive_IT                          0x08002f9b   Thumb Code   248  stm32f4xx_hal_uart.o(i.UART_Receive_IT)
    i.UART_SetConfig                         0x08003094   Section        0  stm32f4xx_hal_uart.o(i.UART_SetConfig)
    UART_SetConfig                           0x08003095   Thumb Code   546  stm32f4xx_hal_uart.o(i.UART_SetConfig)
    i.UART_Start_Receive_DMA                 0x080032c0   Section        0  stm32f4xx_hal_uart.o(i.UART_Start_Receive_DMA)
    i.UART_Transmit_IT                       0x08003390   Section        0  stm32f4xx_hal_uart.o(i.UART_Transmit_IT)
    UART_Transmit_IT                         0x08003391   Thumb Code    96  stm32f4xx_hal_uart.o(i.UART_Transmit_IT)
    i.USART1_IRQHandler                      0x080033f0   Section        0  stm32f4xx_it.o(i.USART1_IRQHandler)
    i.USART2_IRQHandler                      0x08003404   Section        0  stm32f4xx_it.o(i.USART2_IRQHandler)
    i.UsageFault_Handler                     0x08003418   Section        0  stm32f4xx_it.o(i.UsageFault_Handler)
    i.Usart1_IDLE                            0x0800341c   Section        0  usart.o(i.Usart1_IDLE)
    i.Usart2_IDLE                            0x08003470   Section        0  usart.o(i.Usart2_IDLE)
    i.W25QXX_Init                            0x080034c4   Section        0  w25qxx.o(i.W25QXX_Init)
    i.W25QXX_Read                            0x08003560   Section        0  w25qxx.o(i.W25QXX_Read)
    i.W25QXX_ReadID                          0x080035c4   Section        0  w25qxx.o(i.W25QXX_ReadID)
    i.W25QXX_ReadSR                          0x0800360c   Section        0  w25qxx.o(i.W25QXX_ReadSR)
    i.__0printf                              0x0800365c   Section        0  printfa.o(i.__0printf)
    i.__NVIC_GetPriorityGrouping             0x0800367c   Section        0  stm32f4xx_hal_cortex.o(i.__NVIC_GetPriorityGrouping)
    __NVIC_GetPriorityGrouping               0x0800367d   Thumb Code    10  stm32f4xx_hal_cortex.o(i.__NVIC_GetPriorityGrouping)
    i.__NVIC_SetPriority                     0x0800368c   Section        0  stm32f4xx_hal_cortex.o(i.__NVIC_SetPriority)
    __NVIC_SetPriority                       0x0800368d   Thumb Code    32  stm32f4xx_hal_cortex.o(i.__NVIC_SetPriority)
    i.__scatterload_copy                     0x080036b4   Section       14  handlers.o(i.__scatterload_copy)
    i.__scatterload_null                     0x080036c2   Section        2  handlers.o(i.__scatterload_null)
    i.__scatterload_zeroinit                 0x080036c4   Section       14  handlers.o(i.__scatterload_zeroinit)
    i._fp_digits                             0x080036d4   Section        0  printfa.o(i._fp_digits)
    _fp_digits                               0x080036d5   Thumb Code   366  printfa.o(i._fp_digits)
    i._printf_core                           0x08003858   Section        0  printfa.o(i._printf_core)
    _printf_core                             0x08003859   Thumb Code  1744  printfa.o(i._printf_core)
    i._printf_post_padding                   0x08003f34   Section        0  printfa.o(i._printf_post_padding)
    _printf_post_padding                     0x08003f35   Thumb Code    36  printfa.o(i._printf_post_padding)
    i._printf_pre_padding                    0x08003f58   Section        0  printfa.o(i._printf_pre_padding)
    _printf_pre_padding                      0x08003f59   Thumb Code    46  printfa.o(i._printf_pre_padding)
    i.fputc                                  0x08003f88   Section        0  usart.o(i.fputc)
    i.iap_interface_close_all_interrupt      0x08003fa4   Section        0  sys.o(i.iap_interface_close_all_interrupt)
    i.iap_interface_load_app                 0x08003fe0   Section        0  main.o(i.iap_interface_load_app)
    i.main                                   0x08003ffc   Section        0  main.o(i.main)
    .constdata                               0x080040fc   Section        8  stm32f4xx_hal_dma.o(.constdata)
    flagBitshiftOffset                       0x080040fc   Data           8  stm32f4xx_hal_dma.o(.constdata)
    .constdata                               0x08004104   Section       24  system_stm32f4xx.o(.constdata)
    .data                                    0x20000000   Section        8  w25qxx.o(.data)
    .data                                    0x20000008   Section        4  main.o(.data)
    .data                                    0x2000000c   Section        9  usart.o(.data)
    .data                                    0x20000018   Section        9  stm32f4xx_hal.o(.data)
    .data                                    0x20000024   Section        4  system_stm32f4xx.o(.data)
    .bss                                     0x20000028   Section       12  iwdg.o(.bss)
    .bss                                     0x20000034   Section       32  rtc.o(.bss)
    .bss                                     0x20000054   Section       88  spi.o(.bss)
    .bss                                     0x200000ac   Section     1032  usart.o(.bss)
    STACK                                    0x200004b8   Section     2048  startup_stm32f407xx.o(STACK)

    Global Symbols

    Symbol Name                              Value     Ov Type        Size  Object(Section)

    BuildAttributes$$THM_ISAv4$E$P$D$K$B$S$7EM$VFPi3$EXTD16$VFPS$VFMA$PE$A:L22UL41UL21$X:L11$S22US41US21$IEEE1$IW$USESV6$~STKCKD$USESV7$~SHL$OSPACE$ROPI$EBA8$MICROLIB$REQ8$PRES8$EABIv2 0x00000000   Number         0  anon$$obj.o ABSOLUTE
    __ARM_use_no_argv                        0x00000000   Number         0  main.o ABSOLUTE
    _printf_a                                0x00000000   Number         0  stubs.o ABSOLUTE
    _printf_c                                0x00000000   Number         0  stubs.o ABSOLUTE
    _printf_charcount                        0x00000000   Number         0  stubs.o ABSOLUTE
    _printf_d                                0x00000000   Number         0  stubs.o ABSOLUTE
    _printf_e                                0x00000000   Number         0  stubs.o ABSOLUTE
    _printf_f                                0x00000000   Number         0  stubs.o ABSOLUTE
    _printf_flags                            0x00000000   Number         0  stubs.o ABSOLUTE
    _printf_fp_dec                           0x00000000   Number         0  stubs.o ABSOLUTE
    _printf_fp_hex                           0x00000000   Number         0  stubs.o ABSOLUTE
    _printf_g                                0x00000000   Number         0  stubs.o ABSOLUTE
    _printf_i                                0x00000000   Number         0  stubs.o ABSOLUTE
    _printf_int_dec                          0x00000000   Number         0  stubs.o ABSOLUTE
    _printf_l                                0x00000000   Number         0  stubs.o ABSOLUTE
    _printf_lc                               0x00000000   Number         0  stubs.o ABSOLUTE
    _printf_ll                               0x00000000   Number         0  stubs.o ABSOLUTE
    _printf_lld                              0x00000000   Number         0  stubs.o ABSOLUTE
    _printf_lli                              0x00000000   Number         0  stubs.o ABSOLUTE
    _printf_llo                              0x00000000   Number         0  stubs.o ABSOLUTE
    _printf_llu                              0x00000000   Number         0  stubs.o ABSOLUTE
    _printf_llx                              0x00000000   Number         0  stubs.o ABSOLUTE
    _printf_longlong_dec                     0x00000000   Number         0  stubs.o ABSOLUTE
    _printf_longlong_hex                     0x00000000   Number         0  stubs.o ABSOLUTE
    _printf_longlong_oct                     0x00000000   Number         0  stubs.o ABSOLUTE
    _printf_ls                               0x00000000   Number         0  stubs.o ABSOLUTE
    _printf_mbtowc                           0x00000000   Number         0  stubs.o ABSOLUTE
    _printf_n                                0x00000000   Number         0  stubs.o ABSOLUTE
    _printf_o                                0x00000000   Number         0  stubs.o ABSOLUTE
    _printf_p                                0x00000000   Number         0  stubs.o ABSOLUTE
    _printf_percent                          0x00000000   Number         0  stubs.o ABSOLUTE
    _printf_pre_padding                      0x00000000   Number         0  stubs.o ABSOLUTE
    _printf_return_value                     0x00000000   Number         0  stubs.o ABSOLUTE
    _printf_s                                0x00000000   Number         0  stubs.o ABSOLUTE
    _printf_sizespec                         0x00000000   Number         0  stubs.o ABSOLUTE
    _printf_str                              0x00000000   Number         0  stubs.o ABSOLUTE
    _printf_truncate_signed                  0x00000000   Number         0  stubs.o ABSOLUTE
    _printf_truncate_unsigned                0x00000000   Number         0  stubs.o ABSOLUTE
    _printf_u                                0x00000000   Number         0  stubs.o ABSOLUTE
    _printf_wc                               0x00000000   Number         0  stubs.o ABSOLUTE
    _printf_wctomb                           0x00000000   Number         0  stubs.o ABSOLUTE
    _printf_widthprec                        0x00000000   Number         0  stubs.o ABSOLUTE
    _printf_x                                0x00000000   Number         0  stubs.o ABSOLUTE
    __cpp_initialize__aeabi_                  - Undefined Weak Reference
    __cxa_finalize                            - Undefined Weak Reference
    __decompress                              - Undefined Weak Reference
    _clock_init                               - Undefined Weak Reference
    _microlib_exit                            - Undefined Weak Reference
    __Vectors_Size                           0x00000188   Number         0  startup_stm32f407xx.o ABSOLUTE
    __Vectors                                0x08000000   Data           4  startup_stm32f407xx.o(RESET)
    __Vectors_End                            0x08000188   Data           0  startup_stm32f407xx.o(RESET)
    __main                                   0x08000189   Thumb Code     0  entry.o(.ARM.Collect$$$$00000000)
    _main_stk                                0x08000189   Thumb Code     0  entry2.o(.ARM.Collect$$$$00000001)
    _main_scatterload                        0x0800018d   Thumb Code     0  entry5.o(.ARM.Collect$$$$00000004)
    __main_after_scatterload                 0x08000191   Thumb Code     0  entry5.o(.ARM.Collect$$$$00000004)
    _main_clock                              0x08000191   Thumb Code     0  entry7b.o(.ARM.Collect$$$$00000008)
    _main_cpp_init                           0x08000191   Thumb Code     0  entry8b.o(.ARM.Collect$$$$0000000A)
    _main_init                               0x08000191   Thumb Code     0  entry9a.o(.ARM.Collect$$$$0000000B)
    __rt_final_cpp                           0x08000199   Thumb Code     0  entry10a.o(.ARM.Collect$$$$0000000D)
    __rt_final_exit                          0x08000199   Thumb Code     0  entry11a.o(.ARM.Collect$$$$0000000F)
    WFI_SET                                  0x0800019d   Thumb Code     2  sys.o(.emb_text)
    INTX_DISABLE                             0x0800019f   Thumb Code     4  sys.o(.emb_text)
    INTX_ENABLE                              0x080001a3   Thumb Code     4  sys.o(.emb_text)
    MSR_MSP                                  0x080001a7   Thumb Code     6  sys.o(.emb_text)
    Reset_Handler                            0x080001ad   Thumb Code     8  startup_stm32f407xx.o(.text)
    ADC_IRQHandler                           0x080001c7   Thumb Code     0  startup_stm32f407xx.o(.text)
    CAN1_RX0_IRQHandler                      0x080001c7   Thumb Code     0  startup_stm32f407xx.o(.text)
    CAN1_RX1_IRQHandler                      0x080001c7   Thumb Code     0  startup_stm32f407xx.o(.text)
    CAN1_SCE_IRQHandler                      0x080001c7   Thumb Code     0  startup_stm32f407xx.o(.text)
    CAN1_TX_IRQHandler                       0x080001c7   Thumb Code     0  startup_stm32f407xx.o(.text)
    CAN2_RX0_IRQHandler                      0x080001c7   Thumb Code     0  startup_stm32f407xx.o(.text)
    CAN2_RX1_IRQHandler                      0x080001c7   Thumb Code     0  startup_stm32f407xx.o(.text)
    CAN2_SCE_IRQHandler                      0x080001c7   Thumb Code     0  startup_stm32f407xx.o(.text)
    CAN2_TX_IRQHandler                       0x080001c7   Thumb Code     0  startup_stm32f407xx.o(.text)
    DCMI_IRQHandler                          0x080001c7   Thumb Code     0  startup_stm32f407xx.o(.text)
    DMA1_Stream0_IRQHandler                  0x080001c7   Thumb Code     0  startup_stm32f407xx.o(.text)
    DMA1_Stream1_IRQHandler                  0x080001c7   Thumb Code     0  startup_stm32f407xx.o(.text)
    DMA1_Stream2_IRQHandler                  0x080001c7   Thumb Code     0  startup_stm32f407xx.o(.text)
    DMA1_Stream3_IRQHandler                  0x080001c7   Thumb Code     0  startup_stm32f407xx.o(.text)
    DMA1_Stream4_IRQHandler                  0x080001c7   Thumb Code     0  startup_stm32f407xx.o(.text)
    DMA1_Stream7_IRQHandler                  0x080001c7   Thumb Code     0  startup_stm32f407xx.o(.text)
    DMA2_Stream0_IRQHandler                  0x080001c7   Thumb Code     0  startup_stm32f407xx.o(.text)
    DMA2_Stream1_IRQHandler                  0x080001c7   Thumb Code     0  startup_stm32f407xx.o(.text)
    DMA2_Stream3_IRQHandler                  0x080001c7   Thumb Code     0  startup_stm32f407xx.o(.text)
    DMA2_Stream4_IRQHandler                  0x080001c7   Thumb Code     0  startup_stm32f407xx.o(.text)
    DMA2_Stream5_IRQHandler                  0x080001c7   Thumb Code     0  startup_stm32f407xx.o(.text)
    DMA2_Stream6_IRQHandler                  0x080001c7   Thumb Code     0  startup_stm32f407xx.o(.text)
    ETH_IRQHandler                           0x080001c7   Thumb Code     0  startup_stm32f407xx.o(.text)
    ETH_WKUP_IRQHandler                      0x080001c7   Thumb Code     0  startup_stm32f407xx.o(.text)
    EXTI0_IRQHandler                         0x080001c7   Thumb Code     0  startup_stm32f407xx.o(.text)
    EXTI15_10_IRQHandler                     0x080001c7   Thumb Code     0  startup_stm32f407xx.o(.text)
    EXTI1_IRQHandler                         0x080001c7   Thumb Code     0  startup_stm32f407xx.o(.text)
    EXTI2_IRQHandler                         0x080001c7   Thumb Code     0  startup_stm32f407xx.o(.text)
    EXTI3_IRQHandler                         0x080001c7   Thumb Code     0  startup_stm32f407xx.o(.text)
    EXTI4_IRQHandler                         0x080001c7   Thumb Code     0  startup_stm32f407xx.o(.text)
    EXTI9_5_IRQHandler                       0x080001c7   Thumb Code     0  startup_stm32f407xx.o(.text)
    FLASH_IRQHandler                         0x080001c7   Thumb Code     0  startup_stm32f407xx.o(.text)
    FMC_IRQHandler                           0x080001c7   Thumb Code     0  startup_stm32f407xx.o(.text)
    FPU_IRQHandler                           0x080001c7   Thumb Code     0  startup_stm32f407xx.o(.text)
    HASH_RNG_IRQHandler                      0x080001c7   Thumb Code     0  startup_stm32f407xx.o(.text)
    I2C1_ER_IRQHandler                       0x080001c7   Thumb Code     0  startup_stm32f407xx.o(.text)
    I2C1_EV_IRQHandler                       0x080001c7   Thumb Code     0  startup_stm32f407xx.o(.text)
    I2C2_ER_IRQHandler                       0x080001c7   Thumb Code     0  startup_stm32f407xx.o(.text)
    I2C2_EV_IRQHandler                       0x080001c7   Thumb Code     0  startup_stm32f407xx.o(.text)
    I2C3_ER_IRQHandler                       0x080001c7   Thumb Code     0  startup_stm32f407xx.o(.text)
    I2C3_EV_IRQHandler                       0x080001c7   Thumb Code     0  startup_stm32f407xx.o(.text)
    OTG_FS_IRQHandler                        0x080001c7   Thumb Code     0  startup_stm32f407xx.o(.text)
    OTG_FS_WKUP_IRQHandler                   0x080001c7   Thumb Code     0  startup_stm32f407xx.o(.text)
    OTG_HS_EP1_IN_IRQHandler                 0x080001c7   Thumb Code     0  startup_stm32f407xx.o(.text)
    OTG_HS_EP1_OUT_IRQHandler                0x080001c7   Thumb Code     0  startup_stm32f407xx.o(.text)
    OTG_HS_IRQHandler                        0x080001c7   Thumb Code     0  startup_stm32f407xx.o(.text)
    OTG_HS_WKUP_IRQHandler                   0x080001c7   Thumb Code     0  startup_stm32f407xx.o(.text)
    PVD_IRQHandler                           0x080001c7   Thumb Code     0  startup_stm32f407xx.o(.text)
    RCC_IRQHandler                           0x080001c7   Thumb Code     0  startup_stm32f407xx.o(.text)
    RTC_Alarm_IRQHandler                     0x080001c7   Thumb Code     0  startup_stm32f407xx.o(.text)
    RTC_WKUP_IRQHandler                      0x080001c7   Thumb Code     0  startup_stm32f407xx.o(.text)
    SDIO_IRQHandler                          0x080001c7   Thumb Code     0  startup_stm32f407xx.o(.text)
    SPI1_IRQHandler                          0x080001c7   Thumb Code     0  startup_stm32f407xx.o(.text)
    SPI2_IRQHandler                          0x080001c7   Thumb Code     0  startup_stm32f407xx.o(.text)
    SPI3_IRQHandler                          0x080001c7   Thumb Code     0  startup_stm32f407xx.o(.text)
    TAMP_STAMP_IRQHandler                    0x080001c7   Thumb Code     0  startup_stm32f407xx.o(.text)
    TIM1_BRK_TIM9_IRQHandler                 0x080001c7   Thumb Code     0  startup_stm32f407xx.o(.text)
    TIM1_CC_IRQHandler                       0x080001c7   Thumb Code     0  startup_stm32f407xx.o(.text)
    TIM1_TRG_COM_TIM11_IRQHandler            0x080001c7   Thumb Code     0  startup_stm32f407xx.o(.text)
    TIM1_UP_TIM10_IRQHandler                 0x080001c7   Thumb Code     0  startup_stm32f407xx.o(.text)
    TIM2_IRQHandler                          0x080001c7   Thumb Code     0  startup_stm32f407xx.o(.text)
    TIM3_IRQHandler                          0x080001c7   Thumb Code     0  startup_stm32f407xx.o(.text)
    TIM4_IRQHandler                          0x080001c7   Thumb Code     0  startup_stm32f407xx.o(.text)
    TIM5_IRQHandler                          0x080001c7   Thumb Code     0  startup_stm32f407xx.o(.text)
    TIM6_DAC_IRQHandler                      0x080001c7   Thumb Code     0  startup_stm32f407xx.o(.text)
    TIM7_IRQHandler                          0x080001c7   Thumb Code     0  startup_stm32f407xx.o(.text)
    TIM8_BRK_TIM12_IRQHandler                0x080001c7   Thumb Code     0  startup_stm32f407xx.o(.text)
    TIM8_CC_IRQHandler                       0x080001c7   Thumb Code     0  startup_stm32f407xx.o(.text)
    TIM8_TRG_COM_TIM14_IRQHandler            0x080001c7   Thumb Code     0  startup_stm32f407xx.o(.text)
    TIM8_UP_TIM13_IRQHandler                 0x080001c7   Thumb Code     0  startup_stm32f407xx.o(.text)
    UART4_IRQHandler                         0x080001c7   Thumb Code     0  startup_stm32f407xx.o(.text)
    UART5_IRQHandler                         0x080001c7   Thumb Code     0  startup_stm32f407xx.o(.text)
    USART3_IRQHandler                        0x080001c7   Thumb Code     0  startup_stm32f407xx.o(.text)
    USART6_IRQHandler                        0x080001c7   Thumb Code     0  startup_stm32f407xx.o(.text)
    WWDG_IRQHandler                          0x080001c7   Thumb Code     0  startup_stm32f407xx.o(.text)
    __aeabi_uldivmod                         0x080001d1   Thumb Code    98  uldiv.o(.text)
    __aeabi_memset                           0x08000233   Thumb Code    14  memseta.o(.text)
    __aeabi_memset4                          0x08000233   Thumb Code     0  memseta.o(.text)
    __aeabi_memset8                          0x08000233   Thumb Code     0  memseta.o(.text)
    __aeabi_memclr                           0x08000241   Thumb Code     4  memseta.o(.text)
    __aeabi_memclr4                          0x08000241   Thumb Code     0  memseta.o(.text)
    __aeabi_memclr8                          0x08000241   Thumb Code     0  memseta.o(.text)
    _memset$wrapper                          0x08000245   Thumb Code    18  memseta.o(.text)
    __aeabi_uidiv                            0x08000257   Thumb Code     0  uidiv.o(.text)
    __aeabi_uidivmod                         0x08000257   Thumb Code    44  uidiv.o(.text)
    __aeabi_llsl                             0x08000283   Thumb Code    30  llshl.o(.text)
    _ll_shift_l                              0x08000283   Thumb Code     0  llshl.o(.text)
    __aeabi_llsr                             0x080002a1   Thumb Code    32  llushr.o(.text)
    _ll_ushift_r                             0x080002a1   Thumb Code     0  llushr.o(.text)
    __I$use$fp                               0x080002c1   Thumb Code     0  iusefp.o(.text)
    __aeabi_dadd                             0x080002c1   Thumb Code   322  dadd.o(.text)
    __aeabi_dsub                             0x08000403   Thumb Code     6  dadd.o(.text)
    __aeabi_drsub                            0x08000409   Thumb Code     6  dadd.o(.text)
    __aeabi_dmul                             0x0800040f   Thumb Code   228  dmul.o(.text)
    __aeabi_ddiv                             0x080004f3   Thumb Code   222  ddiv.o(.text)
    __aeabi_d2ulz                            0x080005d1   Thumb Code    48  dfixul.o(.text)
    __aeabi_cdrcmple                         0x08000601   Thumb Code    48  cdrcmple.o(.text)
    __scatterload                            0x08000631   Thumb Code    28  init.o(.text)
    __scatterload_rt2                        0x08000631   Thumb Code     0  init.o(.text)
    __aeabi_lasr                             0x08000655   Thumb Code    36  llsshr.o(.text)
    _ll_sshift_r                             0x08000655   Thumb Code     0  llsshr.o(.text)
    _double_round                            0x08000679   Thumb Code    30  depilogue.o(.text)
    _double_epilogue                         0x08000697   Thumb Code   156  depilogue.o(.text)
    BusFault_Handler                         0x08000733   Thumb Code     4  stm32f4xx_it.o(i.BusFault_Handler)
    DMA1_Stream5_IRQHandler                  0x08000739   Thumb Code    10  stm32f4xx_it.o(i.DMA1_Stream5_IRQHandler)
    DMA1_Stream6_IRQHandler                  0x08000749   Thumb Code    10  stm32f4xx_it.o(i.DMA1_Stream6_IRQHandler)
    DMA2_Stream2_IRQHandler                  0x08000759   Thumb Code    10  stm32f4xx_it.o(i.DMA2_Stream2_IRQHandler)
    DMA2_Stream7_IRQHandler                  0x08000769   Thumb Code    10  stm32f4xx_it.o(i.DMA2_Stream7_IRQHandler)
    DebugMon_Handler                         0x08000883   Thumb Code     2  stm32f4xx_it.o(i.DebugMon_Handler)
    Error_Handler                            0x08000885   Thumb Code     6  main.o(i.Error_Handler)
    HAL_DMA_Abort                            0x0800088b   Thumb Code   172  stm32f4xx_hal_dma.o(i.HAL_DMA_Abort)
    HAL_DMA_Abort_IT                         0x08000937   Thumb Code    40  stm32f4xx_hal_dma.o(i.HAL_DMA_Abort_IT)
    HAL_DMA_IRQHandler                       0x08000961   Thumb Code   570  stm32f4xx_hal_dma.o(i.HAL_DMA_IRQHandler)
    HAL_DMA_Init                             0x08000ba1   Thumb Code   232  stm32f4xx_hal_dma.o(i.HAL_DMA_Init)
    HAL_DMA_Start_IT                         0x08000c8d   Thumb Code   146  stm32f4xx_hal_dma.o(i.HAL_DMA_Start_IT)
    HAL_GPIO_DeInit                          0x08000d21   Thumb Code   320  stm32f4xx_hal_gpio.o(i.HAL_GPIO_DeInit)
    HAL_GPIO_Init                            0x08000e89   Thumb Code   454  stm32f4xx_hal_gpio.o(i.HAL_GPIO_Init)
    HAL_GPIO_WritePin                        0x0800107d   Thumb Code    12  stm32f4xx_hal_gpio.o(i.HAL_GPIO_WritePin)
    HAL_GetTick                              0x08001089   Thumb Code     6  stm32f4xx_hal.o(i.HAL_GetTick)
    HAL_IWDG_Init                            0x08001095   Thumb Code    94  stm32f4xx_hal_iwdg.o(i.HAL_IWDG_Init)
    HAL_IncTick                              0x080010f5   Thumb Code    16  stm32f4xx_hal.o(i.HAL_IncTick)
    HAL_Init                                 0x0800110d   Thumb Code    54  stm32f4xx_hal.o(i.HAL_Init)
    HAL_InitTick                             0x08001149   Thumb Code    64  stm32f4xx_hal.o(i.HAL_InitTick)
    HAL_MspInit                              0x08001195   Thumb Code    68  stm32f4xx_hal_msp.o(i.HAL_MspInit)
    HAL_NVIC_DisableIRQ                      0x080011dd   Thumb Code    62  stm32f4xx_hal_cortex.o(i.HAL_NVIC_DisableIRQ)
    HAL_NVIC_EnableIRQ                       0x08001221   Thumb Code    32  stm32f4xx_hal_cortex.o(i.HAL_NVIC_EnableIRQ)
    HAL_NVIC_SetPriority                     0x08001241   Thumb Code   124  stm32f4xx_hal_cortex.o(i.HAL_NVIC_SetPriority)
    HAL_NVIC_SetPriorityGrouping             0x080012bd   Thumb Code    32  stm32f4xx_hal_cortex.o(i.HAL_NVIC_SetPriorityGrouping)
    HAL_RCCEx_PeriphCLKConfig                0x080012e5   Thumb Code   396  stm32f4xx_hal_rcc_ex.o(i.HAL_RCCEx_PeriphCLKConfig)
    HAL_RCC_ClockConfig                      0x08001485   Thumb Code   368  stm32f4xx_hal_rcc.o(i.HAL_RCC_ClockConfig)
    HAL_RCC_GetHCLKFreq                      0x08001609   Thumb Code     6  stm32f4xx_hal_rcc.o(i.HAL_RCC_GetHCLKFreq)
    HAL_RCC_GetPCLK1Freq                     0x08001615   Thumb Code    22  stm32f4xx_hal_rcc.o(i.HAL_RCC_GetPCLK1Freq)
    HAL_RCC_GetPCLK2Freq                     0x08001635   Thumb Code    22  stm32f4xx_hal_rcc.o(i.HAL_RCC_GetPCLK2Freq)
    HAL_RCC_GetSysClockFreq                  0x08001655   Thumb Code   162  stm32f4xx_hal_rcc.o(i.HAL_RCC_GetSysClockFreq)
    HAL_RCC_OscConfig                        0x08001705   Thumb Code  1172  stm32f4xx_hal_rcc.o(i.HAL_RCC_OscConfig)
    HAL_RTC_Init                             0x08001ba1   Thumb Code   160  stm32f4xx_hal_rtc.o(i.HAL_RTC_Init)
    HAL_RTC_MspInit                          0x08001c45   Thumb Code    50  rtc.o(i.HAL_RTC_MspInit)
    HAL_RTC_WaitForSynchro                   0x08001c81   Thumb Code    58  stm32f4xx_hal_rtc.o(i.HAL_RTC_WaitForSynchro)
    HAL_SPI_Init                             0x08001cbb   Thumb Code   200  stm32f4xx_hal_spi.o(i.HAL_SPI_Init)
    HAL_SPI_MspDeInit                        0x08001d85   Thumb Code    34  spi.o(i.HAL_SPI_MspDeInit)
    HAL_SPI_MspInit                          0x08001db5   Thumb Code   122  spi.o(i.HAL_SPI_MspInit)
    HAL_SPI_TransmitReceive                  0x08001e3d   Thumb Code   554  stm32f4xx_hal_spi.o(i.HAL_SPI_TransmitReceive)
    HAL_SYSTICK_Config                       0x08002067   Thumb Code    52  stm32f4xx_hal_cortex.o(i.HAL_SYSTICK_Config)
    HAL_UARTEx_RxEventCallback               0x0800209b   Thumb Code     2  stm32f4xx_hal_uart.o(i.HAL_UARTEx_RxEventCallback)
    HAL_UART_DMAStop                         0x0800209d   Thumb Code   138  stm32f4xx_hal_uart.o(i.HAL_UART_DMAStop)
    HAL_UART_ErrorCallback                   0x08002127   Thumb Code     2  stm32f4xx_hal_uart.o(i.HAL_UART_ErrorCallback)
    HAL_UART_IRQHandler                      0x08002129   Thumb Code   732  stm32f4xx_hal_uart.o(i.HAL_UART_IRQHandler)
    HAL_UART_Init                            0x08002409   Thumb Code   114  stm32f4xx_hal_uart.o(i.HAL_UART_Init)
    HAL_UART_MspInit                         0x0800247d   Thumb Code   508  usart.o(i.HAL_UART_MspInit)
    HAL_UART_Receive_DMA                     0x080026a1   Thumb Code    66  stm32f4xx_hal_uart.o(i.HAL_UART_Receive_DMA)
    HAL_UART_RxCpltCallback                  0x080026e3   Thumb Code     2  stm32f4xx_hal_uart.o(i.HAL_UART_RxCpltCallback)
    HAL_UART_RxHalfCpltCallback              0x080026e5   Thumb Code     2  stm32f4xx_hal_uart.o(i.HAL_UART_RxHalfCpltCallback)
    HAL_UART_TxCpltCallback                  0x080026e7   Thumb Code     2  stm32f4xx_hal_uart.o(i.HAL_UART_TxCpltCallback)
    HardFault_Handler                        0x080026e9   Thumb Code     4  stm32f4xx_it.o(i.HardFault_Handler)
    MX_DMA_Init                              0x080026ed   Thumb Code   130  dma.o(i.MX_DMA_Init)
    MX_GPIO_Init                             0x08002775   Thumb Code   502  gpio.o(i.MX_GPIO_Init)
    MX_IWDG_Init                             0x0800298d   Thumb Code    32  iwdg.o(i.MX_IWDG_Init)
    MX_RTC_Init                              0x080029b5   Thumb Code    58  rtc.o(i.MX_RTC_Init)
    MX_SPI1_Init                             0x080029f9   Thumb Code    60  spi.o(i.MX_SPI1_Init)
    MX_USART1_UART_Init                      0x08002a3d   Thumb Code    46  usart.o(i.MX_USART1_UART_Init)
    MX_USART2_UART_Init                      0x08002a75   Thumb Code    46  usart.o(i.MX_USART2_UART_Init)
    MemManage_Handler                        0x08002aad   Thumb Code     4  stm32f4xx_it.o(i.MemManage_Handler)
    NMI_Handler                              0x08002ab1   Thumb Code     4  stm32f4xx_it.o(i.NMI_Handler)
    PendSV_Handler                           0x08002ab5   Thumb Code     2  stm32f4xx_it.o(i.PendSV_Handler)
    RTC_EnterInitMode                        0x08002ab7   Thumb Code    74  stm32f4xx_hal_rtc.o(i.RTC_EnterInitMode)
    RTC_ExitInitMode                         0x08002b01   Thumb Code    46  stm32f4xx_hal_rtc.o(i.RTC_ExitInitMode)
    SPI1_ReadWriteByte                       0x08002b31   Thumb Code    28  spi.o(i.SPI1_ReadWriteByte)
    SPI1_SetSpeed                            0x08002b51   Thumb Code    66  spi.o(i.SPI1_SetSpeed)
    SVC_Handler                              0x08002cdd   Thumb Code     2  stm32f4xx_it.o(i.SVC_Handler)
    SysTick_Handler                          0x08002cdf   Thumb Code     8  stm32f4xx_it.o(i.SysTick_Handler)
    SystemClock_Config                       0x08002ce9   Thumb Code   174  main.o(i.SystemClock_Config)
    SystemInit                               0x08002da1   Thumb Code    14  system_stm32f4xx.o(i.SystemInit)
    UART_Start_Receive_DMA                   0x080032c1   Thumb Code   196  stm32f4xx_hal_uart.o(i.UART_Start_Receive_DMA)
    USART1_IRQHandler                        0x080033f1   Thumb Code    14  stm32f4xx_it.o(i.USART1_IRQHandler)
    USART2_IRQHandler                        0x08003405   Thumb Code    14  stm32f4xx_it.o(i.USART2_IRQHandler)
    UsageFault_Handler                       0x08003419   Thumb Code     4  stm32f4xx_it.o(i.UsageFault_Handler)
    Usart1_IDLE                              0x0800341d   Thumb Code    68  usart.o(i.Usart1_IDLE)
    Usart2_IDLE                              0x08003471   Thumb Code    68  usart.o(i.Usart2_IDLE)
    W25QXX_Init                              0x080034c5   Thumb Code   134  w25qxx.o(i.W25QXX_Init)
    W25QXX_Read                              0x08003561   Thumb Code    92  w25qxx.o(i.W25QXX_Read)
    W25QXX_ReadID                            0x080035c5   Thumb Code    64  w25qxx.o(i.W25QXX_ReadID)
    W25QXX_ReadSR                            0x0800360d   Thumb Code    72  w25qxx.o(i.W25QXX_ReadSR)
    __0printf                                0x0800365d   Thumb Code    22  printfa.o(i.__0printf)
    __1printf                                0x0800365d   Thumb Code     0  printfa.o(i.__0printf)
    __2printf                                0x0800365d   Thumb Code     0  printfa.o(i.__0printf)
    __c89printf                              0x0800365d   Thumb Code     0  printfa.o(i.__0printf)
    printf                                   0x0800365d   Thumb Code     0  printfa.o(i.__0printf)
    __scatterload_copy                       0x080036b5   Thumb Code    14  handlers.o(i.__scatterload_copy)
    __scatterload_null                       0x080036c3   Thumb Code     2  handlers.o(i.__scatterload_null)
    __scatterload_zeroinit                   0x080036c5   Thumb Code    14  handlers.o(i.__scatterload_zeroinit)
    fputc                                    0x08003f89   Thumb Code    22  usart.o(i.fputc)
    iap_interface_close_all_interrupt        0x08003fa5   Thumb Code    56  sys.o(i.iap_interface_close_all_interrupt)
    iap_interface_load_app                   0x08003fe1   Thumb Code    24  main.o(i.iap_interface_load_app)
    main                                     0x08003ffd   Thumb Code   150  main.o(i.main)
    AHBPrescTable                            0x08004104   Data          16  system_stm32f4xx.o(.constdata)
    APBPrescTable                            0x08004114   Data           8  system_stm32f4xx.o(.constdata)
    Region$$Table$$Base                      0x0800411c   Number         0  anon$$obj.o(Region$$Table)
    Region$$Table$$Limit                     0x0800413c   Number         0  anon$$obj.o(Region$$Table)
    W25QXX_TYPE                              0x20000000   Data           2  w25qxx.o(.data)
    DataTrans                                0x20000004   Data           4  w25qxx.o(.data)
    jump2app                                 0x20000008   Data           4  main.o(.data)
    __stdout                                 0x2000000c   Data           4  usart.o(.data)
    BC260_rec_flag                           0x20000010   Data           1  usart.o(.data)
    rx1_len                                  0x20000011   Data           1  usart.o(.data)
    rec1_end_flag                            0x20000012   Data           1  usart.o(.data)
    rx2_len                                  0x20000013   Data           1  usart.o(.data)
    rec2_end_flag                            0x20000014   Data           1  usart.o(.data)
    uwTick                                   0x20000018   Data           4  stm32f4xx_hal.o(.data)
    uwTickPrio                               0x2000001c   Data           4  stm32f4xx_hal.o(.data)
    uwTickFreq                               0x20000020   Data           1  stm32f4xx_hal.o(.data)
    SystemCoreClock                          0x20000024   Data           4  system_stm32f4xx.o(.data)
    hiwdg                                    0x20000028   Data          12  iwdg.o(.bss)
    hrtc                                     0x20000034   Data          32  rtc.o(.bss)
    hspi1                                    0x20000054   Data          88  spi.o(.bss)
    rx1_buffer                               0x200000ac   Data         256  usart.o(.bss)
    rx2_buffer                               0x200001ac   Data         256  usart.o(.bss)
    huart1                                   0x200002ac   Data          68  usart.o(.bss)
    huart2                                   0x200002f0   Data          68  usart.o(.bss)
    hdma_usart1_rx                           0x20000334   Data          96  usart.o(.bss)
    hdma_usart1_tx                           0x20000394   Data          96  usart.o(.bss)
    hdma_usart2_rx                           0x200003f4   Data          96  usart.o(.bss)
    hdma_usart2_tx                           0x20000454   Data          96  usart.o(.bss)
    __initial_sp                             0x20000cb8   Data           0  startup_stm32f407xx.o(STACK)



==============================================================================

Memory Map of the image

  Image Entry point : 0x08000189

  Load Region LR_IROM1 (Base: 0x08000000, Size: 0x00004164, Max: 0x00040000, ABSOLUTE)

    Execution Region ER_IROM1 (Exec base: 0x08000000, Load base: 0x08000000, Size: 0x0000413c, Max: 0x00040000, ABSOLUTE)

    Exec Addr    Load Addr    Size         Type   Attr      Idx    E Section Name        Object

    0x08000000   0x08000000   0x00000188   Data   RO            3    RESET               startup_stm32f407xx.o
    0x08000188   0x08000188   0x00000000   Code   RO         3191  * .ARM.Collect$$$$00000000  mc_w.l(entry.o)
    0x08000188   0x08000188   0x00000004   Code   RO         3461    .ARM.Collect$$$$00000001  mc_w.l(entry2.o)
    0x0800018c   0x0800018c   0x00000004   Code   RO         3464    .ARM.Collect$$$$00000004  mc_w.l(entry5.o)
    0x08000190   0x08000190   0x00000000   Code   RO         3466    .ARM.Collect$$$$00000008  mc_w.l(entry7b.o)
    0x08000190   0x08000190   0x00000000   Code   RO         3468    .ARM.Collect$$$$0000000A  mc_w.l(entry8b.o)
    0x08000190   0x08000190   0x00000008   Code   RO         3469    .ARM.Collect$$$$0000000B  mc_w.l(entry9a.o)
    0x08000198   0x08000198   0x00000000   Code   RO         3471    .ARM.Collect$$$$0000000D  mc_w.l(entry10a.o)
    0x08000198   0x08000198   0x00000000   Code   RO         3473    .ARM.Collect$$$$0000000F  mc_w.l(entry11a.o)
    0x08000198   0x08000198   0x00000004   Code   RO         3462    .ARM.Collect$$$$00002712  mc_w.l(entry2.o)
    0x0800019c   0x0800019c   0x00000010   Code   RO          309    .emb_text           sys.o
    0x080001ac   0x080001ac   0x00000024   Code   RO            4    .text               startup_stm32f407xx.o
    0x080001d0   0x080001d0   0x00000062   Code   RO         3194    .text               mc_w.l(uldiv.o)
    0x08000232   0x08000232   0x00000024   Code   RO         3196    .text               mc_w.l(memseta.o)
    0x08000256   0x08000256   0x0000002c   Code   RO         3475    .text               mc_w.l(uidiv.o)
    0x08000282   0x08000282   0x0000001e   Code   RO         3477    .text               mc_w.l(llshl.o)
    0x080002a0   0x080002a0   0x00000020   Code   RO         3479    .text               mc_w.l(llushr.o)
    0x080002c0   0x080002c0   0x00000000   Code   RO         3481    .text               mc_w.l(iusefp.o)
    0x080002c0   0x080002c0   0x0000014e   Code   RO         3482    .text               mf_w.l(dadd.o)
    0x0800040e   0x0800040e   0x000000e4   Code   RO         3484    .text               mf_w.l(dmul.o)
    0x080004f2   0x080004f2   0x000000de   Code   RO         3486    .text               mf_w.l(ddiv.o)
    0x080005d0   0x080005d0   0x00000030   Code   RO         3488    .text               mf_w.l(dfixul.o)
    0x08000600   0x08000600   0x00000030   Code   RO         3490    .text               mf_w.l(cdrcmple.o)
    0x08000630   0x08000630   0x00000024   Code   RO         3492    .text               mc_w.l(init.o)
    0x08000654   0x08000654   0x00000024   Code   RO         3494    .text               mc_w.l(llsshr.o)
    0x08000678   0x08000678   0x000000ba   Code   RO         3496    .text               mf_w.l(depilogue.o)
    0x08000732   0x08000732   0x00000004   Code   RO          682    i.BusFault_Handler  stm32f4xx_it.o
    0x08000736   0x08000736   0x00000002   PAD
    0x08000738   0x08000738   0x00000010   Code   RO          683    i.DMA1_Stream5_IRQHandler  stm32f4xx_it.o
    0x08000748   0x08000748   0x00000010   Code   RO          684    i.DMA1_Stream6_IRQHandler  stm32f4xx_it.o
    0x08000758   0x08000758   0x00000010   Code   RO          685    i.DMA2_Stream2_IRQHandler  stm32f4xx_it.o
    0x08000768   0x08000768   0x00000010   Code   RO          686    i.DMA2_Stream7_IRQHandler  stm32f4xx_it.o
    0x08000778   0x08000778   0x00000034   Code   RO         1352    i.DMA_CalcBaseAndBitshift  stm32f4xx_hal_dma.o
    0x080007ac   0x080007ac   0x000000aa   Code   RO         1353    i.DMA_CheckFifoParam  stm32f4xx_hal_dma.o
    0x08000856   0x08000856   0x0000002c   Code   RO         1354    i.DMA_SetConfig     stm32f4xx_hal_dma.o
    0x08000882   0x08000882   0x00000002   Code   RO          687    i.DebugMon_Handler  stm32f4xx_it.o
    0x08000884   0x08000884   0x00000006   Code   RO          346    i.Error_Handler     main.o
    0x0800088a   0x0800088a   0x000000ac   Code   RO         1355    i.HAL_DMA_Abort     stm32f4xx_hal_dma.o
    0x08000936   0x08000936   0x00000028   Code   RO         1356    i.HAL_DMA_Abort_IT  stm32f4xx_hal_dma.o
    0x0800095e   0x0800095e   0x00000002   PAD
    0x08000960   0x08000960   0x00000240   Code   RO         1360    i.HAL_DMA_IRQHandler  stm32f4xx_hal_dma.o
    0x08000ba0   0x08000ba0   0x000000ec   Code   RO         1361    i.HAL_DMA_Init      stm32f4xx_hal_dma.o
    0x08000c8c   0x08000c8c   0x00000092   Code   RO         1365    i.HAL_DMA_Start_IT  stm32f4xx_hal_dma.o
    0x08000d1e   0x08000d1e   0x00000002   PAD
    0x08000d20   0x08000d20   0x00000168   Code   RO         1245    i.HAL_GPIO_DeInit   stm32f4xx_hal_gpio.o
    0x08000e88   0x08000e88   0x000001f4   Code   RO         1248    i.HAL_GPIO_Init     stm32f4xx_hal_gpio.o
    0x0800107c   0x0800107c   0x0000000c   Code   RO         1252    i.HAL_GPIO_WritePin  stm32f4xx_hal_gpio.o
    0x08001088   0x08001088   0x0000000c   Code   RO         1785    i.HAL_GetTick       stm32f4xx_hal.o
    0x08001094   0x08001094   0x0000005e   Code   RO          818    i.HAL_IWDG_Init     stm32f4xx_hal_iwdg.o
    0x080010f2   0x080010f2   0x00000002   PAD
    0x080010f4   0x080010f4   0x00000018   Code   RO         1791    i.HAL_IncTick       stm32f4xx_hal.o
    0x0800110c   0x0800110c   0x0000003c   Code   RO         1792    i.HAL_Init          stm32f4xx_hal.o
    0x08001148   0x08001148   0x0000004c   Code   RO         1793    i.HAL_InitTick      stm32f4xx_hal.o
    0x08001194   0x08001194   0x00000048   Code   RO          794    i.HAL_MspInit       stm32f4xx_hal_msp.o
    0x080011dc   0x080011dc   0x00000044   Code   RO         1636    i.HAL_NVIC_DisableIRQ  stm32f4xx_hal_cortex.o
    0x08001220   0x08001220   0x00000020   Code   RO         1637    i.HAL_NVIC_EnableIRQ  stm32f4xx_hal_cortex.o
    0x08001240   0x08001240   0x0000007c   Code   RO         1643    i.HAL_NVIC_SetPriority  stm32f4xx_hal_cortex.o
    0x080012bc   0x080012bc   0x00000028   Code   RO         1644    i.HAL_NVIC_SetPriorityGrouping  stm32f4xx_hal_cortex.o
    0x080012e4   0x080012e4   0x000001a0   Code   RO          954    i.HAL_RCCEx_PeriphCLKConfig  stm32f4xx_hal_rcc_ex.o
    0x08001484   0x08001484   0x00000184   Code   RO          849    i.HAL_RCC_ClockConfig  stm32f4xx_hal_rcc.o
    0x08001608   0x08001608   0x0000000c   Code   RO          854    i.HAL_RCC_GetHCLKFreq  stm32f4xx_hal_rcc.o
    0x08001614   0x08001614   0x00000020   Code   RO          856    i.HAL_RCC_GetPCLK1Freq  stm32f4xx_hal_rcc.o
    0x08001634   0x08001634   0x00000020   Code   RO          857    i.HAL_RCC_GetPCLK2Freq  stm32f4xx_hal_rcc.o
    0x08001654   0x08001654   0x000000b0   Code   RO          858    i.HAL_RCC_GetSysClockFreq  stm32f4xx_hal_rcc.o
    0x08001704   0x08001704   0x0000049c   Code   RO          861    i.HAL_RCC_OscConfig  stm32f4xx_hal_rcc.o
    0x08001ba0   0x08001ba0   0x000000a4   Code   RO         2043    i.HAL_RTC_Init      stm32f4xx_hal_rtc.o
    0x08001c44   0x08001c44   0x0000003c   Code   RO          485    i.HAL_RTC_MspInit   rtc.o
    0x08001c80   0x08001c80   0x0000003a   Code   RO         2051    i.HAL_RTC_WaitForSynchro  stm32f4xx_hal_rtc.o
    0x08001cba   0x08001cba   0x000000c8   Code   RO         2443    i.HAL_SPI_Init      stm32f4xx_hal_spi.o
    0x08001d82   0x08001d82   0x00000002   PAD
    0x08001d84   0x08001d84   0x00000030   Code   RO          526    i.HAL_SPI_MspDeInit  spi.o
    0x08001db4   0x08001db4   0x00000088   Code   RO          527    i.HAL_SPI_MspInit   spi.o
    0x08001e3c   0x08001e3c   0x0000022a   Code   RO         2452    i.HAL_SPI_TransmitReceive  stm32f4xx_hal_spi.o
    0x08002066   0x08002066   0x00000034   Code   RO         1648    i.HAL_SYSTICK_Config  stm32f4xx_hal_cortex.o
    0x0800209a   0x0800209a   0x00000002   Code   RO         2801    i.HAL_UARTEx_RxEventCallback  stm32f4xx_hal_uart.o
    0x0800209c   0x0800209c   0x0000008a   Code   RO         2813    i.HAL_UART_DMAStop  stm32f4xx_hal_uart.o
    0x08002126   0x08002126   0x00000002   Code   RO         2815    i.HAL_UART_ErrorCallback  stm32f4xx_hal_uart.o
    0x08002128   0x08002128   0x000002e0   Code   RO         2818    i.HAL_UART_IRQHandler  stm32f4xx_hal_uart.o
    0x08002408   0x08002408   0x00000072   Code   RO         2819    i.HAL_UART_Init     stm32f4xx_hal_uart.o
    0x0800247a   0x0800247a   0x00000002   PAD
    0x0800247c   0x0800247c   0x00000224   Code   RO          583    i.HAL_UART_MspInit  usart.o
    0x080026a0   0x080026a0   0x00000042   Code   RO         2823    i.HAL_UART_Receive_DMA  stm32f4xx_hal_uart.o
    0x080026e2   0x080026e2   0x00000002   Code   RO         2825    i.HAL_UART_RxCpltCallback  stm32f4xx_hal_uart.o
    0x080026e4   0x080026e4   0x00000002   Code   RO         2826    i.HAL_UART_RxHalfCpltCallback  stm32f4xx_hal_uart.o
    0x080026e6   0x080026e6   0x00000002   Code   RO         2830    i.HAL_UART_TxCpltCallback  stm32f4xx_hal_uart.o
    0x080026e8   0x080026e8   0x00000004   Code   RO          688    i.HardFault_Handler  stm32f4xx_it.o
    0x080026ec   0x080026ec   0x00000088   Code   RO          430    i.MX_DMA_Init       dma.o
    0x08002774   0x08002774   0x00000218   Code   RO          406    i.MX_GPIO_Init      gpio.o
    0x0800298c   0x0800298c   0x00000028   Code   RO          454    i.MX_IWDG_Init      iwdg.o
    0x080029b4   0x080029b4   0x00000044   Code   RO          486    i.MX_RTC_Init       rtc.o
    0x080029f8   0x080029f8   0x00000044   Code   RO          528    i.MX_SPI1_Init      spi.o
    0x08002a3c   0x08002a3c   0x00000038   Code   RO          584    i.MX_USART1_UART_Init  usart.o
    0x08002a74   0x08002a74   0x00000038   Code   RO          585    i.MX_USART2_UART_Init  usart.o
    0x08002aac   0x08002aac   0x00000004   Code   RO          689    i.MemManage_Handler  stm32f4xx_it.o
    0x08002ab0   0x08002ab0   0x00000004   Code   RO          690    i.NMI_Handler       stm32f4xx_it.o
    0x08002ab4   0x08002ab4   0x00000002   Code   RO          691    i.PendSV_Handler    stm32f4xx_it.o
    0x08002ab6   0x08002ab6   0x0000004a   Code   RO         2054    i.RTC_EnterInitMode  stm32f4xx_hal_rtc.o
    0x08002b00   0x08002b00   0x0000002e   Code   RO         2055    i.RTC_ExitInitMode  stm32f4xx_hal_rtc.o
    0x08002b2e   0x08002b2e   0x00000002   PAD
    0x08002b30   0x08002b30   0x00000020   Code   RO          529    i.SPI1_ReadWriteByte  spi.o
    0x08002b50   0x08002b50   0x00000048   Code   RO          530    i.SPI1_SetSpeed     spi.o
    0x08002b98   0x08002b98   0x0000006c   Code   RO         2481    i.SPI_EndRxTxTransaction  stm32f4xx_hal_spi.o
    0x08002c04   0x08002c04   0x000000d8   Code   RO         2486    i.SPI_WaitFlagStateUntilTimeout  stm32f4xx_hal_spi.o
    0x08002cdc   0x08002cdc   0x00000002   Code   RO          692    i.SVC_Handler       stm32f4xx_it.o
    0x08002cde   0x08002cde   0x00000008   Code   RO          693    i.SysTick_Handler   stm32f4xx_it.o
    0x08002ce6   0x08002ce6   0x00000002   PAD
    0x08002ce8   0x08002ce8   0x000000b8   Code   RO          347    i.SystemClock_Config  main.o
    0x08002da0   0x08002da0   0x00000014   Code   RO         3158    i.SystemInit        system_stm32f4xx.o
    0x08002db4   0x08002db4   0x00000014   Code   RO         2832    i.UART_DMAAbortOnError  stm32f4xx_hal_uart.o
    0x08002dc8   0x08002dc8   0x00000050   Code   RO         2833    i.UART_DMAError     stm32f4xx_hal_uart.o
    0x08002e18   0x08002e18   0x000000b0   Code   RO         2834    i.UART_DMAReceiveCplt  stm32f4xx_hal_uart.o
    0x08002ec8   0x08002ec8   0x00000020   Code   RO         2836    i.UART_DMARxHalfCplt  stm32f4xx_hal_uart.o
    0x08002ee8   0x08002ee8   0x0000006c   Code   RO         2842    i.UART_EndRxTransfer  stm32f4xx_hal_uart.o
    0x08002f54   0x08002f54   0x00000020   Code   RO         2843    i.UART_EndTransmit_IT  stm32f4xx_hal_uart.o
    0x08002f74   0x08002f74   0x00000026   Code   RO         2844    i.UART_EndTxTransfer  stm32f4xx_hal_uart.o
    0x08002f9a   0x08002f9a   0x000000f8   Code   RO         2845    i.UART_Receive_IT   stm32f4xx_hal_uart.o
    0x08003092   0x08003092   0x00000002   PAD
    0x08003094   0x08003094   0x0000022c   Code   RO         2846    i.UART_SetConfig    stm32f4xx_hal_uart.o
    0x080032c0   0x080032c0   0x000000d0   Code   RO         2847    i.UART_Start_Receive_DMA  stm32f4xx_hal_uart.o
    0x08003390   0x08003390   0x00000060   Code   RO         2849    i.UART_Transmit_IT  stm32f4xx_hal_uart.o
    0x080033f0   0x080033f0   0x00000014   Code   RO          694    i.USART1_IRQHandler  stm32f4xx_it.o
    0x08003404   0x08003404   0x00000014   Code   RO          695    i.USART2_IRQHandler  stm32f4xx_it.o
    0x08003418   0x08003418   0x00000004   Code   RO          696    i.UsageFault_Handler  stm32f4xx_it.o
    0x0800341c   0x0800341c   0x00000054   Code   RO          587    i.Usart1_IDLE       usart.o
    0x08003470   0x08003470   0x00000054   Code   RO          589    i.Usart2_IDLE       usart.o
    0x080034c4   0x080034c4   0x0000009c   Code   RO          159    i.W25QXX_Init       w25qxx.o
    0x08003560   0x08003560   0x00000064   Code   RO          161    i.W25QXX_Read       w25qxx.o
    0x080035c4   0x080035c4   0x00000048   Code   RO          162    i.W25QXX_ReadID     w25qxx.o
    0x0800360c   0x0800360c   0x00000050   Code   RO          163    i.W25QXX_ReadSR     w25qxx.o
    0x0800365c   0x0800365c   0x00000020   Code   RO         3431    i.__0printf         mc_w.l(printfa.o)
    0x0800367c   0x0800367c   0x00000010   Code   RO         1650    i.__NVIC_GetPriorityGrouping  stm32f4xx_hal_cortex.o
    0x0800368c   0x0800368c   0x00000028   Code   RO         1651    i.__NVIC_SetPriority  stm32f4xx_hal_cortex.o
    0x080036b4   0x080036b4   0x0000000e   Code   RO         3500    i.__scatterload_copy  mc_w.l(handlers.o)
    0x080036c2   0x080036c2   0x00000002   Code   RO         3501    i.__scatterload_null  mc_w.l(handlers.o)
    0x080036c4   0x080036c4   0x0000000e   Code   RO         3502    i.__scatterload_zeroinit  mc_w.l(handlers.o)
    0x080036d2   0x080036d2   0x00000002   PAD
    0x080036d4   0x080036d4   0x00000184   Code   RO         3438    i._fp_digits        mc_w.l(printfa.o)
    0x08003858   0x08003858   0x000006dc   Code   RO         3439    i._printf_core      mc_w.l(printfa.o)
    0x08003f34   0x08003f34   0x00000024   Code   RO         3440    i._printf_post_padding  mc_w.l(printfa.o)
    0x08003f58   0x08003f58   0x0000002e   Code   RO         3441    i._printf_pre_padding  mc_w.l(printfa.o)
    0x08003f86   0x08003f86   0x00000002   PAD
    0x08003f88   0x08003f88   0x0000001c   Code   RO          591    i.fputc             usart.o
    0x08003fa4   0x08003fa4   0x0000003c   Code   RO          311    i.iap_interface_close_all_interrupt  sys.o
    0x08003fe0   0x08003fe0   0x0000001c   Code   RO          348    i.iap_interface_load_app  main.o
    0x08003ffc   0x08003ffc   0x00000100   Code   RO          349    i.main              main.o
    0x080040fc   0x080040fc   0x00000008   Data   RO         1367    .constdata          stm32f4xx_hal_dma.o
    0x08004104   0x08004104   0x00000018   Data   RO         3159    .constdata          system_stm32f4xx.o
    0x0800411c   0x0800411c   0x00000020   Data   RO         3498    Region$$Table       anon$$obj.o


    Execution Region RW_IRAM1 (Exec base: 0x20000000, Load base: 0x0800413c, Size: 0x00000cb8, Max: 0x0001c000, ABSOLUTE)

    Exec Addr    Load Addr    Size         Type   Attr      Idx    E Section Name        Object

    0x20000000   0x0800413c   0x00000008   Data   RW          174    .data               w25qxx.o
    0x20000008   0x08004144   0x00000004   Data   RW          350    .data               main.o
    0x2000000c   0x08004148   0x00000009   Data   RW          593    .data               usart.o
    0x20000015   0x08004151   0x00000003   PAD
    0x20000018   0x08004154   0x00000009   Data   RW         1799    .data               stm32f4xx_hal.o
    0x20000021   0x0800415d   0x00000003   PAD
    0x20000024   0x08004160   0x00000004   Data   RW         3160    .data               system_stm32f4xx.o
    0x20000028        -       0x0000000c   Zero   RW          455    .bss                iwdg.o
    0x20000034        -       0x00000020   Zero   RW          487    .bss                rtc.o
    0x20000054        -       0x00000058   Zero   RW          531    .bss                spi.o
    0x200000ac        -       0x00000408   Zero   RW          592    .bss                usart.o
    0x200004b4   0x08004164   0x00000004   PAD
    0x200004b8        -       0x00000800   Zero   RW            1    STACK               startup_stm32f407xx.o


    Execution Region RW_IRAM2 (Exec base: 0x2001c000, Load base: 0x08004164, Size: 0x00000000, Max: 0x00004000, ABSOLUTE)

    **** No section assigned to this execution region ****


==============================================================================

Image component sizes


      Code (inc. data)   RO Data    RW Data    ZI Data      Debug   Object Name

         0          0          0          0          0     676996   delay.o
       136          6          0          0          0        834   dma.o
       536         34          0          0          0       1299   gpio.o
        40          8          0          0         12        695   iwdg.o
       474        120          0          4          0       3184   main.o
       128         20          0          0         32       1619   rtc.o
       356         46          0          0         88       3306   spi.o
        36          8        392          0       2048        840   startup_stm32f407xx.o
       172         32          0          9          0       8773   stm32f4xx_hal.o
       372         28          0          0          0      35213   stm32f4xx_hal_cortex.o
      1436         16          8          0          0       7046   stm32f4xx_hal_dma.o
       872         86          0          0          0       3010   stm32f4xx_hal_gpio.o
        94          0          0          0          0       1272   stm32f4xx_hal_iwdg.o
        72          4          0          0          0        862   stm32f4xx_hal_msp.o
      1820         84          0          0          0       5636   stm32f4xx_hal_rcc.o
       416         20          0          0          0       1408   stm32f4xx_hal_rcc_ex.o
       342          4          0          0          0       3283   stm32f4xx_hal_rtc.o
      1078         14          0          0          0       4677   stm32f4xx_hal_spi.o
      2658         26          0          0          0      15509   stm32f4xx_hal_uart.o
       138         36          0          0          0       7294   stm32f4xx_it.o
        76          4          0          0          0       1028   sys.o
        20          6         24          4          0       1139   system_stm32f4xx.o
       856         98          0          9       1032       6112   usart.o
       408         46          0          8          0       5298   w25qxx.o

    ----------------------------------------------------------------------
     12554        746        456         40       3216     796333   Object Totals
         0          0         32          0          0          0   (incl. Generated)
        18          0          0          6          4          0   (incl. Padding)

    ----------------------------------------------------------------------

      Code (inc. data)   RO Data    RW Data    ZI Data      Debug   Library Member Name

         0          0          0          0          0          0   entry.o
         0          0          0          0          0          0   entry10a.o
         0          0          0          0          0          0   entry11a.o
         8          4          0          0          0          0   entry2.o
         4          0          0          0          0          0   entry5.o
         0          0          0          0          0          0   entry7b.o
         0          0          0          0          0          0   entry8b.o
         8          4          0          0          0          0   entry9a.o
        30          0          0          0          0          0   handlers.o
        36          8          0          0          0         68   init.o
         0          0          0          0          0          0   iusefp.o
        30          0          0          0          0         68   llshl.o
        36          0          0          0          0         68   llsshr.o
        32          0          0          0          0         68   llushr.o
        36          0          0          0          0        108   memseta.o
      2258         90          0          0          0        452   printfa.o
        44          0          0          0          0         80   uidiv.o
        98          0          0          0          0         92   uldiv.o
        48          0          0          0          0         68   cdrcmple.o
       334          0          0          0          0        148   dadd.o
       222          0          0          0          0        100   ddiv.o
       186          0          0          0          0        176   depilogue.o
        48          0          0          0          0         68   dfixul.o
       228          0          0          0          0         96   dmul.o

    ----------------------------------------------------------------------
      3690        106          0          0          0       1660   Library Totals
         4          0          0          0          0          0   (incl. Padding)

    ----------------------------------------------------------------------

      Code (inc. data)   RO Data    RW Data    ZI Data      Debug   Library Name

      2620        106          0          0          0       1004   mc_w.l
      1066          0          0          0          0        656   mf_w.l

    ----------------------------------------------------------------------
      3690        106          0          0          0       1660   Library Totals

    ----------------------------------------------------------------------

==============================================================================


      Code (inc. data)   RO Data    RW Data    ZI Data      Debug   

     16244        852        456         40       3216     787965   Grand Totals
     16244        852        456         40       3216     787965   ELF Image Totals
     16244        852        456         40          0          0   ROM Totals

==============================================================================

    Total RO  Size (Code + RO Data)                16700 (  16.31kB)
    Total RW  Size (RW Data + ZI Data)              3256 (   3.18kB)
    Total ROM Size (Code + RO Data + RW Data)      16740 (  16.35kB)

==============================================================================

